 dealImg

 Timestamp is 5743fd61 (Tue May 24 15:06:09 2016)

 Preferred load address is 0000000180000000

 Start         Length     Name                   Class
 0001:00000000 000001e0H .text                   CODE
 0001:000001e0 00000150H .text$di                CODE
 0001:00000330 000330b0H .text$mn                CODE
 0001:000333e0 00000020H .text$mn$00             CODE
 0001:00033400 000004d0H .text$x                 CODE
 0001:000338d0 000001b0H .text$yd                CODE
 0002:00000000 00000478H .idata$5                DATA
 0002:00000478 00000010H .00cfg                  DATA
 0002:00000488 00000008H .CRT$XCA                DATA
 0002:00000490 00000038H .CRT$XCC                DATA
 0002:000004c8 00000018H .CRT$XCL                DATA
 0002:000004e0 00000010H .CRT$XCU                DATA
 0002:000004f0 00000008H .CRT$XCZ                DATA
 0002:000004f8 00000008H .CRT$XIA                DATA
 0002:00000500 00000030H .CRT$XIC                DATA
 0002:00000530 00000008H .CRT$XIZ                DATA
 0002:00000538 00000008H .CRT$XLA                DATA
 0002:00000540 00000008H .CRT$XLZ                DATA
 0002:00000548 00000008H .CRT$XPA                DATA
 0002:00000550 00000010H .CRT$XPX                DATA
 0002:00000560 00000008H .CRT$XPXA               DATA
 0002:00000568 00000008H .CRT$XPZ                DATA
 0002:00000570 00000008H .CRT$XTA                DATA
 0002:00000578 00000008H .CRT$XTZ                DATA
 0002:00000580 00012698H .rdata                  DATA
 0002:00012c18 00000028H .rdata$T                DATA
 0002:00012c40 00000f48H .rdata$r                DATA
 0002:00013b88 00000010H .rdata$zETW0            DATA
 0002:00013b98 00000077H .rdata$zETW1            DATA
 0002:00013c0f 0000002cH .rdata$zETW2            DATA
 0002:00013c3b 00000001H .rdata$zETW9            DATA
 0002:00013c3c 0000050cH .rdata$zzzdbg           DATA
 0002:00014148 00000008H .rtc$IAA                DATA
 0002:00014150 00000008H .rtc$IZZ                DATA
 0002:00014158 00000008H .rtc$TAA                DATA
 0002:00014160 00000010H .rtc$TZZ                DATA
 0002:00014170 00003068H .xdata                  DATA
 0002:000171d8 000002a8H .xdata$x                DATA
 0002:00017480 00000000H ATL$__a                 DATA
 0002:00017480 00000000H ATL$__z                 DATA
 0002:00017480 00000020H .didat$2                DATA
 0002:000174a0 00000020H .didat$3                DATA
 0002:000174c0 00000140H .didat$4                DATA
 0002:00017600 000009b8H .didat$6                DATA
 0002:00017fb8 00000148H .didat$7                DATA
 0002:00018100 00000050H .edata                  DATA
 0002:00018150 0000008cH .idata$2                DATA
 0002:000181dc 00000014H .idata$3                DATA
 0002:000181f0 00000478H .idata$4                DATA
 0002:00018668 00000a88H .idata$6                DATA
 0003:00000000 00000bf0H .data                   DATA
 0003:00000bf0 00000590H .data$r                 DATA
 0003:00001180 00000140H .didat$5                DATA
 0003:000012c0 00001aa4H .bss                    DATA
 0004:00000000 00003000H .pdata                  DATA
 0005:00000000 000000b8H .gfids$x                DATA
 0005:000000b8 000001f4H .gfids$y                DATA
 0006:00000000 00000004H .tls                    DATA
 0006:00000004 00000004H .tls$                   DATA
 0006:00000008 00000001H .tls$ZZZ                DATA
 0007:00000000 00000060H .rsrc$01                DATA
 0007:00000060 00000180H .rsrc$02                DATA

  Address         Publics by Value              Rva+Base               Lib:Object

 0000:00000000       __guard_iat_table          0000000000000000     <absolute>
 0000:00000000       __dynamic_value_reloc_table 0000000000000000     <absolute>
 0000:00000000       __guard_iat_count          0000000000000000     <absolute>
 0000:00000000       __guard_longjmp_table      0000000000000000     <absolute>
 0000:00000000       __guard_longjmp_count      0000000000000000     <absolute>
 0000:00000000       __guard_fids_count         0000000000000000     <absolute>
 0000:00000000       ___safe_se_handler_table   0000000000000000     <absolute>
 0000:00000000       ___safe_se_handler_count   0000000000000000     <absolute>
 0000:00000000       __guard_fids_table         0000000000000000     <absolute>
 0000:00000100       __guard_flags              0000000000000100     <absolute>
 0000:00000000       __ImageBase                0000000180000000     <linker-defined>
 0001:00000000       ?TraceLoggingRegister@__vcrt_trace_logging_provider@@YAJPEBU_TlgProvider_t@1@PEBU_GUID@@P6AX1KE_K2PEAU_EVENT_FILTER_DESCRIPTOR@@PEAX@Z4@Z 0000000180001000 f i libvcruntime:telemetry.obj
 0001:0000007c       ?_TlgEnableCallback@__vcrt_trace_logging_provider@@YAXPEBU_GUID@@KE_K1PEAU_EVENT_FILTER_DESCRIPTOR@@PEAX@Z 000000018000107c f i libvcruntime:telemetry.obj
 0001:00000140       ?_TlgWrite@__vcrt_trace_logging_provider@@YAJPEBU_TlgProvider_t@1@PEFBXPEBU_GUID@@2IPEAU_EVENT_DATA_DESCRIPTOR@@@Z 0000000180001140 f i libvcruntime:telemetry.obj
 0001:00000330       ?_AtlInitializeCriticalSectionEx@ATL@@YAHPEAU_RTL_CRITICAL_SECTION@@KK@Z 0000000180001330 f i addon.obj
 0001:00000340       ?Img@dealImg@@YAXAEBV?$FunctionCallbackInfo@VValue@v8@@@v8@@@Z 0000000180001340 f   addon.obj
 0001:00000350       ?InitAll@dealImg@@YAXV?$Local@VObject@v8@@@v8@@0@Z 0000000180001350 f   addon.obj
 0001:00000420       ?OnBeforeProcess@FCImageEffect@@UEAAXAEAVFCObjImage@@@Z 0000000180001420 f i dealImg.obj
 0001:00000420       ?OnFinishPixel@FCEffectBlur_Gauss@@MEAAXAEAVFCObjImage@@HHPEAE@Z 0000000180001420 f i dealImg.obj
 0001:00000420       __except_validate_context_record 0000000180001420 f i libvcruntime:jbcxrval.obj
 0001:00000420       ?_Unlock@?$basic_streambuf@DU?$char_traits@D@std@@@std@@UEAAXXZ 0000000180001420 f i libcpmt:cout.obj
 0001:00000420       ?imbue@?$basic_streambuf@DU?$char_traits@D@std@@@std@@MEAAXAEBVlocale@2@@Z 0000000180001420 f i libcpmt:cout.obj
 0001:00000420       ?ProcessPixel@FCImageEffect@@UEAAXAEAVFCObjImage@@HHPEAE@Z 0000000180001420 f i dealImg.obj
 0001:00000420       ?_Doraise@exception@stdext@@MEBAXXZ 0000000180001420 f i dealImg.obj
 0001:00000420       ?ProcessWholeImage@FCImageEffect@@UEAAXAEAVFCObjImage@@PEAVFCProgressObserver@@@Z 0000000180001420 f i dealImg.obj
 0001:00000420       ?__global_delete@@YAXPEAX_K@Z 0000000180001420 f i * CIL library *:* CIL module *
 0001:00000420       ?_Lock@?$basic_streambuf@DU?$char_traits@D@std@@@std@@UEAAXXZ 0000000180001420 f i libcpmt:cout.obj
 0001:00000420       _guard_check_icall_nop     0000000180001420 f i LIBCMT:guard_support.obj
 0001:00000420       ?__empty_global_delete@@YAXPEAX_K@Z 0000000180001420 f i addon.obj
 0001:00000430       ?what@exception@stdext@@UEBAPEBDXZ 0000000180001430 f i dealImg.obj
 0001:00000450       ??_Gruntime_error@std@@UEAAPEAXI@Z 0000000180001450 f i dealImg.obj
 0001:00000450       ??_Eruntime_error@std@@UEAAPEAXI@Z 0000000180001450 f i * CIL library *:* CIL module *
 0001:00000450       ??_Gexception@stdext@@UEAAPEAXI@Z 0000000180001450 f i dealImg.obj
 0001:00000450       ??_Eexception@stdext@@UEAAPEAXI@Z 0000000180001450 f i * CIL library *:* CIL module *
 0001:00000480       __local_stdio_printf_options 0000000180001480 f i dealImg.obj
 0001:00000490       ?_Deallocate@std@@YAXPEAX_K1@Z 0000000180001490 f i dealImg.obj
 0001:00000500       ??0_Locinfo@std@@QEAA@PEBD@Z 0000000180001500 f i dealImg.obj
 0001:000005c0       ??1_Locinfo@std@@QEAA@XZ   00000001800015c0 f i dealImg.obj
 0001:00000660       ??_E_Facet_base@std@@UEAAPEAXI@Z 0000000180001660 f i * CIL library *:* CIL module *
 0001:00000660       ??_G_Facet_base@std@@UEAAPEAXI@Z 0000000180001660 f i dealImg.obj
 0001:00000690       ?_Incref@facet@locale@std@@UEAAXXZ 0000000180001690 f i dealImg.obj
 0001:000006a0       ?_Decref@facet@locale@std@@UEAAPEAV_Facet_base@3@XZ 00000001800016a0 f i dealImg.obj
 0001:000006b0       ?_Getcat@?$ctype@D@std@@SA_KPEAPEBVfacet@locale@2@PEBV42@@Z 00000001800016b0 f i dealImg.obj
 0001:00000770       ?do_tolower@?$ctype@D@std@@MEBADD@Z 0000000180001770 f i dealImg.obj
 0001:00000780       ?do_tolower@?$ctype@D@std@@MEBAPEBDPEADPEBD@Z 0000000180001780 f i dealImg.obj
 0001:000007e0       ?do_toupper@?$ctype@D@std@@MEBADD@Z 00000001800017e0 f i dealImg.obj
 0001:000007f0       ?do_toupper@?$ctype@D@std@@MEBAPEBDPEADPEBD@Z 00000001800017f0 f i dealImg.obj
 0001:00000850       ?do_widen@?$ctype@D@std@@MEBADD@Z 0000000180001850 f i dealImg.obj
 0001:00000850       ?do_narrow@?$ctype@D@std@@MEBADDD@Z 0000000180001850 f i dealImg.obj
 0001:00000860       ?do_widen@?$ctype@D@std@@MEBAPEBDPEBD0PEAD@Z 0000000180001860 f i dealImg.obj
 0001:00000880       ?do_narrow@?$ctype@D@std@@MEBAPEBDPEBD0DPEAD@Z 0000000180001880 f i dealImg.obj
 0001:000008a0       ??_G?$ctype@D@std@@MEAAPEAXI@Z 00000001800018a0 f i dealImg.obj
 0001:000008a0       ??_E?$ctype@D@std@@MEAAPEAXI@Z 00000001800018a0 f i * CIL library *:* CIL module *
 0001:00000910       ??_E_Iostream_error_category@std@@UEAAPEAXI@Z 0000000180001910 f i * CIL library *:* CIL module *
 0001:00000910       ??_Eerror_category@std@@UEAAPEAXI@Z 0000000180001910 f i * CIL library *:* CIL module *
 0001:00000910       ??_Gerror_category@std@@UEAAPEAXI@Z 0000000180001910 f i dealImg.obj
 0001:00000910       ??_G_Iostream_error_category@std@@UEAAPEAXI@Z 0000000180001910 f i dealImg.obj
 0001:00000940       ?default_error_condition@error_category@std@@UEBA?AVerror_condition@2@H@Z 0000000180001940 f i dealImg.obj
 0001:00000950       ?equivalent@error_category@std@@UEBA_NHAEBVerror_condition@2@@Z 0000000180001950 f i dealImg.obj
 0001:000009b0       ?equivalent@error_category@std@@UEBA_NAEBVerror_code@2@H@Z 00000001800019b0 f i dealImg.obj
 0001:000009d0       ??0_System_error@std@@IEAA@Verror_code@1@AEBV?$basic_string@DU?$char_traits@D@std@@V?$allocator@D@2@@1@@Z 00000001800019d0 f i dealImg.obj
 0001:00000c10       ??_Efailure@ios_base@std@@UEAAPEAXI@Z 0000000180001c10 f i * CIL library *:* CIL module *
 0001:00000c10       ??_G_System_error@std@@UEAAPEAXI@Z 0000000180001c10 f i dealImg.obj
 0001:00000c10       ??_Gfailure@ios_base@std@@UEAAPEAXI@Z 0000000180001c10 f i dealImg.obj
 0001:00000c10       ??_E_System_error@std@@UEAAPEAXI@Z 0000000180001c10 f i * CIL library *:* CIL module *
 0001:00000c40       ?name@_Iostream_error_category@std@@UEBAPEBDXZ 0000000180001c40 f i dealImg.obj
 0001:00000c50       ?message@_Iostream_error_category@std@@UEBA?AV?$basic_string@DU?$char_traits@D@std@@V?$allocator@D@2@@2@H@Z 0000000180001c50 f i dealImg.obj
 0001:00000cd0       ?clear@ios_base@std@@QEAAXH_N@Z 0000000180001cd0 f i dealImg.obj
 0001:00001080       ?NODE_SET_PROTOTYPE_METHOD@node@@YAXV?$Local@VFunctionTemplate@v8@@@v8@@PEBDP6AXAEBV?$FunctionCallbackInfo@VValue@v8@@@3@@Z@Z 0000000180002080 f i dealImg.obj
 0001:000011a0       ??1ObjectWrap@node@@UEAA@XZ 00000001800021a0 f i dealImg.obj
 0001:00001210       ?Wrap@ObjectWrap@node@@IEAAXV?$Local@VObject@v8@@@v8@@@Z 0000000180002210 f i dealImg.obj
 0001:000012e0       ?Ref@ObjectWrap@node@@MEAAXXZ 00000001800022e0 f i dealImg.obj
 0001:00001320       ?Unref@ObjectWrap@node@@MEAAXXZ 0000000180002320 f i dealImg.obj
 0001:000013d0       ?WeakCallback@ObjectWrap@node@@CAXAEBV?$WeakCallbackData@VObject@v8@@VObjectWrap@node@@@v8@@@Z 00000001800023d0 f i dealImg.obj
 0001:000014e0       ??_GObjectWrap@node@@UEAAPEAXI@Z 00000001800024e0 f i dealImg.obj
 0001:000014e0       ??_EObjectWrap@node@@UEAAPEAXI@Z 00000001800024e0 f i * CIL library *:* CIL module *
 0001:00001520       ??_EImage@Gdiplus@@UEAAPEAXI@Z 0000000180002520 f i * CIL library *:* CIL module *
 0001:00001520       ??_GBitmap@Gdiplus@@UEAAPEAXI@Z 0000000180002520 f i dealImg.obj
 0001:00001520       ??_GImage@Gdiplus@@UEAAPEAXI@Z 0000000180002520 f i dealImg.obj
 0001:00001520       ??_EBitmap@Gdiplus@@UEAAPEAXI@Z 0000000180002520 f i * CIL library *:* CIL module *
 0001:00001580       ?Clone@Image@Gdiplus@@UEAAPEAV12@XZ 0000000180002580 f i dealImg.obj
 0001:000015e0       ?FClamp0255@@YAEH@Z        00000001800025e0 f i dealImg.obj
 0001:00001600       ?DrawBitmap@FCImageDrawDC@@SAXPEAUHDC__@@UtagRECT@@PEAUHBITMAP__@@PEAU3@@Z 0000000180002600 f i dealImg.obj
 0001:00001790       ?AlphaBlendPixel@FCColor@@SAXPEAXUtagRGBQUAD@@@Z 0000000180002790 f i dealImg.obj
 0001:00001860       ?RGBtoHLS@FCColor@@SAXPEBXAEAN11@Z 0000000180002860 f i dealImg.obj
 0001:00001a50       ?HLStoRGB@FCColor@@SA?AUtagRGBQUAD@@NNN@Z 0000000180002a50 f i dealImg.obj
 0001:00001b60       ?RGBtoHSV@FCColor@@SAXPEBXAEAN11@Z 0000000180002b60 f i dealImg.obj
 0001:00001d20       ?HSVtoRGB@FCColor@@SA?AUtagRGBQUAD@@NNN@Z 0000000180002d20 f i dealImg.obj
 0001:00001e90       ?GetBilinear@FCColor@@SA?AUtagRGBQUAD@@NNHQEAPEAE@Z 0000000180002e90 f i dealImg.obj
 0001:000021e0       ?HLS_Value@FCColor@@CANNNN@Z 00000001800031e0 f i dealImg.obj
 0001:00002260       ?DoubleRGB_to_RGB@FCColor@@CA?AUtagRGBQUAD@@NNN@Z 0000000180003260 f i dealImg.obj
 0001:000022e0       ??_EFCObjGraph@@UEAAPEAXI@Z 00000001800032e0 f i * CIL library *:* CIL module *
 0001:000022e0       ??_GFCObjGraph@@UEAAPEAXI@Z 00000001800032e0 f i dealImg.obj
 0001:00002310       ??_EFCImageProperty@@UEAAPEAXI@Z 0000000180003310 f i * CIL library *:* CIL module *
 0001:00002310       ??_GFCImageProperty@@UEAAPEAXI@Z 0000000180003310 f i dealImg.obj
 0001:000023a0       ?LoadImageFile@FCImageCodec@@UEAA_NPEB_WAEAV?$vector@PEAVFCObjImage@@V?$allocator@PEAVFCObjImage@@@std@@@std@@AEAVFCImageProperty@@@Z 00000001800033a0 f i dealImg.obj
 0001:000023d0       ?LoadImageMemory@FCImageCodec@@UEAA_NPEBXHAEAV?$vector@PEAVFCObjImage@@V?$allocator@PEAVFCObjImage@@@std@@@std@@AEAVFCImageProperty@@@Z 00000001800033d0 f i dealImg.obj
 0001:00002400       ?SaveImageFile@FCImageCodec@@UEAA_NPEB_WAEBV?$vector@PEBVFCObjImage@@V?$allocator@PEBVFCObjImage@@@std@@@std@@AEBVFCImageProperty@@@Z 0000000180003400 f i dealImg.obj
 0001:00002430       ??_GFCImageCodec@@UEAAPEAXI@Z 0000000180003430 f i dealImg.obj
 0001:00002430       ??_EFCImageCodec@@UEAAPEAXI@Z 0000000180003430 f i * CIL library *:* CIL module *
 0001:00002460       ?QueryImageFileType@FCImageCodecFactory@@UEAA?AW4IMAGE_TYPE@@PEB_W@Z 0000000180003460 f i dealImg.obj
 0001:00002470       ?GetTypeByFileExt@FCImageCodecFactory@@SA?AW4IMAGE_TYPE@@PEB_W@Z 0000000180003470 f i dealImg.obj
 0001:00002b20       ??_EFCImageCodecFactory@@UEAAPEAXI@Z 0000000180003b20 f i * CIL library *:* CIL module *
 0001:00002b20       ??_GFCImageCodecFactory_Gdiplus@@UEAAPEAXI@Z 0000000180003b20 f i dealImg.obj
 0001:00002b20       ??_EFCImageCodecFactory_Gdiplus@@UEAAPEAXI@Z 0000000180003b20 f i * CIL library *:* CIL module *
 0001:00002b20       ??_GFCImageCodecFactory@@UEAAPEAXI@Z 0000000180003b20 f i dealImg.obj
 0001:00002b50       ?do_max_length@codecvt_base@std@@MEBAHXZ 0000000180003b50 f i libcpmt:cout.obj
 0001:00002b50       _get_startup_argv_mode     0000000180003b50 f i LIBCMT:argv_mode.obj
 0001:00002b50       ?do_encoding@codecvt_base@std@@MEBAHXZ 0000000180003b50 f i libcpmt:cout.obj
 0001:00002b50       ?QueryProcessType@FCImageEffect@@UEAA?AW4PROCESS_TYPE@1@XZ 0000000180003b50 f i dealImg.obj
 0001:00002b50       DllMain                    0000000180003b50 f i LIBCMT:dll_dllmain_stub.obj
 0001:00002b60       ??_EFCEffectGrayscale@@UEAAPEAXI@Z 0000000180003b60 f i * CIL library *:* CIL module *
 0001:00002b60       ??_EFCImageEffect@@UEAAPEAXI@Z 0000000180003b60 f i * CIL library *:* CIL module *
 0001:00002b60       ??_GFCEffectGrayscale@@UEAAPEAXI@Z 0000000180003b60 f i dealImg.obj
 0001:00002b60       ??_GFCImageEffect@@UEAAPEAXI@Z 0000000180003b60 f i dealImg.obj
 0001:00002b90       ?Save@FCObjImage@@QEBA_NPEB_WH@Z 0000000180003b90 f i dealImg.obj
 0001:00002c90       ??_GFCObjImage@@UEAAPEAXI@Z 0000000180003c90 f i dealImg.obj
 0001:00002c90       ??_EFCObjImage@@UEAAPEAXI@Z 0000000180003c90 f i * CIL library *:* CIL module *
 0001:00002d20       ?AllocPixelBuffer@FCObjImage@@AEAAXXZ 0000000180003d20 f i dealImg.obj
 0001:00002ec0       ?Create@FCObjImage@@QEAA_NHHH@Z 0000000180003ec0 f i dealImg.obj
 0001:00003090       ?Destroy@FCObjImage@@QEAAXXZ 0000000180004090 f i dealImg.obj
 0001:000030f0       ?GetBits@FCObjImage@@QEBAPEAEHH@Z 00000001800040f0 f i dealImg.obj
 0001:00003170       ?SetColorTable@FCObjImage@@QEAAXQEBUtagRGBQUAD@@@Z 0000000180004170 f i dealImg.obj
 0001:00003290       ?ConvertToTrueColor@FCObjImage@@AEAAXH@Z 0000000180004290 f i dealImg.obj
 0001:00003590       ??4FCObjImage@@QEAAAEAV0@AEBV0@@Z 0000000180004590 f i dealImg.obj
 0001:00003710       ?Load@FCObjImage@@SA_NPEB_WAEAV?$vector@PEAVFCObjImage@@V?$allocator@PEAVFCObjImage@@@std@@@std@@PEAVFCImageProperty@@@Z 0000000180004710 f i dealImg.obj
 0001:00003890       ?Load@FCObjImage@@QEAA_NPEB_WPEAVFCImageProperty@@@Z 0000000180004890 f i dealImg.obj
 0001:00003990       ?Save@FCObjImage@@QEBA_NPEB_WAEBVFCImageProperty@@@Z 0000000180004990 f i dealImg.obj
 0001:00003b40       ?ApplyEffect@FCObjImage@@QEAAXAEAVFCImageEffect@@PEAVFCProgressObserver@@@Z 0000000180004b40 f i dealImg.obj
 0001:00003ca0       ?CreateBitmap@FCObjImage@@QEBAPEAVBitmap@Gdiplus@@H@Z 0000000180004ca0 f i dealImg.obj
 0001:00004070       ?FromBitmap@FCObjImage@@QEAA_NAEAVBitmap@Gdiplus@@@Z 0000000180005070 f i dealImg.obj
 0001:00004370       ?Draw@FCObjImage@@QEBAXPEAUHDC__@@UtagRECT@@PEAU3@@Z 0000000180005370 f i dealImg.obj
 0001:00004500       ??_GFCAutoInitGDIPlus@@UEAAPEAXI@Z 0000000180005500 f i dealImg.obj
 0001:00004500       ??_EFCAutoInitGDIPlus@@UEAAPEAXI@Z 0000000180005500 f i * CIL library *:* CIL module *
 0001:00004550       ??0FCImageCodec_Gdiplus@@QEAA@XZ 0000000180005550 f i dealImg.obj
 0001:000045e0       ?CreateBitmapFromMemory@FCImageCodec_Gdiplus@@SAPEAVBitmap@Gdiplus@@PEBX_K@Z 00000001800055e0 f i dealImg.obj
 0001:00004660       ?GetPropertyFromBitmap@FCImageCodec_Gdiplus@@SAXAEAVBitmap@Gdiplus@@AEAVFCImageProperty@@@Z 0000000180005660 f i dealImg.obj
 0001:00004aa0       ?AddPropertyToBitmap@FCImageCodec_Gdiplus@@SAXAEBVFCImageProperty@@AEAVBitmap@Gdiplus@@@Z 0000000180005aa0 f i dealImg.obj
 0001:00005270       ?LoadImageFile@FCImageCodec_Gdiplus@@EEAA_NPEB_WAEAV?$vector@PEAVFCObjImage@@V?$allocator@PEAVFCObjImage@@@std@@@std@@AEAVFCImageProperty@@@Z 0000000180006270 f i dealImg.obj
 0001:000052e0       ?LoadImageMemory@FCImageCodec_Gdiplus@@EEAA_NPEBXHAEAV?$vector@PEAVFCObjImage@@V?$allocator@PEAVFCObjImage@@@std@@@std@@AEAVFCImageProperty@@@Z 00000001800062e0 f i dealImg.obj
 0001:00005340       ?StoreMultiFrame@FCImageCodec_Gdiplus@@CA_NAEAVBitmap@Gdiplus@@AEAV?$vector@PEAVFCObjImage@@V?$allocator@PEAVFCObjImage@@@std@@@std@@AEAVFCImageProperty@@@Z 0000000180006340 f i dealImg.obj
 0001:00005670       ?SaveImageFile@FCImageCodec_Gdiplus@@EEAA_NPEB_WAEBV?$vector@PEBVFCObjImage@@V?$allocator@PEBVFCObjImage@@@std@@@std@@AEBVFCImageProperty@@@Z 0000000180006670 f i dealImg.obj
 0001:000057d0       ?CreateStreamFromMemory@FCImageCodec_Gdiplus@@CAPEAUIStream@@PEBX_K@Z 00000001800067d0 f i dealImg.obj
 0001:00005870       ?GetImageEncoderClsid@FCImageCodec_Gdiplus@@CAHW4IMAGE_TYPE@@AEAU_GUID@@@Z 0000000180006870 f i dealImg.obj
 0001:00005aa0       ??_GFCImageCodec_Gdiplus@@UEAAPEAXI@Z 0000000180006aa0 f i dealImg.obj
 0001:00005aa0       ??_EFCImageCodec_Gdiplus@@UEAAPEAXI@Z 0000000180006aa0 f i * CIL library *:* CIL module *
 0001:00005af0       ?CreateImageCodec@FCImageCodecFactory_Gdiplus@@EEAAPEAVFCImageCodec@@W4IMAGE_TYPE@@@Z 0000000180006af0 f i dealImg.obj
 0001:00005b60       ?DivideWeight@FCEffectBlur_Gauss@@CAXAEAV?$vector@NV?$allocator@N@std@@@std@@@Z 0000000180006b60 f i dealImg.obj
 0001:00005c10       ?MakeKernel@FCEffectBlur_Gauss@@AEAAXN@Z 0000000180006c10 f i dealImg.obj
 0001:00005da0       ?BlurOnePixel@FCEffectBlur_Gauss@@AEAAXPEAEPEBUtagRGBQUAD@@@Z 0000000180006da0 f i dealImg.obj
 0001:00005fc0       ?FillPadding@FCEffectBlur_Gauss@@AEAAXAEAPEAUtagRGBQUAD@@PEBX@Z 0000000180006fc0 f i dealImg.obj
 0001:000060b0       ?HorizonGetLine@FCEffectBlur_Gauss@@AEAAXAEAVFCObjImage@@HPEAUtagRGBQUAD@@@Z 00000001800070b0 f i dealImg.obj
 0001:000062d0       ?VerticalGetLine@FCEffectBlur_Gauss@@AEAAXAEAVFCObjImage@@HPEAUtagRGBQUAD@@@Z 00000001800072d0 f i dealImg.obj
 0001:000064f0       ?BlurVertical@FCEffectBlur_Gauss@@AEAAXAEAVFCObjImage@@PEAVFCProgressObserver@@@Z 00000001800074f0 f i dealImg.obj
 0001:00006620       ?BlurHorizon@FCEffectBlur_Gauss@@AEAAXAEAVFCObjImage@@PEAVFCProgressObserver@@@Z 0000000180007620 f i dealImg.obj
 0001:000067b0       ?QueryProcessType@FCEffectBlur_Gauss@@EEAA?AW4PROCESS_TYPE@FCImageEffect@@XZ 00000001800077b0 f i dealImg.obj
 0001:000067b0       ?sync@?$basic_streambuf@DU?$char_traits@D@std@@@std@@MEAAHXZ 00000001800077b0 f i libcpmt:cout.obj
 0001:000067b0       ?showmanyc@?$basic_streambuf@DU?$char_traits@D@std@@@std@@MEAA_JXZ 00000001800077b0 f i libcpmt:cout.obj
 0001:000067c0       ?ProcessWholeImage@FCEffectBlur_Gauss@@EEAAXAEAVFCObjImage@@PEAVFCProgressObserver@@@Z 00000001800077c0 f i dealImg.obj
 0001:00006860       ??_EFCEffectBlur_Gauss@@UEAAPEAXI@Z 0000000180007860 f i * CIL library *:* CIL module *
 0001:00006860       ??_GFCEffectBlur_Gauss@@UEAAPEAXI@Z 0000000180007860 f i dealImg.obj
 0001:000068d0       ?ProcessPixel@FCEffectGrayscale@@EEAAXAEAVFCObjImage@@HHPEAE@Z 00000001800078d0 f i dealImg.obj
 0001:00006910       ?ProcessPixel@FCEffectAdjustRGB@@EEAAXAEAVFCObjImage@@HHPEAE@Z 0000000180007910 f i dealImg.obj
 0001:00006990       ??_EFCEffectBlinds@@UEAAPEAXI@Z 0000000180007990 f i * CIL library *:* CIL module *
 0001:00006990       ??_EFCEffectAutoColorEnhance@@UEAAPEAXI@Z 0000000180007990 f i * CIL library *:* CIL module *
 0001:00006990       ??_GFCEffectAdjustRGB@@UEAAPEAXI@Z 0000000180007990 f i dealImg.obj
 0001:00006990       ??_GFCEffectAutoColorEnhance@@UEAAPEAXI@Z 0000000180007990 f i dealImg.obj
 0001:00006990       ??_GFCEffectBlinds@@UEAAPEAXI@Z 0000000180007990 f i dealImg.obj
 0001:00006990       ??_EFCEffectAdjustRGB@@UEAAPEAXI@Z 0000000180007990 f i * CIL library *:* CIL module *
 0001:000069c0       ??0FCEffectGetHistogram@@QEAA@XZ 00000001800079c0 f i dealImg.obj
 0001:00006ae0       ?ProcessPixel@FCEffectGetHistogram@@EEAAXAEAVFCObjImage@@HHPEAE@Z 0000000180007ae0 f i dealImg.obj
 0001:00006b10       ??_EFCEffectGetHistogram@@UEAAPEAXI@Z 0000000180007b10 f i * CIL library *:* CIL module *
 0001:00006b10       ??_GFCEffectGetHistogram@@UEAAPEAXI@Z 0000000180007b10 f i dealImg.obj
 0001:00006b50       ??1FCEffectGetHistogram@@UEAA@XZ 0000000180007b50 f i dealImg.obj
 0001:00006bf0       ?OnBeforeProcess@FCEffectMosaic@@EEAAXAEAVFCObjImage@@@Z 0000000180007bf0 f i dealImg.obj
 0001:00006c00       ?ProcessPixel@FCEffectMosaic@@EEAAXAEAVFCObjImage@@HHPEAE@Z 0000000180007c00 f i dealImg.obj
 0001:00006e10       ?GetBlockAverage@FCEffectMosaic@@AEAA?AUtagRGBQUAD@@HH@Z 0000000180007e10 f i dealImg.obj
 0001:000070f0       ??_EFCEffectMosaic@@UEAAPEAXI@Z 00000001800080f0 f i * CIL library *:* CIL module *
 0001:000070f0       ??_GFCEffectMosaic@@UEAAPEAXI@Z 00000001800080f0 f i dealImg.obj
 0001:00007130       ??1FCEffectMosaic@@UEAA@XZ 0000000180008130 f i dealImg.obj
 0001:000071b0       ?OnBeforeProcess@FCEffectLUT@@EEAAXAEAVFCObjImage@@@Z 00000001800081b0 f i dealImg.obj
 0001:00007200       ?ProcessPixel@FCEffectLUT@@EEAAXAEAVFCObjImage@@HHPEAE@Z 0000000180008200 f i dealImg.obj
 0001:00007230       ?InitLUTtable@FCEffectBrightnessContrast@@EEAAHH@Z 0000000180008230 f i dealImg.obj
 0001:00007290       ??_GFCEffectGamma@@UEAAPEAXI@Z 0000000180008290 f i dealImg.obj
 0001:00007290       ??_GFCEffectBrightnessContrast@@UEAAPEAXI@Z 0000000180008290 f i dealImg.obj
 0001:00007290       ??_EFCEffectBrightnessContrast@@UEAAPEAXI@Z 0000000180008290 f i * CIL library *:* CIL module *
 0001:00007290       ??_EFCEffectGamma@@UEAAPEAXI@Z 0000000180008290 f i * CIL library *:* CIL module *
 0001:000072c0       ?InitLUTtable@FCEffectGamma@@EEAAHH@Z 00000001800082c0 f i dealImg.obj
 0001:00007340       ?InitLUTtable@FCEffectInvert@@EEAAHH@Z 0000000180008340 f i dealImg.obj
 0001:00007350       ??_GFCEffectInvert@@UEAAPEAXI@Z 0000000180008350 f i dealImg.obj
 0001:00007350       ??_EFCEffectInvert@@UEAAPEAXI@Z 0000000180008350 f i * CIL library *:* CIL module *
 0001:00007380       ??0FCEffectColorTone@@QEAA@UtagRGBQUAD@@H@Z 0000000180008380 f i dealImg.obj
 0001:000074b0       ?ProcessPixel@FCEffectColorTone@@EEAAXAEAVFCObjImage@@HHPEAE@Z 00000001800084b0 f i dealImg.obj
 0001:00007520       ??_EFCEffectColorTone@@UEAAPEAXI@Z 0000000180008520 f i * CIL library *:* CIL module *
 0001:00007520       ??_GFCEffectColorTone@@UEAAPEAXI@Z 0000000180008520 f i dealImg.obj
 0001:00007550       ?g_codec_factory@FCObjImage@@CAAEAV?$auto_ptr@VFCImageCodecFactory@@@std@@XZ 0000000180008550 f i dealImg.obj
 0001:000075d0       ?IsSupport@FCImageEffect@@UEAA_NAEBVFCObjImage@@@Z 00000001800085d0 f i dealImg.obj
 0001:000075f0       ?OnBeforeProcess@FCEffectAutoContrast@@EEAAXAEAVFCObjImage@@@Z 00000001800085f0 f i dealImg.obj
 0001:000077e0       ?ProcessPixel@FCEffectAutoContrast@@EEAAXAEAVFCObjImage@@HHPEAE@Z 00000001800087e0 f i dealImg.obj
 0001:00007820       ??_GFCEffectAutoContrast@@UEAAPEAXI@Z 0000000180008820 f i dealImg.obj
 0001:00007820       ??_EFCEffectAutoContrast@@UEAAPEAXI@Z 0000000180008820 f i * CIL library *:* CIL module *
 0001:00007850       ?OnBeforeProcess@FCEffectAutoColorEnhance@@EEAAXAEAVFCObjImage@@@Z 0000000180008850 f i dealImg.obj
 0001:000079d0       ?ProcessPixel@FCEffectAutoColorEnhance@@EEAAXAEAVFCObjImage@@HHPEAE@Z 00000001800089d0 f i dealImg.obj
 0001:00007af0       ?ProcessPixel@FCEffectNoisify@@EEAAXAEAVFCObjImage@@HHPEAE@Z 0000000180008af0 f i dealImg.obj
 0001:00007bc0       ?GenGauss@FCEffectNoisify@@AEAAHXZ 0000000180008bc0 f i dealImg.obj
 0001:00007c30       ??_EFCEffect3DGrid@@UEAAPEAXI@Z 0000000180008c30 f i * CIL library *:* CIL module *
 0001:00007c30       ??_GFCEffectNoisify@@UEAAPEAXI@Z 0000000180008c30 f i dealImg.obj
 0001:00007c30       ??_GFCEffect3DGrid@@UEAAPEAXI@Z 0000000180008c30 f i dealImg.obj
 0001:00007c30       ??_EFCEffectNoisify@@UEAAPEAXI@Z 0000000180008c30 f i * CIL library *:* CIL module *
 0001:00007c60       ?ProcessPixel@FCEffect3DGrid@@EEAAXAEAVFCObjImage@@HHPEAE@Z 0000000180008c60 f i dealImg.obj
 0001:00007d80       ?ProcessPixel@FCEffectBlinds@@EEAAXAEAVFCObjImage@@HHPEAE@Z 0000000180008d80 f i dealImg.obj
 0001:00007e10       ?IsSupport@FCEffectBilinearDistort@@MEAA_NAEBVFCObjImage@@@Z 0000000180008e10 f i dealImg.obj
 0001:00007e30       ?OnBeforeProcess@FCEffectBilinearDistort@@MEAAXAEAVFCObjImage@@@Z 0000000180008e30 f i dealImg.obj
 0001:00007e40       ?ProcessPixel@FCEffectBilinearDistort@@EEAAXAEAVFCObjImage@@HHPEAE@Z 0000000180008e40 f i dealImg.obj
 0001:000080c0       ?calc_undistorted_coord@FCEffectWave@@EEAAXHHAEAN0@Z 00000001800090c0 f i dealImg.obj
 0001:00008260       ??_EFCEffectWave@@UEAAPEAXI@Z 0000000180009260 f i * CIL library *:* CIL module *
 0001:00008260       ??_EFCEffectBulge@@UEAAPEAXI@Z 0000000180009260 f i * CIL library *:* CIL module *
 0001:00008260       ??_GFCEffectWave@@UEAAPEAXI@Z 0000000180009260 f i dealImg.obj
 0001:00008260       ??_GFCEffectBulge@@UEAAPEAXI@Z 0000000180009260 f i dealImg.obj
 0001:000082a0       ??1FCEffectBilinearDistort@@UEAA@XZ 00000001800092a0 f i dealImg.obj
 0001:00008320       ??0FCEffectBulge@@QEAA@HNN@Z 0000000180009320 f i dealImg.obj
 0001:000083b0       ?calc_undistorted_coord@FCEffectBulge@@EEAAXHHAEAN0@Z 00000001800093b0 f i dealImg.obj
 0001:00008560       ??0FCEffectTwist@@QEAA@HHNN@Z 0000000180009560 f i dealImg.obj
 0001:00008640       ?calc_undistorted_coord@FCEffectTwist@@EEAAXHHAEAN0@Z 0000000180009640 f i dealImg.obj
 0001:00008820       ??_GFCEffectTwist@@UEAAPEAXI@Z 0000000180009820 f i dealImg.obj
 0001:00008820       ??_EFCEffectTwist@@UEAAPEAXI@Z 0000000180009820 f i * CIL library *:* CIL module *
 0001:00008860       ?OnBeforeProcess@FCEffectShear@@EEAAXAEAVFCObjImage@@@Z 0000000180009860 f i dealImg.obj
 0001:000088b0       ?calc_undistorted_coord@FCEffectShear@@EEAAXHHAEAN0@Z 00000001800098b0 f i dealImg.obj
 0001:00008980       ??_GFCEffectShear@@UEAAPEAXI@Z 0000000180009980 f i dealImg.obj
 0001:00008980       ??_EFCEffectShear@@UEAAPEAXI@Z 0000000180009980 f i * CIL library *:* CIL module *
 0001:000089c0       ?RotatePoint@FCEffectRotate@@CAXAEAN0NNN@Z 00000001800099c0 f i dealImg.obj
 0001:00008a90       ?OnBeforeProcess@FCEffectRotate@@EEAAXAEAVFCObjImage@@@Z 0000000180009a90 f i dealImg.obj
 0001:00008e30       ?calc_undistorted_coord@FCEffectRotate@@EEAAXHHAEAN0@Z 0000000180009e30 f i dealImg.obj
 0001:00008f10       ??_GFCEffectRotate@@UEAAPEAXI@Z 0000000180009f10 f i dealImg.obj
 0001:00008f10       ??_EFCEffectRipple@@UEAAPEAXI@Z 0000000180009f10 f i * CIL library *:* CIL module *
 0001:00008f10       ??_GFCEffectRipple@@UEAAPEAXI@Z 0000000180009f10 f i dealImg.obj
 0001:00008f10       ??_EFCEffectRotate@@UEAAPEAXI@Z 0000000180009f10 f i * CIL library *:* CIL module *
 0001:00008f50       ?OnBeforeProcess@FCEffectRibbon@@EEAAXAEAVFCObjImage@@@Z 0000000180009f50 f i dealImg.obj
 0001:000094e0       ?calc_undistorted_coord@FCEffectRibbon@@EEAAXHHAEAN0@Z 000000018000a4e0 f i dealImg.obj
 0001:00009520       ??_GFCEffectRibbon@@UEAAPEAXI@Z 000000018000a520 f i dealImg.obj
 0001:00009520       ??_EFCEffectRibbon@@UEAAPEAXI@Z 000000018000a520 f i * CIL library *:* CIL module *
 0001:00009580       ?calc_undistorted_coord@FCEffectRipple@@EEAAXHHAEAN0@Z 000000018000a580 f i dealImg.obj
 0001:00009610       ?shift_amount@FCEffectRipple@@AEBANH@Z 000000018000a610 f i dealImg.obj
 0001:000096b0       ??0FCEffectColorBalance@@QEAA@_NW4TONE_REGION@0@HHH@Z 000000018000a6b0 f i dealImg.obj
 0001:00009f70       ?ProcessPixel@FCEffectColorBalance@@EEAAXAEAVFCObjImage@@HHPEAE@Z 000000018000af70 f i dealImg.obj
 0001:0000a0a0       ??_GFCEffectColorBalance@@UEAAPEAXI@Z 000000018000b0a0 f i dealImg.obj
 0001:0000a0a0       ??_EFCEffectColorBalance@@UEAAPEAXI@Z 000000018000b0a0 f i * CIL library *:* CIL module *
 0001:0000a0d0       ?OnBeforeProcess@FCEffectOilPaint@@EEAAXAEAVFCObjImage@@@Z 000000018000b0d0 f i dealImg.obj
 0001:0000a280       ?ProcessPixel@FCEffectOilPaint@@EEAAXAEAVFCObjImage@@HHPEAE@Z 000000018000b280 f i dealImg.obj
 0001:0000a590       ??_EFCEffectOilPaint@@UEAAPEAXI@Z 000000018000b590 f i * CIL library *:* CIL module *
 0001:0000a590       ??_GFCEffectOilPaint@@UEAAPEAXI@Z 000000018000b590 f i dealImg.obj
 0001:0000a5d0       ??1FCEffectOilPaint@@UEAA@XZ 000000018000b5d0 f i dealImg.obj
 0001:0000a6c0       ?CalculateValue@FCEffectColorLevel@@AEAAEHHH@Z 000000018000b6c0 f i dealImg.obj
 0001:0000a790       ?ProcessPixel@FCEffectColorLevel@@EEAAXAEAVFCObjImage@@HHPEAE@Z 000000018000b790 f i dealImg.obj
 0001:0000a800       ?OnBeforeProcess@FCEffectAutoColorLevel@@EEAAXAEAVFCObjImage@@@Z 000000018000b800 f i dealImg.obj
 0001:0000a8e0       ?AutoColorLevelChannel@FCEffectAutoColorLevel@@AEAAXAEBV?$vector@HV?$allocator@H@std@@@std@@H@Z 000000018000b8e0 f i dealImg.obj
 0001:0000aa80       ??_GFCEffectAutoColorLevel@@UEAAPEAXI@Z 000000018000ba80 f i dealImg.obj
 0001:0000aa80       ??_EFCEffectAutoColorLevel@@UEAAPEAXI@Z 000000018000ba80 f i * CIL library *:* CIL module *
 0001:0000aab0       ?OnBeforeProcess@FCEffectBlur_Zoom@@EEAAXAEAVFCObjImage@@@Z 000000018000bab0 f i dealImg.obj
 0001:0000ab30       ?ProcessPixel@FCEffectBlur_Zoom@@EEAAXAEAVFCObjImage@@HHPEAE@Z 000000018000bb30 f i dealImg.obj
 0001:0000ae60       ??_GFCEffectBlur_Zoom@@UEAAPEAXI@Z 000000018000be60 f i dealImg.obj
 0001:0000ae60       ??_GFCEffectBlur_Motion@@UEAAPEAXI@Z 000000018000be60 f i dealImg.obj
 0001:0000ae60       ??_EFCEffectBlur_Zoom@@UEAAPEAXI@Z 000000018000be60 f i * CIL library *:* CIL module *
 0001:0000ae60       ??_EFCEffectBlur_Motion@@UEAAPEAXI@Z 000000018000be60 f i * CIL library *:* CIL module *
 0001:0000aea0       ??1FCEffectBlur_Motion@@UEAA@XZ 000000018000bea0 f i dealImg.obj
 0001:0000aea0       ??1FCEffectBlur_Zoom@@UEAA@XZ 000000018000bea0 f i dealImg.obj
 0001:0000af20       ?OnBeforeProcess@FCEffectBlur_Radial@@EEAAXAEAVFCObjImage@@@Z 000000018000bf20 f i dealImg.obj
 0001:0000afc0       ?ProcessPixel@FCEffectBlur_Radial@@EEAAXAEAVFCObjImage@@HHPEAE@Z 000000018000bfc0 f i dealImg.obj
 0001:0000b490       ??_GFCEffectBlur_Radial@@UEAAPEAXI@Z 000000018000c490 f i dealImg.obj
 0001:0000b490       ??_EFCEffectBlur_Radial@@UEAAPEAXI@Z 000000018000c490 f i * CIL library *:* CIL module *
 0001:0000b4d0       ??1FCEffectBlur_Radial@@UEAA@XZ 000000018000c4d0 f i dealImg.obj
 0001:0000b550       ??0FCEffectBlur_Motion@@QEAA@HH@Z 000000018000c550 f i dealImg.obj
 0001:0000b690       ?OnBeforeProcess@FCEffectBlur_Motion@@EEAAXAEAVFCObjImage@@@Z 000000018000c690 f i dealImg.obj
 0001:0000b6a0       ?ProcessPixel@FCEffectBlur_Motion@@EEAAXAEAVFCObjImage@@HHPEAE@Z 000000018000c6a0 f i dealImg.obj
 0001:0000b940       ??0FCEffectPencilSketch@@QEAA@HH@Z 000000018000c940 f i dealImg.obj
 0001:0000bbe0       ??1FCEffectPencilSketch@@UEAA@XZ 000000018000cbe0 f i dealImg.obj
 0001:0000bce0       ?OnBeforeProcess@FCEffectPencilSketch@@EEAAXAEAVFCObjImage@@@Z 000000018000cce0 f i dealImg.obj
 0001:0000bd50       ?OnFinishPixel@FCEffectPencilSketch@@EEAAXAEAVFCObjImage@@HHPEAE@Z 000000018000cd50 f i dealImg.obj
 0001:0000bf10       ??_GFCEffectPencilSketch@@UEAAPEAXI@Z 000000018000cf10 f i dealImg.obj
 0001:0000bf10       ??_EFCEffectPencilSketch@@UEAAPEAXI@Z 000000018000cf10 f i * CIL library *:* CIL module *
 0001:0000bf50       ??0FCEffectOldPhoto@@QEAA@HHH@Z 000000018000cf50 f i dealImg.obj
 0001:0000c1c0       ??1FCEffectOldPhoto@@UEAA@XZ 000000018000d1c0 f i dealImg.obj
 0001:0000c250       ?OnBeforeProcess@FCEffectOldPhoto@@EEAAXAEAVFCObjImage@@@Z 000000018000d250 f i dealImg.obj
 0001:0000c2c0       ?OnFinishPixel@FCEffectOldPhoto@@EEAAXAEAVFCObjImage@@HHPEAE@Z 000000018000d2c0 f i dealImg.obj
 0001:0000c390       ??_EFCEffectOldPhoto@@UEAAPEAXI@Z 000000018000d390 f i * CIL library *:* CIL module *
 0001:0000c390       ??_GFCEffectOldPhoto@@UEAAPEAXI@Z 000000018000d390 f i dealImg.obj
 0001:0000c3d0       ?Init@set@dealImg@@SAXPEAVIsolate@v8@@@Z 000000018000d3d0 f   dealImg.obj
 0001:0000c520       ?New@set@dealImg@@CAXAEBV?$FunctionCallbackInfo@VValue@v8@@@v8@@@Z 000000018000d520 f   dealImg.obj
 0001:0000c610       ?NewInstance@set@dealImg@@SAXAEBV?$FunctionCallbackInfo@VValue@v8@@@v8@@@Z 000000018000d610 f   dealImg.obj
 0001:0000c690       ??_Gset@dealImg@@EEAAPEAXI@Z 000000018000d690 f i dealImg.obj
 0001:0000c690       ??_Eset@dealImg@@EEAAPEAXI@Z 000000018000d690 f i * CIL library *:* CIL module *
 0001:0000c6d0       ??1set@dealImg@@EEAA@XZ    000000018000d6d0 f   dealImg.obj
 0001:0000c750       ?AppendText@set@dealImg@@CAXPEAUuv_work_s@@@Z 000000018000d750 f   dealImg.obj
 0001:0000c840       ?DrawTextOnOtherWorkThread@set@dealImg@@CAXPEAUHDC__@@HHHHHHHPEAD1@Z 000000018000d840 f   dealImg.obj
 0001:0000c940       ?CutImg@set@dealImg@@CAXPEAUuv_work_s@@@Z 000000018000d940 f   dealImg.obj
 0001:0000cba0       ?Save@set@dealImg@@CAXAEBV?$FunctionCallbackInfo@VValue@v8@@@v8@@@Z 000000018000dba0 f   dealImg.obj
 0001:0000cd80       ?LoadImg@set@dealImg@@CAXAEBV?$FunctionCallbackInfo@VValue@v8@@@v8@@@Z 000000018000dd80 f   dealImg.obj
 0001:0000ce40       ?ChangeWchar_t@set@dealImg@@CAPEA_WPEADH@Z 000000018000de40 f   dealImg.obj
 0001:0000cfc0       ?CutImg@set@dealImg@@CAXAEBV?$FunctionCallbackInfo@VValue@v8@@@v8@@@Z 000000018000dfc0 f   dealImg.obj
 0001:0000d2a0       ?AppendText@set@dealImg@@CAXAEBV?$FunctionCallbackInfo@VValue@v8@@@v8@@@Z 000000018000e2a0 f   dealImg.obj
 0001:0000d6d0       ?Effect@set@dealImg@@CAXPEAUuv_work_s@@@Z 000000018000e6d0 f   dealImg.obj
 0001:0000e3b0       ?Effect@set@dealImg@@CAXAEBV?$FunctionCallbackInfo@VValue@v8@@@v8@@@Z 000000018000f3b0 f   dealImg.obj
 0001:0000e660       ?WorkAsyncComplete@set@dealImg@@CAXPEAUuv_work_s@@H@Z 000000018000f660 f   dealImg.obj
 0001:0000e760       ??1Text@set@dealImg@@QEAA@XZ 000000018000f760 f i dealImg.obj
 0001:0000e7f0       ?resize@?$vector@UtagRGBQUAD@@V?$allocator@UtagRGBQUAD@@@std@@@std@@QEAAX_K@Z 000000018000f7f0 f i dealImg.obj
 0001:0000e8f0       ?assign@?$basic_string@DU?$char_traits@D@std@@V?$allocator@D@2@@std@@QEAAAEAV12@PEBD_K@Z 000000018000f8f0 f i dealImg.obj
 0001:0000ea30       ?append@?$basic_string@DU?$char_traits@D@std@@V?$allocator@D@2@@std@@QEAAAEAV12@PEBD_K@Z 000000018000fa30 f i dealImg.obj
 0001:0000eb80       ??1?$basic_string@DU?$char_traits@D@std@@V?$allocator@D@2@@std@@QEAA@XZ 000000018000fb80 f i dealImg.obj
 0001:0000ec10       ?_Reserve@?$vector@PEAVFCImageEffect@@V?$allocator@PEAVFCImageEffect@@@std@@@std@@IEAAX_K@Z 000000018000fc10 f i dealImg.obj
 0001:0000ec10       ?_Reserve@?$vector@PEAVFCObjImage@@V?$allocator@PEAVFCObjImage@@@std@@@std@@IEAAX_K@Z 000000018000fc10 f i dealImg.obj
 0001:0000ec10       ?_Reserve@?$vector@NV?$allocator@N@std@@@std@@IEAAX_K@Z 000000018000fc10 f i dealImg.obj
 0001:0000eca0       ?_Reallocate@?$vector@PEAVFCImageEffect@@V?$allocator@PEAVFCImageEffect@@@std@@@std@@IEAAX_K@Z 000000018000fca0 f i dealImg.obj
 0001:0000eca0       ?_Reallocate@?$vector@NV?$allocator@N@std@@@std@@IEAAX_K@Z 000000018000fca0 f i dealImg.obj
 0001:0000eca0       ?_Reallocate@?$vector@PEAVFCObjImage@@V?$allocator@PEAVFCObjImage@@@std@@@std@@IEAAX_K@Z 000000018000fca0 f i dealImg.obj
 0001:0000ed20       ?_Tidy@?$vector@V?$basic_string@DU?$char_traits@D@std@@V?$allocator@D@2@@std@@V?$allocator@V?$basic_string@DU?$char_traits@D@std@@V?$allocator@D@2@@std@@@2@@std@@IEAAXXZ 000000018000fd20 f i dealImg.obj
 0001:0000edc0       ?_Reserve@?$vector@V?$basic_string@DU?$char_traits@D@std@@V?$allocator@D@2@@std@@V?$allocator@V?$basic_string@DU?$char_traits@D@std@@V?$allocator@D@2@@std@@@2@@std@@IEAAX_K@Z 000000018000fdc0 f i dealImg.obj
 0001:0000ee50       ?deallocate@?$_Wrap_alloc@V?$allocator@UtagRGBQUAD@@@std@@@std@@QEAAXPEAUtagRGBQUAD@@_K@Z 000000018000fe50 f i dealImg.obj
 0001:0000ee50       ?deallocate@?$_Wrap_alloc@V?$allocator@H@std@@@std@@QEAAXPEAH_K@Z 000000018000fe50 f i dealImg.obj
 0001:0000eec0       ?_Reserve@?$vector@HV?$allocator@H@std@@@std@@IEAAX_K@Z 000000018000fec0 f i dealImg.obj
 0001:0000ef50       ?_Myptr@?$_String_alloc@U?$_String_base_types@_WV?$allocator@_W@std@@@std@@@std@@QEBAPEB_WXZ 000000018000ff50 f i dealImg.obj
 0001:0000ef60       ?assign@?$basic_string@_WU?$char_traits@_W@std@@V?$allocator@_W@2@@std@@QEAAAEAV12@PEB_W_K@Z 000000018000ff60 f i dealImg.obj
 0001:0000f0b0       ?_Assign_rv@?$basic_string@_WU?$char_traits@_W@std@@V?$allocator@_W@2@@std@@QEAAX$$QEAV12@@Z 00000001800100b0 f i dealImg.obj
 0001:0000f120       ?assign@?$basic_string@DU?$char_traits@D@std@@V?$allocator@D@2@@std@@QEAAAEAV12@AEBV12@_K1@Z 0000000180010120 f i dealImg.obj
 0001:0000f250       ?append@?$basic_string@DU?$char_traits@D@std@@V?$allocator@D@2@@std@@QEAAAEAV12@_KD@Z 0000000180010250 f i dealImg.obj
 0001:0000f360       ?append@?$basic_string@DU?$char_traits@D@std@@V?$allocator@D@2@@std@@QEAAAEAV12@AEBV12@_K1@Z 0000000180010360 f i dealImg.obj
 0001:0000f490       ?deallocate@?$_Wrap_alloc@V?$allocator@PEAVFCImageEffect@@@std@@@std@@QEAAXPEAPEAVFCImageEffect@@_K@Z 0000000180010490 f i dealImg.obj
 0001:0000f490       ?deallocate@?$_Wrap_alloc@V?$allocator@PEAVFCObjImage@@@std@@@std@@QEAAXPEAPEAVFCObjImage@@_K@Z 0000000180010490 f i dealImg.obj
 0001:0000f490       ?deallocate@?$_Wrap_alloc@V?$allocator@PEBVFCObjImage@@@std@@@std@@QEAAXPEAPEBVFCObjImage@@_K@Z 0000000180010490 f i dealImg.obj
 0001:0000f490       ?deallocate@?$_Wrap_alloc@V?$allocator@N@std@@@std@@QEAAXPEAN_K@Z 0000000180010490 f i dealImg.obj
 0001:0000f500       ?_Reallocate@?$vector@HV?$allocator@H@std@@@std@@IEAAX_K@Z 0000000180010500 f i dealImg.obj
 0001:0000f500       ?_Reallocate@?$vector@UtagRGBQUAD@@V?$allocator@UtagRGBQUAD@@@std@@@std@@IEAAX_K@Z 0000000180010500 f i dealImg.obj
 0001:0000f580       ?_Reallocate@?$vector@V?$basic_string@DU?$char_traits@D@std@@V?$allocator@D@2@@std@@V?$allocator@V?$basic_string@DU?$char_traits@D@std@@V?$allocator@D@2@@std@@@2@@std@@IEAAX_K@Z 0000000180010580 f i dealImg.obj
 0001:0000f670       ?deallocate@?$_Wrap_alloc@V?$allocator@_W@std@@@std@@QEAAXPEA_W_K@Z 0000000180010670 f i dealImg.obj
 0001:0000f6e0       ?assign@?$basic_string@_WU?$char_traits@_W@std@@V?$allocator@_W@2@@std@@QEAAAEAV12@AEBV12@_K1@Z 00000001800106e0 f i dealImg.obj
 0001:0000f830       ?_Copy@?$basic_string@DU?$char_traits@D@std@@V?$allocator@D@2@@std@@QEAAX_K0@Z 0000000180010830 f i dealImg.obj
 0001:0000f960       ?erase@?$basic_string@DU?$char_traits@D@std@@V?$allocator@D@2@@std@@QEAAAEAV12@_K0@Z 0000000180010960 f i dealImg.obj
 0001:0000fa30       ?allocate@?$allocator@PEBVFCObjImage@@@std@@QEAAPEAPEBVFCObjImage@@_K@Z 0000000180010a30 f i dealImg.obj
 0001:0000fa30       ?allocate@?$allocator@N@std@@QEAAPEAN_K@Z 0000000180010a30 f i dealImg.obj
 0001:0000fa30       ?allocate@?$allocator@PEAVFCObjImage@@@std@@QEAAPEAPEAVFCObjImage@@_K@Z 0000000180010a30 f i dealImg.obj
 0001:0000fa30       ?allocate@?$allocator@PEAVFCImageEffect@@@std@@QEAAPEAPEAVFCImageEffect@@_K@Z 0000000180010a30 f i dealImg.obj
 0001:0000fab0       ?allocate@?$allocator@U_GUID@@@std@@QEAAPEAU_GUID@@_K@Z 0000000180010ab0 f i dealImg.obj
 0001:0000fb30       ?allocate@?$allocator@UtagRGBQUAD@@@std@@QEAAPEAUtagRGBQUAD@@_K@Z 0000000180010b30 f i dealImg.obj
 0001:0000fb30       ?allocate@?$allocator@H@std@@QEAAPEAH_K@Z 0000000180010b30 f i dealImg.obj
 0001:0000fbb0       ?allocate@?$allocator@V?$basic_string@DU?$char_traits@D@std@@V?$allocator@D@2@@std@@@std@@QEAAPEAV?$basic_string@DU?$char_traits@D@std@@V?$allocator@D@2@@2@_K@Z 0000000180010bb0 f i dealImg.obj
 0001:0000fc30       ?allocate@?$_Wrap_alloc@V?$allocator@D@std@@@std@@QEAAPEAD_K@Z 0000000180010c30 f i dealImg.obj
 0001:0000fca0       ?_Copy@?$basic_string@_WU?$char_traits@_W@std@@V?$allocator@_W@2@@std@@QEAAX_K0@Z 0000000180010ca0 f i dealImg.obj
 0001:0000fd90       ?erase@?$basic_string@_WU?$char_traits@_W@std@@V?$allocator@_W@2@@std@@QEAAAEAV12@_K0@Z 0000000180010d90 f i dealImg.obj
 0001:0000fe40       ?allocate@?$allocator@_W@std@@QEAAPEA_W_K@Z 0000000180010e40 f i dealImg.obj
 0001:0000fec0       ??$use_facet@V?$ctype@D@std@@@std@@YAAEBV?$ctype@D@0@AEBVlocale@0@@Z 0000000180010ec0 f i dealImg.obj
 0001:0000fff0       ??$_Immortalize@V_Iostream_error_category@std@@@std@@YAAEAV_Iostream_error_category@0@XZ 0000000180010ff0 f i dealImg.obj
 0001:00010070       ??$for_each@V?$_Vector_iterator@V?$_Vector_val@U?$_Simple_types@PEAVFCImageEffect@@@std@@@std@@@std@@UFCDeleteEachObject@@@std@@YA?AUFCDeleteEachObject@@V?$_Vector_iterator@V?$_Vector_val@U?$_Simple_types@PEAVFCImageEffect@@@std@@@std@@@0@0U1@@Z 0000000180011070 f i dealImg.obj
 0001:00010070       ??$for_each@V?$_Vector_iterator@V?$_Vector_val@U?$_Simple_types@PEAVFCObjImage@@@std@@@std@@@std@@UFCDeleteEachObject@@@std@@YA?AUFCDeleteEachObject@@V?$_Vector_iterator@V?$_Vector_val@U?$_Simple_types@PEAVFCObjImage@@@std@@@std@@@0@0U1@@Z 0000000180011070 f i dealImg.obj
 0001:00010100       ??$Unwrap@Vset@dealImg@@@ObjectWrap@node@@SAPEAVset@dealImg@@V?$Local@VObject@v8@@@v8@@@Z 0000000180011100 f i dealImg.obj
 0001:00010180       ??$construct@V?$basic_string@DU?$char_traits@D@std@@V?$allocator@D@2@@std@@V12@@?$_Wrap_alloc@V?$allocator@V?$basic_string@DU?$char_traits@D@std@@V?$allocator@D@2@@std@@@std@@@std@@QEAAXPEAV?$basic_string@DU?$char_traits@D@std@@V?$allocator@D@2@@1@$$QEAV21@@Z 0000000180011180 f i dealImg.obj
 0001:00010210       ??$_Destroy_range@U?$_Wrap_alloc@V?$allocator@V?$basic_string@DU?$char_traits@D@std@@V?$allocator@D@2@@std@@@std@@@std@@@std@@YAXPEAV?$basic_string@DU?$char_traits@D@std@@V?$allocator@D@2@@0@0AEAU?$_Wrap_alloc@V?$allocator@V?$basic_string@DU?$char_traits@D@std@@V?$allocator@D@2@@std@@@std@@@0@@Z 0000000180011210 f i dealImg.obj
 0001:000102c0       ?widen@?$basic_ios@DU?$char_traits@D@std@@@std@@QEBADD@Z 00000001800112c0 f i dealImg.obj
 0001:00010360       ?_Traits_compare@?$basic_string@_WU?$char_traits@_W@std@@V?$allocator@_W@2@@std@@SAHQEB_W_K01@Z 0000000180011360 f i dealImg.obj
 0001:000103f0       ??$_Uninitialized_move_al_unchecked1@PEAV?$basic_string@DU?$char_traits@D@std@@V?$allocator@D@2@@std@@PEAV12@V?$allocator@V?$basic_string@DU?$char_traits@D@std@@V?$allocator@D@2@@std@@@2@@std@@YAPEAV?$basic_string@DU?$char_traits@D@std@@V?$allocator@D@2@@0@PEAV10@00AEAU?$_Wrap_alloc@V?$allocator@V?$basic_string@DU?$char_traits@D@std@@V?$allocator@D@2@@std@@@std@@@0@U_General_ptr_iterator_tag@0@@Z 00000001800113f0 f i dealImg.obj
 0001:000104ec       __imp_load_?GetCurrent@Isolate@v8@@SAPEAV12@XZ 00000001800114ec f   node:node.exe
 0001:000104f8       __tailMerge_node_exe       00000001800114f8 f i node:node.exe
 0001:00010571       __imp_load_??1HandleScope@v8@@QEAA@XZ 0000000180011571 f   node:node.exe
 0001:0001057d       __imp_load_??0HandleScope@v8@@QEAA@PEAVIsolate@1@@Z 000000018001157d f   node:node.exe
 0001:00010589       __imp_load_?GetFunction@FunctionTemplate@v8@@QEAA?AV?$Local@VFunction@v8@@@2@XZ 0000000180011589 f   node:node.exe
 0001:00010595       __imp_load_?New@FunctionTemplate@v8@@SA?AV?$Local@VFunctionTemplate@v8@@@2@PEAVIsolate@2@P6AXAEBV?$FunctionCallbackInfo@VValue@v8@@@2@@ZV?$Local@VValue@v8@@@2@V?$Local@VSignature@v8@@@2@H@Z 0000000180011595 f   node:node.exe
 0001:000105a1       __imp_load_?NewFromUtf8@String@v8@@SA?AV?$Local@VString@v8@@@2@PEAVIsolate@2@PEBDW4NewStringType@12@H@Z 00000001800115a1 f   node:node.exe
 0001:000105ad       __imp_load_?GetIsolate@Object@v8@@QEAAPEAVIsolate@2@XZ 00000001800115ad f   node:node.exe
 0001:000105b9       __imp_load_?Set@Object@v8@@QEAA_NV?$Local@VValue@v8@@@2@0@Z 00000001800115b9 f   node:node.exe
 0001:000105c5       __imp_load_?SetName@Function@v8@@QEAAXV?$Local@VString@v8@@@2@@Z 00000001800115c5 f   node:node.exe
 0001:000105d1       __imp_load_node_module_register 00000001800115d1 f   node:node.exe
 0001:000105dd       __imp_load_uv_queue_work   00000001800115dd f   node:node.exe
 0001:000105e9       __imp_load_?Global@Context@v8@@QEAA?AV?$Local@VObject@v8@@@2@XZ 00000001800115e9 f   node:node.exe
 0001:000105f5       __imp_load_?New@Signature@v8@@SA?AV?$Local@VSignature@v8@@@2@PEAVIsolate@2@V?$Local@VFunctionTemplate@v8@@@2@@Z 00000001800115f5 f   node:node.exe
 0001:00010601       __imp_load_?ThrowException@Isolate@v8@@QEAA?AV?$Local@VValue@v8@@@2@V32@@Z 0000000180011601 f   node:node.exe
 0001:0001060d       __imp_load_?GetCurrentContext@Isolate@v8@@QEAA?AV?$Local@VContext@v8@@@2@XZ 000000018001160d f   node:node.exe
 0001:00010619       __imp_load_?CreateHandle@HandleScope@v8@@KAPEAPEAVObject@internal@2@PEAVIsolate@42@PEAV342@@Z 0000000180011619 f   node:node.exe
 0001:00010625       __imp_load_?Set@Template@v8@@QEAAXV?$Local@VName@v8@@@2@V?$Local@VData@v8@@@2@W4PropertyAttribute@2@@Z 0000000180011625 f   node:node.exe
 0001:00010631       __imp_load_?TypeError@Exception@v8@@SA?AV?$Local@VValue@v8@@@2@V?$Local@VString@v8@@@2@@Z 0000000180011631 f   node:node.exe
 0001:0001063d       __imp_load_?SetClassName@FunctionTemplate@v8@@QEAAXV?$Local@VString@v8@@@2@@Z 000000018001163d f   node:node.exe
 0001:00010649       __imp_load_?PrototypeTemplate@FunctionTemplate@v8@@QEAA?AV?$Local@VObjectTemplate@v8@@@2@XZ 0000000180011649 f   node:node.exe
 0001:00010655       __imp_load_?InstanceTemplate@FunctionTemplate@v8@@QEAA?AV?$Local@VObjectTemplate@v8@@@2@XZ 0000000180011655 f   node:node.exe
 0001:00010661       __imp_load_?ClearWeak@V8@v8@@CAPEAXPEAPEAVObject@internal@2@@Z 0000000180011661 f   node:node.exe
 0001:0001066d       __imp_load_?MakeWeak@V8@v8@@CAXPEAPEAVObject@internal@2@PEAXP6AXAEBV?$WeakCallbackData@VValue@v8@@X@2@@Z@Z 000000018001166d f   node:node.exe
 0001:00010679       __imp_load_?DisposeGlobal@V8@v8@@CAXPEAPEAVObject@internal@2@@Z 0000000180011679 f   node:node.exe
 0001:00010685       __imp_load_?GlobalizeReference@V8@v8@@CAPEAPEAVObject@internal@2@PEAVIsolate@42@PEAPEAV342@@Z 0000000180011685 f   node:node.exe
 0001:00010691       __imp_load_?IsNumber@Value@v8@@QEBA_NXZ 0000000180011691 f   node:node.exe
 0001:0001069d       __imp_load_?New@Number@v8@@SA?AV?$Local@VNumber@v8@@@2@PEAVIsolate@2@N@Z 000000018001169d f   node:node.exe
 0001:000106a9       __imp_load_?Value@Number@v8@@QEBANXZ 00000001800116a9 f   node:node.exe
 0001:000106b5       __imp_load_?SlowGetAlignedPointerFromInternalField@Object@v8@@AEAAPEAXH@Z 00000001800116b5 f   node:node.exe
 0001:000106c1       __imp_load_?SetAlignedPointerInInternalField@Object@v8@@QEAAXHPEAX@Z 00000001800116c1 f   node:node.exe
 0001:000106cd       __imp_load_?InternalFieldCount@Object@v8@@QEAAHXZ 00000001800116cd f   node:node.exe
 0001:000106d9       __imp_load_?Call@Function@v8@@QEAA?AV?$Local@VValue@v8@@@2@V32@HQEAV32@@Z 00000001800116d9 f   node:node.exe
 0001:000106e5       __imp_load_?NewInstance@Function@v8@@QEBA?AV?$Local@VObject@v8@@@2@HQEAV?$Local@VValue@v8@@@2@@Z 00000001800116e5 f   node:node.exe
 0001:000106f1       __imp_load_?SetInternalFieldCount@ObjectTemplate@v8@@QEAAXH@Z 00000001800116f1 f   node:node.exe
 0001:000106fd       __imp_load_?Data@Buffer@node@@YAPEADV?$Local@VObject@v8@@@v8@@@Z 00000001800116fd f   node:node.exe
 0001:00010709       __imp_load_?Length@Buffer@node@@YA_KV?$Local@VObject@v8@@@v8@@@Z 0000000180011709 f   node:node.exe
 0001:00010715       __imp_load_uv_default_loop 0000000180011715 f   node:node.exe
 0001:00010721       __imp_load_?ToObject@Value@v8@@QEBA?AV?$Local@VObject@v8@@@2@XZ 0000000180011721 f   node:node.exe
 0001:0001072d       __imp_load_?ToNumber@Value@v8@@QEBA?AV?$Local@VNumber@v8@@@2@XZ 000000018001172d f   node:node.exe
 0001:0001073c       ??0_Init_locks@std@@QEAA@XZ 000000018001173c f   libcpmt:xlock.obj
 0001:00010788       ??0_Lockit@std@@QEAA@H@Z   0000000180011788 f   libcpmt:xlock.obj
 0001:000107c4       ??1_Init_locks@std@@QEAA@XZ 00000001800117c4 f   libcpmt:xlock.obj
 0001:00010808       ??1_Lockit@std@@QEAA@XZ    0000000180011808 f   libcpmt:xlock.obj
 0001:0001083c       ??$use_facet@V?$codecvt@DDU_Mbstatet@@@std@@@std@@YAAEBV?$codecvt@DDU_Mbstatet@@@0@AEBVlocale@0@@Z 000000018001183c f i libcpmt:cout.obj
 0001:00010974       ??0?$basic_ostream@DU?$char_traits@D@std@@@std@@QEAA@PEAV?$basic_streambuf@DU?$char_traits@D@std@@@1@_N@Z 0000000180011974 f i libcpmt:cout.obj
 0001:00010a3c       ??0?$basic_streambuf@DU?$char_traits@D@std@@@std@@IEAA@XZ 0000000180011a3c f i libcpmt:cout.obj
 0001:00010aec       ??0_Init_cout@std@@QEAA@XZ 0000000180011aec f i libcpmt:cout.obj
 0001:00010b58       ??0bad_cast@std@@QEAA@AEBV01@@Z 0000000180011b58 f i libcpmt:cout.obj
 0001:00010b98       ??0bad_cast@std@@QEAA@XZ   0000000180011b98 f i libcpmt:cout.obj
 0001:00010bb8       ??0exception@std@@QEAA@AEBV01@@Z 0000000180011bb8 f i libcpmt:cout.obj
 0001:00010bf0       ??1?$basic_filebuf@DU?$char_traits@D@std@@@std@@UEAA@XZ 0000000180011bf0 f i libcpmt:cout.obj
 0001:00010c9c       ??1?$basic_ios@DU?$char_traits@D@std@@@std@@UEAA@XZ 0000000180011c9c f i libcpmt:cout.obj
 0001:00010cc0       ??_E?$basic_ostream@DU?$char_traits@D@std@@@std@@$4PPPPPPPM@A@EAAPEAXI@Z 0000000180011cc0 f i libcpmt:cout.obj
 0001:00010ccc       ??_E?$basic_filebuf@DU?$char_traits@D@std@@@std@@UEAAPEAXI@Z 0000000180011ccc f i libcpmt:cout.obj
 0001:00010ccc       ??_G?$basic_filebuf@DU?$char_traits@D@std@@@std@@UEAAPEAXI@Z 0000000180011ccc f i libcpmt:cout.obj
 0001:00010d00       ??_E?$basic_ios@DU?$char_traits@D@std@@@std@@UEAAPEAXI@Z 0000000180011d00 f i libcpmt:cout.obj
 0001:00010d00       ??_G?$basic_ios@DU?$char_traits@D@std@@@std@@UEAAPEAXI@Z 0000000180011d00 f i libcpmt:cout.obj
 0001:00010d4c       ??_E?$basic_ostream@DU?$char_traits@D@std@@@std@@UEAAPEAXI@Z 0000000180011d4c f i libcpmt:cout.obj
 0001:00010d4c       ??_G?$basic_ostream@DU?$char_traits@D@std@@@std@@UEAAPEAXI@Z 0000000180011d4c f i libcpmt:cout.obj
 0001:00010dc0       ??_E?$basic_streambuf@DU?$char_traits@D@std@@@std@@UEAAPEAXI@Z 0000000180011dc0 f i libcpmt:cout.obj
 0001:00010dc0       ??_G?$basic_streambuf@DU?$char_traits@D@std@@@std@@UEAAPEAXI@Z 0000000180011dc0 f i libcpmt:cout.obj
 0001:00010e10       ??_G?$codecvt@DDU_Mbstatet@@@std@@MEAAPEAXI@Z 0000000180011e10 f i libcpmt:cout.obj
 0001:00010e10       ??_E?$codecvt@DDU_Mbstatet@@@std@@MEAAPEAXI@Z 0000000180011e10 f i libcpmt:cout.obj
 0001:00010e3c       ??_Eios_base@std@@UEAAPEAXI@Z 0000000180011e3c f i libcpmt:cout.obj
 0001:00010e3c       ??_Gios_base@std@@UEAAPEAXI@Z 0000000180011e3c f i libcpmt:cout.obj
 0001:00010e88       ??_Glocale@std@@QEAAPEAXI@Z 0000000180011e88 f i libcpmt:cout.obj
 0001:00010f18       ?_Endwrite@?$basic_filebuf@DU?$char_traits@D@std@@@std@@IEAA_NXZ 0000000180011f18 f i libcpmt:cout.obj
 0001:000110cc       ?_Getcat@?$codecvt@DDU_Mbstatet@@@std@@SA_KPEAPEBVfacet@locale@2@PEBV42@@Z 00000001800120cc f i libcpmt:cout.obj
 0001:00011190       ?_Init@?$basic_filebuf@DU?$char_traits@D@std@@@std@@IEAAXPEAU_iobuf@@W4_Initfl@12@@Z 0000000180012190 f i libcpmt:cout.obj
 0001:0001127c       ?_Init@ios_base@std@@IEAAXXZ 000000018001227c f i libcpmt:cout.obj
 0001:000112fc       ?_Initcvt@?$basic_filebuf@DU?$char_traits@D@std@@@std@@IEAAXPEBV?$codecvt@DDU_Mbstatet@@@2@@Z 00000001800122fc f i libcpmt:cout.obj
 0001:0001139c       ?_Lock@?$basic_filebuf@DU?$char_traits@D@std@@@std@@UEAAXXZ 000000018001239c f i libcpmt:cout.obj
 0001:000113b8       ?_Unlock@?$basic_filebuf@DU?$char_traits@D@std@@@std@@UEAAXXZ 00000001800123b8 f i libcpmt:cout.obj
 0001:000113d4       ?do_length@?$codecvt@DDU_Mbstatet@@@std@@MEBAHAEAU_Mbstatet@@PEBD1_K@Z 00000001800123d4 f i libcpmt:cout.obj
 0001:000113e8       ?do_in@?$codecvt@DDU_Mbstatet@@@std@@MEBAHAEAU_Mbstatet@@PEBD1AEAPEBDPEAD3AEAPEAD@Z 00000001800123e8 f i libcpmt:cout.obj
 0001:000113e8       ?do_out@?$codecvt@DDU_Mbstatet@@@std@@MEBAHAEAU_Mbstatet@@PEBD1AEAPEBDPEAD3AEAPEAD@Z 00000001800123e8 f i libcpmt:cout.obj
 0001:00011404       ?do_unshift@?$codecvt@DDU_Mbstatet@@@std@@MEBAHAEAU_Mbstatet@@PEAD1AEAPEAD@Z 0000000180012404 f i libcpmt:cout.obj
 0001:00011410       ?imbue@?$basic_filebuf@DU?$char_traits@D@std@@@std@@MEAAXAEBVlocale@2@@Z 0000000180012410 f i libcpmt:cout.obj
 0001:00011434       ?overflow@?$basic_filebuf@DU?$char_traits@D@std@@@std@@MEAAHH@Z 0000000180012434 f i libcpmt:cout.obj
 0001:0001168c       ?pbackfail@?$basic_filebuf@DU?$char_traits@D@std@@@std@@MEAAHH@Z 000000018001268c f i libcpmt:cout.obj
 0001:0001175c       ?pbackfail@?$basic_streambuf@DU?$char_traits@D@std@@@std@@MEAAHH@Z 000000018001275c f i libcpmt:cout.obj
 0001:0001175c       ?underflow@?$basic_streambuf@DU?$char_traits@D@std@@@std@@MEAAHXZ 000000018001275c f i libcpmt:cout.obj
 0001:0001175c       ?overflow@?$basic_streambuf@DU?$char_traits@D@std@@@std@@MEAAHH@Z 000000018001275c f i libcpmt:cout.obj
 0001:00011760       ?seekoff@?$basic_filebuf@DU?$char_traits@D@std@@@std@@MEAA?AV?$fpos@U_Mbstatet@@@2@_JHH@Z 0000000180012760 f i libcpmt:cout.obj
 0001:0001184c       ?seekpos@?$basic_filebuf@DU?$char_traits@D@std@@@std@@MEAA?AV?$fpos@U_Mbstatet@@@2@V32@H@Z 000000018001284c f i libcpmt:cout.obj
 0001:0001194c       ?seekoff@?$basic_streambuf@DU?$char_traits@D@std@@@std@@MEAA?AV?$fpos@U_Mbstatet@@@2@_JHH@Z 000000018001294c f i libcpmt:cout.obj
 0001:0001194c       ?seekpos@?$basic_streambuf@DU?$char_traits@D@std@@@std@@MEAA?AV?$fpos@U_Mbstatet@@@2@V32@H@Z 000000018001294c f i libcpmt:cout.obj
 0001:00011968       ?setbuf@?$basic_filebuf@DU?$char_traits@D@std@@@std@@MEAAPEAV?$basic_streambuf@DU?$char_traits@D@std@@@2@PEAD_J@Z 0000000180012968 f i libcpmt:cout.obj
 0001:000119bc       ?setbuf@?$basic_streambuf@DU?$char_traits@D@std@@@std@@MEAAPEAV12@PEAD_J@Z 00000001800129bc f i libcpmt:cout.obj
 0001:000119c0       ?sync@?$basic_filebuf@DU?$char_traits@D@std@@@std@@MEAAHXZ 00000001800129c0 f i libcpmt:cout.obj
 0001:00011a20       ?uflow@?$basic_filebuf@DU?$char_traits@D@std@@@std@@MEAAHXZ 0000000180012a20 f i libcpmt:cout.obj
 0001:00011cb8       ?uflow@?$basic_streambuf@DU?$char_traits@D@std@@@std@@MEAAHXZ 0000000180012cb8 f i libcpmt:cout.obj
 0001:00011d04       ?underflow@?$basic_filebuf@DU?$char_traits@D@std@@@std@@MEAAHXZ 0000000180012d04 f i libcpmt:cout.obj
 0001:00011d7c       ?what@exception@std@@UEBAPEBDXZ 0000000180012d7c f i libcpmt:cout.obj
 0001:00011d90       ?xsgetn@?$basic_streambuf@DU?$char_traits@D@std@@@std@@MEAA_JPEAD_J@Z 0000000180012d90 f i libcpmt:cout.obj
 0001:00011e50       ?xsputn@?$basic_streambuf@DU?$char_traits@D@std@@@std@@MEAA_JPEBD_J@Z 0000000180012e50 f i libcpmt:cout.obj
 0001:00011f14       ??4?$_Yarn@D@std@@QEAAAEAV01@PEBD@Z 0000000180012f14 f i libcpmt:locale0.obj
 0001:00011f8c       ??_G_Fac_node@std@@QEAAPEAXI@Z 0000000180012f8c f i libcpmt:locale0.obj
 0001:00012018       ??_E_Locimp@locale@std@@MEAAPEAXI@Z 0000000180013018 f i libcpmt:locale0.obj
 0001:00012018       ??_G_Locimp@locale@std@@MEAAPEAXI@Z 0000000180013018 f i libcpmt:locale0.obj
 0001:00012084       ?_Facet_Register@std@@YAXPEAV_Facet_base@1@@Z 0000000180013084 f   libcpmt:locale0.obj
 0001:000120bc       ?_Getgloballocale@locale@std@@CAPEAV_Locimp@12@XZ 00000001800130bc f   libcpmt:locale0.obj
 0001:000120c4       ?_Init@locale@std@@CAPEAV_Locimp@12@_N@Z 00000001800130c4 f   libcpmt:locale0.obj
 0001:00012180       ?_Locimp_dtor@_Locimp@locale@std@@CAXPEAV123@@Z 0000000180013180 f   libcpmt:locale0.obj
 0001:00012228       ?_Locinfo_ctor@_Locinfo@std@@SAXPEAV12@PEBD@Z 0000000180013228 f   libcpmt:locale0.obj
 0001:00012294       ?_Locinfo_dtor@_Locinfo@std@@SAXPEAV12@@Z 0000000180013294 f   libcpmt:locale0.obj
 0001:000122b8       ?_New_Locimp@_Locimp@locale@std@@CAPEAV123@_N@Z 00000001800132b8 f   libcpmt:locale0.obj
 0001:00012328       ?_Setgloballocale@locale@std@@CAXPEAX@Z 0000000180013328 f   libcpmt:locale0.obj
 0001:0001235c       _Deletegloballocale        000000018001335c f   libcpmt:locale0.obj
 0001:000123e4       ??0bad_alloc@std@@QEAA@AEBV01@@Z 00000001800133e4 f i libcpmt:xthrow.obj
 0001:00012424       ??0bad_alloc@std@@QEAA@XZ  0000000180013424 f i libcpmt:xthrow.obj
 0001:00012444       ??0length_error@std@@QEAA@AEBV01@@Z 0000000180013444 f i libcpmt:xthrow.obj
 0001:00012484       ??0length_error@std@@QEAA@PEBD@Z 0000000180013484 f i libcpmt:xthrow.obj
 0001:000124d0       ??0logic_error@std@@QEAA@AEBV01@@Z 00000001800134d0 f i libcpmt:xthrow.obj
 0001:00012510       ??0out_of_range@std@@QEAA@AEBV01@@Z 0000000180013510 f i libcpmt:xthrow.obj
 0001:00012550       ??0out_of_range@std@@QEAA@PEBD@Z 0000000180013550 f i libcpmt:xthrow.obj
 0001:0001259c       ??_Gbad_exception@std@@UEAAPEAXI@Z 000000018001359c f i libvcruntime:frame.obj
 0001:0001259c       ??_Elogic_error@std@@UEAAPEAXI@Z 000000018001359c f i libcpmt:xthrow.obj
 0001:0001259c       ??_Gout_of_range@std@@UEAAPEAXI@Z 000000018001359c f i libcpmt:xthrow.obj
 0001:0001259c       ??_Gbad_alloc@std@@UEAAPEAXI@Z 000000018001359c f i libcpmt:xthrow.obj
 0001:0001259c       ??_Ebad_alloc@std@@UEAAPEAXI@Z 000000018001359c f i libcpmt:xthrow.obj
 0001:0001259c       ??_Ebad_array_new_length@std@@UEAAPEAXI@Z 000000018001359c f i LIBCMT:throw_bad_alloc.obj
 0001:0001259c       ??_Glength_error@std@@UEAAPEAXI@Z 000000018001359c f i libcpmt:xthrow.obj
 0001:0001259c       ??_Glogic_error@std@@UEAAPEAXI@Z 000000018001359c f i libcpmt:xthrow.obj
 0001:0001259c       ??_Eexception@std@@UEAAPEAXI@Z 000000018001359c f i libcpmt:cout.obj
 0001:0001259c       ??_Gbad_array_new_length@std@@UEAAPEAXI@Z 000000018001359c f i LIBCMT:throw_bad_alloc.obj
 0001:0001259c       ??_Ebad_exception@std@@UEAAPEAXI@Z 000000018001359c f i libvcruntime:frame.obj
 0001:0001259c       ??_Eout_of_range@std@@UEAAPEAXI@Z 000000018001359c f i libcpmt:xthrow.obj
 0001:0001259c       ??_Gbad_cast@std@@UEAAPEAXI@Z 000000018001359c f i libcpmt:cout.obj
 0001:0001259c       ??_Ebad_cast@std@@UEAAPEAXI@Z 000000018001359c f i libcpmt:cout.obj
 0001:0001259c       ??_Gexception@std@@UEAAPEAXI@Z 000000018001359c f i libcpmt:cout.obj
 0001:0001259c       ??_Elength_error@std@@UEAAPEAXI@Z 000000018001359c f i libcpmt:xthrow.obj
 0001:000125e0       ?_Xbad_alloc@std@@YAXXZ    00000001800135e0 f   libcpmt:xthrow.obj
 0001:000125e0       ?__scrt_throw_std_bad_alloc@@YAXXZ 00000001800135e0 f   LIBCMT:throw_bad_alloc.obj
 0001:00012600       ?_Xlength_error@std@@YAXPEBD@Z 0000000180013600 f   libcpmt:xthrow.obj
 0001:00012624       ?_Xout_of_range@std@@YAXPEBD@Z 0000000180013624 f   libcpmt:xthrow.obj
 0001:00012648       ?_Syserror_map@std@@YAPEBDH@Z 0000000180013648 f   libcpmt:syserror.obj
 0001:00012670       _Getctype                  0000000180013670 f   libcpmt:_tolower.obj
 0001:00012730       _Tolower                   0000000180013730 f   libcpmt:_tolower.obj
 0001:00012858       _Toupper                   0000000180013858 f   libcpmt:_toupper.obj
 0001:00012990       _Mtxdst                    0000000180013990 f   libcpmt:xmtx.obj
 0001:00012998       _Mtxinit                   0000000180013998 f   libcpmt:xmtx.obj
 0001:000129a8       _Mtxlock                   00000001800139a8 f   libcpmt:xmtx.obj
 0001:000129b0       _Mtxunlock                 00000001800139b0 f   libcpmt:xmtx.obj
 0001:000129b8       ?_Addstd@ios_base@std@@SAXPEAV12@@Z 00000001800139b8 f   libcpmt:ios.obj
 0001:00012a28       ?_Ios_base_dtor@ios_base@std@@CAXPEAV12@@Z 0000000180013a28 f   libcpmt:ios.obj
 0001:00012a6c       ?_Tidy@ios_base@std@@AEAAXXZ 0000000180013a6c f i libcpmt:ios.obj
 0001:00012afc       ?_Atexit@@YAXP6AXXZ@Z      0000000180013afc f   libcpmt:iosptrs.obj
 0001:00012b3c       __crtLCMapStringA          0000000180013b3c f   libcpmt:StlLCMapStringA.obj
 0001:00013300       __crtInitializeCriticalSectionEx 0000000180014300 f   libcpmt:winapisupp.obj
 0001:00013360       GetTableIndexFromLocaleName 0000000180014360 f   libcpmt:winapinls.obj
 0001:000133ec       __crtDownlevelLocaleNameToLCID 00000001800143ec f   libcpmt:winapinls.obj
 0001:00013420       __crtLCMapStringEx         0000000180014420 f   libcpmt:winapinls.obj
 0001:000134dc       __wcsnicmp_ascii           00000001800144dc f   libcpmt:winapinls.obj
 0001:00013534       ??0CAtlBaseModule@ATL@@QEAA@XZ 0000000180014534 f   atls:atlbase.obj
 0001:000135dc       ??1CAtlBaseModule@ATL@@QEAA@XZ 00000001800145dc f   atls:atlbase.obj
 0001:00013610       ??3@YAXPEAX@Z              0000000180014610 f   LIBCMT:delete_scalar.obj
 0001:00013630       __security_check_cookie    0000000180014630 f   LIBCMT:_amdsecgs_.obj
 0001:0001379c       _Init_thread_footer        000000018001479c f   LIBCMT:thread_safe_statics.obj
 0001:000137fc       _Init_thread_header        00000001800147fc f   LIBCMT:thread_safe_statics.obj
 0001:00013864       _Init_thread_notify        0000000180014864 f   LIBCMT:thread_safe_statics.obj
 0001:000138c0       _Init_thread_wait          00000001800148c0 f   LIBCMT:thread_safe_statics.obj
 0001:00013958       __scrt_acquire_startup_lock 0000000180014958 f   LIBCMT:utility.obj
 0001:00013994       __scrt_dllmain_after_initialize_c 0000000180014994 f   LIBCMT:utility.obj
 0001:000139c8       __scrt_dllmain_before_initialize_c 00000001800149c8 f   LIBCMT:utility.obj
 0001:000139e0       __scrt_dllmain_crt_thread_attach 00000001800149e0 f   LIBCMT:utility.obj
 0001:00013a08       __scrt_dllmain_crt_thread_detach 0000000180014a08 f   LIBCMT:utility.obj
 0001:00013a20       __scrt_dllmain_exception_filter 0000000180014a20 f   LIBCMT:utility.obj
 0001:00013a84       __scrt_dllmain_uninitialize_c 0000000180014a84 f   LIBCMT:utility.obj
 0001:00013ab4       __scrt_dllmain_uninitialize_critical 0000000180014ab4 f   LIBCMT:utility.obj
 0001:00013ac8       __scrt_initialize_crt      0000000180014ac8 f   LIBCMT:utility.obj
 0001:00013b14       __scrt_initialize_onexit_tables 0000000180014b14 f   LIBCMT:utility.obj
 0001:00013be0       __scrt_is_nonwritable_in_current_image 0000000180014be0 f   LIBCMT:utility.obj
 0001:00013c7c       __scrt_release_startup_lock 0000000180014c7c f   LIBCMT:utility.obj
 0001:00013ca0       __scrt_uninitialize_crt    0000000180014ca0 f   LIBCMT:utility.obj
 0001:00013ccc       _onexit                    0000000180014ccc f   LIBCMT:utility.obj
 0001:00013d1c       atexit                     0000000180014d1c f   LIBCMT:utility.obj
 0001:00013d34       ??_V@YAXPEAX@Z             0000000180014d34 f   LIBCMT:delete_array.obj
 0001:00013d34       ??3@YAXPEAX_K@Z            0000000180014d34 f   LIBCMT:delete_scalar_size.obj
 0001:00013d3c       ??2@YAPEAX_K@Z             0000000180014d3c f   LIBCMT:new_scalar.obj
 0001:00013d78       ??_U@YAPEAX_K@Z            0000000180014d78 f   LIBCMT:new_array.obj
 0001:000140f0       _DllMainCRTStartup         00000001800150f0 f   LIBCMT:dll_dllmain.obj
 0001:00014130       __GSHandlerCheck           0000000180015130 f   LIBCMT:_gshandler_.obj
 0001:00014150       __GSHandlerCheckCommon     0000000180015150 f   LIBCMT:_gshandler_.obj
 0001:000141ac       __GSHandlerCheck_EH        00000001800151ac f   LIBCMT:gshandlereh.obj
 0001:0001423c       _guard_check_icall         000000018001523c f i LIBCMT:checkcfg.obj
 0001:00014244       ??_Etype_info@@UEAAPEAXI@Z 0000000180015244 f i LIBCMT:std_type_info_static.obj
 0001:00014244       ??_Gtype_info@@UEAAPEAXI@Z 0000000180015244 f i LIBCMT:std_type_info_static.obj
 0001:00014280       _alloca_probe              0000000180015280 f   LIBCMT:_chkstk_.obj
 0001:00014280       __chkstk                   0000000180015280 f   LIBCMT:_chkstk_.obj
 0001:000142d4       __raise_securityfailure    00000001800152d4 f   LIBCMT:gs_report.obj
 0001:00014308       __report_gsfailure         0000000180015308 f   LIBCMT:gs_report.obj
 0001:000143dc       __report_rangecheckfailure 00000001800153dc f   LIBCMT:gs_report.obj
 0001:000143f0       __report_securityfailure   00000001800153f0 f   LIBCMT:gs_report.obj
 0001:00014570       __crt_debugger_hook        0000000180015570 f   LIBCMT:utility_desktop.obj
 0001:00014578       __scrt_fastfail            0000000180015578 f   LIBCMT:utility_desktop.obj
 0001:000146c0       __isa_available_init       00000001800156c0 f   LIBCMT:_cpu_disp_.obj
 0001:00014884       __scrt_is_ucrt_dll_in_use  0000000180015884 f   LIBCMT:ucrt_detection.obj
 0001:00014890       ??0bad_array_new_length@std@@QEAA@AEBV01@@Z 0000000180015890 f i LIBCMT:throw_bad_alloc.obj
 0001:000148d0       ??0bad_array_new_length@std@@QEAA@XZ 00000001800158d0 f i LIBCMT:throw_bad_alloc.obj
 0001:000148f0       ?__scrt_throw_std_bad_array_new_length@@YAXXZ 00000001800158f0 f   LIBCMT:throw_bad_alloc.obj
 0001:00014910       __security_init_cookie     0000000180015910 f   LIBCMT:gs_support.obj
 0001:000149bc       ?__scrt_initialize_type_info@@YAXXZ 00000001800159bc f   LIBCMT:tncleanup.obj
 0001:000149cc       ?__scrt_uninitialize_type_info@@YAXXZ 00000001800159cc f   LIBCMT:tncleanup.obj
 0001:000149d8       __local_stdio_scanf_options 00000001800159d8 f i LIBCMT:default_local_stdio_options.obj
 0001:000149e0       __scrt_initialize_default_local_stdio_options 00000001800159e0 f   LIBCMT:default_local_stdio_options.obj
 0001:000149fc       __scrt_get_dyn_tls_init_callback 00000001800159fc f   LIBCMT:dyn_tls_init.obj
 0001:00014a04       _RTC_Initialize            0000000180015a04 f   LIBCMT:_initsect_.obj
 0001:00014a50       _RTC_Terminate             0000000180015a50 f   LIBCMT:_initsect_.obj
 0001:00014ab0       memcpy                     0000000180015ab0 f   libvcruntime:memcpy.obj
 0001:00014ab0       memmove                    0000000180015ab0 f   libvcruntime:memcpy.obj
 0001:00014ee8       _purecall                  0000000180015ee8 f   libvcruntime:purevirt.obj
 0001:00014f24       __DestructExceptionObject  0000000180015f24 f   libvcruntime:frame.obj
 0001:00014fac       ??0bad_exception@std@@QEAA@AEBV01@@Z 0000000180015fac f i libvcruntime:frame.obj
 0001:00014fec       ??0bad_exception@std@@QEAA@XZ 0000000180015fec f i libvcruntime:frame.obj
 0001:0001500c       ??1bad_cast@std@@UEAA@XZ   000000018001600c f i libcpmt:cout.obj
 0001:0001500c       ??1out_of_range@std@@UEAA@XZ 000000018001600c f i libcpmt:xthrow.obj
 0001:0001500c       ??1bad_alloc@std@@UEAA@XZ  000000018001600c f i libcpmt:xthrow.obj
 0001:0001500c       ??1bad_exception@std@@UEAA@XZ 000000018001600c f i libvcruntime:frame.obj
 0001:0001500c       ??1bad_array_new_length@std@@UEAA@XZ 000000018001600c f i LIBCMT:throw_bad_alloc.obj
 0001:0001500c       ??1length_error@std@@UEAA@XZ 000000018001600c f i libcpmt:xthrow.obj
 0001:00015960       ?_CallMemberFunction0@@YAXPEAXP6AX0@Z@Z 0000000180016960 f i libvcruntime:frame.obj
 0001:00015964       ?_CallMemberFunction1@@YAXPEAXP6AX0@Z0@Z 0000000180016964 f i libvcruntime:frame.obj
 0001:00015970       ?_CallMemberFunction2@@YAXPEAXP6AX0@Z0H@Z 0000000180016970 f i libvcruntime:frame.obj
 0001:00015980       __AdjustPointer            0000000180016980 f   libvcruntime:frame.obj
 0001:000159a4       __BuildCatchObject         00000001800169a4 f   libvcruntime:frame.obj
 0001:00015a6c       __BuildCatchObjectHelper   0000000180016a6c f   libvcruntime:frame.obj
 0001:00015c50       __CxxCallCatchBlock        0000000180016c50 f   libvcruntime:frame.obj
 0001:00015e3c       __FrameUnwindFilter        0000000180016e3c f   libvcruntime:frame.obj
 0001:00015e88       __FrameUnwindToState       0000000180016e88 f   libvcruntime:frame.obj
 0001:0001601c       __InternalCxxFrameHandler  000000018001701c f   libvcruntime:frame.obj
 0001:00016274       __TypeMatch                0000000180017274 f   libvcruntime:frame.obj
 0001:000163b4       __std_terminate            00000001800173b4 f   libvcruntime:frame.obj
 0001:000163c0       __std_exception_copy       00000001800173c0 f   libvcruntime:std_exception.obj
 0001:00016450       __std_exception_destroy    0000000180017450 f   libvcruntime:std_exception.obj
 0001:00016478       _CxxThrowException         0000000180017478 f   libvcruntime:throw.obj
 0001:00016550       ?_GetEstablisherFrame@@YAPEA_KPEA_KPEAU_xDISPATCHER_CONTEXT@@PEBU_s_FuncInfo@@0@Z 0000000180017550 f   libvcruntime:trnsctrl.obj
 0001:0001661c       ?_GetRangeOfTrysToCheck@@YAPEBU_s_TryBlockMapEntry@@PEA_KPEBU_s_FuncInfo@@HHPEAI2PEAU_xDISPATCHER_CONTEXT@@@Z 000000018001761c f   libvcruntime:trnsctrl.obj
 0001:00016748       ?__FrameUnwindToEmptyState@@YAXPEA_KPEAU_xDISPATCHER_CONTEXT@@PEBU_s_FuncInfo@@@Z 0000000180017748 f   libvcruntime:trnsctrl.obj
 0001:000167dc       ?__SehTransFilter@@YAHPEAU_EXCEPTION_POINTERS@@PEAUEHExceptionRecord@@PEA_KPEAU_CONTEXT@@PEAU_xDISPATCHER_CONTEXT@@PEBU_s_FuncInfo@@PEAH@Z 00000001800177dc f   libvcruntime:trnsctrl.obj
 0001:00016874       _CallSETranslator          0000000180017874 f   libvcruntime:trnsctrl.obj
 0001:000168cc       _CreateFrameInfo           00000001800178cc f   libvcruntime:trnsctrl.obj
 0001:00016908       _FindAndUnlinkFrame        0000000180017908 f   libvcruntime:trnsctrl.obj
 0001:00016960       _GetImageBase              0000000180017960 f   libvcruntime:trnsctrl.obj
 0001:00016974       _GetThrowImageBase         0000000180017974 f   libvcruntime:trnsctrl.obj
 0001:00016988       _IsExceptionObjectToBeDestroyed 0000000180017988 f   libvcruntime:trnsctrl.obj
 0001:000169b8       _SetImageBase              00000001800179b8 f   libvcruntime:trnsctrl.obj
 0001:000169d0       _SetThrowImageBase         00000001800179d0 f   libvcruntime:trnsctrl.obj
 0001:000169e8       _UnwindNestedFrames        00000001800179e8 f   libvcruntime:trnsctrl.obj
 0001:00016b0c       __CxxFrameHandler3         0000000180017b0c f   libvcruntime:trnsctrl.obj
 0001:00016ba0       memset                     0000000180017ba0 f   libvcruntime:memset.obj
 0001:00016d50       memcmp                     0000000180017d50 f   libvcruntime:memcmp.obj
 0001:00016fe0       __vcrt_EventRegister       0000000180017fe0 f   libvcruntime:winapi_downlevel.obj
 0001:00017064       __vcrt_EventSetInformation 0000000180018064 f   libvcruntime:winapi_downlevel.obj
 0001:000170e8       __vcrt_EventUnregister     00000001800180e8 f   libvcruntime:winapi_downlevel.obj
 0001:0001713c       __vcrt_EventWriteTransfer  000000018001813c f   libvcruntime:winapi_downlevel.obj
 0001:000171d4       __vcrt_FlsAlloc            00000001800181d4 f   libvcruntime:winapi_downlevel.obj
 0001:00017228       __vcrt_FlsFree             0000000180018228 f   libvcruntime:winapi_downlevel.obj
 0001:0001727c       __vcrt_FlsGetValue         000000018001827c f   libvcruntime:winapi_downlevel.obj
 0001:000172d0       __vcrt_FlsSetValue         00000001800182d0 f   libvcruntime:winapi_downlevel.obj
 0001:00017338       __vcrt_InitializeCriticalSectionEx 0000000180018338 f   libvcruntime:winapi_downlevel.obj
 0001:000173b0       __vcrt_initialize_winapi_thunks 00000001800183b0 f   libvcruntime:winapi_downlevel.obj
 0001:000173e8       __vcrt_uninitialize_winapi_thunks 00000001800183e8 f   libvcruntime:winapi_downlevel.obj
 0001:00017428       __vcrt_initialize          0000000180018428 f   libvcruntime:initialization.obj
 0001:00017460       __vcrt_thread_attach       0000000180018460 f   libvcruntime:initialization.obj
 0001:00017474       __vcrt_thread_detach       0000000180018474 f   libvcruntime:initialization.obj
 0001:00017488       __vcrt_uninitialize        0000000180018488 f   libvcruntime:initialization.obj
 0001:000174b4       __vcrt_uninitialize_critical 00000001800184b4 f   libvcruntime:initialization.obj
 0001:000174c4       __C_specific_handler       00000001800184c4 f   libvcruntime:_chandler_.obj
 0001:000176c4       __telemetry_main_invoke_trigger 00000001800186c4 f   libvcruntime:telemetry.obj
 0001:000177dc       __telemetry_main_return_trigger 00000001800187dc f   libvcruntime:telemetry.obj
 0001:000178f4       __vcrt_initialize_telemetry_provider 00000001800188f4 f   libvcruntime:telemetry.obj
 0001:00017908       __vcrt_uninitialize_telemetry_provider 0000000180018908 f   libvcruntime:telemetry.obj
 0001:00017928       __std_type_info_compare    0000000180018928 f   libvcruntime:std_type_info.obj
 0001:00017950       __std_type_info_destroy_list 0000000180018950 f   libvcruntime:std_type_info.obj
 0001:0001797c       __vcrt_initialize_pure_virtual_call_handler 000000018001897c f   libvcruntime:purevirt_data.obj
 0001:000179a0       __vcrt_freefls             00000001800189a0 f   libvcruntime:per_thread_data.obj
 0001:000179c0       __vcrt_freeptd             00000001800189c0 f   libvcruntime:per_thread_data.obj
 0001:00017a10       __vcrt_getptd              0000000180018a10 f   libvcruntime:per_thread_data.obj
 0001:00017a2c       __vcrt_getptd_noexit       0000000180018a2c f   libvcruntime:per_thread_data.obj
 0001:00017ae4       __vcrt_initialize_ptd      0000000180018ae4 f   libvcruntime:per_thread_data.obj
 0001:00017b24       __vcrt_uninitialize_ptd    0000000180018b24 f   libvcruntime:per_thread_data.obj
 0001:00017b48       ?__GetCurrentState@@YAHPEA_KPEAU_xDISPATCHER_CONTEXT@@PEBU_s_FuncInfo@@@Z 0000000180018b48 f   libvcruntime:ehstate.obj
 0001:00017b70       ?__GetUnwindTryBlock@@YAHPEA_KPEAU_xDISPATCHER_CONTEXT@@PEBU_s_FuncInfo@@@Z 0000000180018b70 f   libvcruntime:ehstate.obj
 0001:00017b9c       ?__SetState@@YAXPEA_KPEAU_xDISPATCHER_CONTEXT@@PEBU_s_FuncInfo@@H@Z 0000000180018b9c f   libvcruntime:ehstate.obj
 0001:00017ba8       ?__SetUnwindTryBlock@@YAXPEA_KPEAU_xDISPATCHER_CONTEXT@@PEBU_s_FuncInfo@@H@Z 0000000180018ba8 f   libvcruntime:ehstate.obj
 0001:00017be4       ?__StateFromControlPc@@YAHPEBU_s_FuncInfo@@PEAU_xDISPATCHER_CONTEXT@@@Z 0000000180018be4 f   libvcruntime:ehstate.obj
 0001:00017bec       ?__StateFromIp@@YAHPEBU_s_FuncInfo@@PEAU_xDISPATCHER_CONTEXT@@_J@Z 0000000180018bec f   libvcruntime:ehstate.obj
 0001:00017c70       _CallSettingFrame          0000000180018c70 f   libvcruntime:handlers.obj
 0001:00017cc0       _local_unwind              0000000180018cc0 f   libvcruntime:_jmpuwind_.obj
 0001:00017cf0       _NLG_Notify                0000000180018cf0 f   libvcruntime:_jmpuwind_.obj
 0001:00017d10       __NLG_Dispatch2            0000000180018d10 f   libvcruntime:_jmpuwind_.obj
 0001:00017d20       __NLG_Return2              0000000180018d20 f   libvcruntime:_jmpuwind_.obj
 0001:00017d24       __vcrt_initialize_locks    0000000180018d24 f   libvcruntime:locks.obj
 0001:00017d6c       __vcrt_uninitialize_locks  0000000180018d6c f   libvcruntime:locks.obj
 0001:00017da4       free                       0000000180018da4 f   libucrt:free.obj
 0001:00017dac       abort                      0000000180018dac f   libucrt:abort.obj
 0001:00017e04       __acrt_call_reportfault    0000000180018e04 f   libucrt:invalid_parameter.obj
 0001:00017f60       __acrt_initialize_invalid_parameter_handler 0000000180018f60 f   libucrt:invalid_parameter.obj
 0001:00017f68       _invalid_parameter         0000000180018f68 f   libucrt:invalid_parameter.obj
 0001:00018010       _invalid_parameter_noinfo  0000000180019010 f   libucrt:invalid_parameter.obj
 0001:00018030       _invalid_parameter_noinfo_noreturn 0000000180019030 f   libucrt:invalid_parameter.obj
 0001:00018060       _invoke_watson             0000000180019060 f   libucrt:invalid_parameter.obj
 0001:000180a8       ??0_LocaleUpdate@@QEAA@QEAU__crt_locale_pointers@@@Z 00000001800190a8 f i libucrt:tolower_toupper.obj
 0001:00018188       _tolower_l                 0000000180019188 f   libucrt:tolower_toupper.obj
 0001:000182c8       tolower                    00000001800192c8 f   libucrt:tolower_toupper.obj
 0001:000182f4       rand                       00000001800192f4 f   libucrt:rand.obj
 0001:00018320       ??$?RV<lambda_7b91131dde12e1c3dfc74ff76b3f2eac>@@AEAV<lambda_dd75445284c072d0bd3768540cc698fa>@@V<lambda_16bc4ecb55b4718497c16bceaea2ceaf>@@@?$__crt_seh_guarded_call@H@@QEAAH$$QEAV<lambda_7b91131dde12e1c3dfc74ff76b3f2eac>@@AEAV<lambda_dd75445284c072d0bd3768540cc698fa>@@$$QEAV<lambda_16bc4ecb55b4718497c16bceaea2ceaf>@@@Z 0000000180019320 f i libucrt:output.obj
 0001:00018360       ??$ensure_buffer_is_big_enough@D@formatting_buffer@__crt_stdio_output@@QEAA_N_K@Z 0000000180019360 f i libucrt:output.obj
 0001:0001840c       ??$is_wide_character_specifier@_W@__crt_stdio_output@@YA_N_K_WW4length_modifier@0@@Z 000000018001940c f i libucrt:output.obj
 0001:00018450       ??$type_case_integer_parse_into_buffer@I@?$output_processor@_WV?$string_output_adapter@_W@__crt_stdio_output@@V?$standard_base@_WV?$string_output_adapter@_W@__crt_stdio_output@@@2@@__crt_stdio_output@@AEAAXII_N@Z 0000000180019450 f i libucrt:output.obj
 0001:00018450       ??$type_case_integer_parse_into_buffer@I@?$output_processor@_WV?$stream_output_adapter@_W@__crt_stdio_output@@V?$standard_base@_WV?$stream_output_adapter@_W@__crt_stdio_output@@@2@@__crt_stdio_output@@AEAAXII_N@Z 0000000180019450 f i libucrt:output.obj
 0001:000184ec       ??$type_case_integer_parse_into_buffer@_K@?$output_processor@_WV?$string_output_adapter@_W@__crt_stdio_output@@V?$standard_base@_WV?$string_output_adapter@_W@__crt_stdio_output@@@2@@__crt_stdio_output@@AEAAX_KI_N@Z 00000001800194ec f i libucrt:output.obj
 0001:000184ec       ??$type_case_integer_parse_into_buffer@_K@?$output_processor@_WV?$stream_output_adapter@_W@__crt_stdio_output@@V?$standard_base@_WV?$stream_output_adapter@_W@__crt_stdio_output@@@2@@__crt_stdio_output@@AEAAX_KI_N@Z 00000001800194ec f i libucrt:output.obj
 0001:00018588       ??$write_multiple_characters@V?$stream_output_adapter@_W@__crt_stdio_output@@D@__crt_stdio_output@@YAXAEBV?$stream_output_adapter@_W@0@DHQEAH@Z 0000000180019588 f i libucrt:output.obj
 0001:00018618       ??$write_multiple_characters@V?$string_output_adapter@_W@__crt_stdio_output@@D@__crt_stdio_output@@YAXAEBV?$string_output_adapter@_W@0@DHQEAH@Z 0000000180019618 f i libucrt:output.obj
[...]
 0004:00002d00       $pdata$_log_special_common 0000000180054d00     libucrt:log_special.obj
 0004:00002d0c       $pdata$?DloadAcquireSectionWriteAccess@@YAXXZ 0000000180054d0c     DelayImp:delayhlp.obj
 0004:00002d18       $pdata$?DloadGetSRWLockFunctionPointers@@YAEXZ 0000000180054d18     DelayImp:delayhlp.obj
 0004:00002d24       $pdata$?DloadMakePermanentImageCommit@@YAXPEAX_K@Z 0000000180054d24     DelayImp:delayhlp.obj
 0004:00002d30       $pdata$?DloadObtainSection@@YAPEAXPEAK0@Z 0000000180054d30     DelayImp:delayhlp.obj
 0004:00002d3c       $pdata$?DloadProtectSection@@YAXKPEAK@Z 0000000180054d3c     DelayImp:delayhlp.obj
 0004:00002d48       $pdata$?DloadReleaseSectionWriteAccess@@YAXXZ 0000000180054d48     DelayImp:delayhlp.obj
 0004:00002d54       $pdata$__delayLoadHelper2  0000000180054d54     DelayImp:delayhlp.obj
 0004:00002d60       $pdata$_IsNonwritableInCurrentImage 0000000180054d60     LIBCMT:pesect.obj
 0004:00002d6c       $pdata$strrchr             0000000180054d6c     libvcruntime:strrchr.obj
 0004:00002d78       $pdata$wcschr              0000000180054d78     libvcruntime:wcschr.obj
 0004:00002d84       $pdata$atan2               0000000180054d84     libucrt:atan2.obj
 0004:00002da8       $pdata$fmod                0000000180054da8     libucrt:fmod.obj
 0004:00002dc0       $pdata$sqrt                0000000180054dc0     libucrt:sqrt.obj
 0004:00002dfc       $pdata$_sincos_special     0000000180054dfc     libucrt:sincos_special.obj
 0004:00002e08       $pdata$_exp_special        0000000180054e08     libucrt:exp_special.obj
 0004:00002e20       $pdata$?dtor$0@?0???0?$basic_ostream@DU?$char_traits@D@std@@@std@@QEAA@PEAV?$basic_streambuf@DU?$char_traits@D@std@@@1@_N@Z@4HA 0000000180054e20     libcpmt:cout.obj
 0004:00002e2c       $pdata$?dtor$0@?0??_Getcat@?$codecvt@DDU_Mbstatet@@@std@@SA_KPEAPEBVfacet@locale@2@PEBV42@@Z@4HA 0000000180054e2c     libcpmt:cout.obj
 0004:00002e38       $pdata$__scrt_is_nonwritable_in_current_image$filt$0 0000000180054e38     LIBCMT:utility.obj
 0004:00002e44       $pdata$?fin$0@?0??dllmain_crt_process_attach@@YAHQEAUHINSTANCE__@@QEAX@Z@4HA 0000000180054e44     LIBCMT:dll_dllmain.obj
 0004:00002e50       $pdata$?fin$0@?0??dllmain_crt_process_detach@@YAH_N@Z@4HA 0000000180054e50     LIBCMT:dll_dllmain.obj
 0004:00002e5c       $pdata$?filt$0@?0??dllmain_dispatch@@YAHQEAUHINSTANCE__@@KQEAX@Z@4HA 0000000180054e5c     LIBCMT:dll_dllmain.obj
 0004:00002e68       $pdata$__CxxCallCatchBlock$filt$0 0000000180054e68     libvcruntime:frame.obj
 0004:00002e74       $pdata$__CxxCallCatchBlock$fin$1 0000000180054e74     libvcruntime:frame.obj
 0004:00002e80       $pdata$__DestructExceptionObject$filt$0 0000000180054e80     libvcruntime:frame.obj
 0004:00002e8c       $pdata$__FrameUnwindToState$filt$0 0000000180054e8c     libvcruntime:frame.obj
 0004:00002e98       $pdata$__FrameUnwindToState$fin$1 0000000180054e98     libvcruntime:frame.obj
 0004:00002ea4       $pdata$_CallSETranslator$filt$0 0000000180054ea4     libvcruntime:trnsctrl.obj
 0004:00002eb0       $pdata$fflush$fin$0        0000000180054eb0     libucrt:fflush.obj
 0004:00002eb0       $pdata$fclose$fin$0        0000000180054eb0     libucrt:fclose.obj
 0004:00002ebc       $pdata$common_flush_all$fin$0 0000000180054ebc     libucrt:fflush.obj
 0004:00002ec8       $pdata$common_flush_all$fin$1 0000000180054ec8     libucrt:fflush.obj
 0004:00002ed4       $pdata$fgetc$fin$0         0000000180054ed4     libucrt:fgetc.obj
 0004:00002ee0       $pdata$fputc$fin$0         0000000180054ee0     libucrt:fputc.obj
 0004:00002eec       $pdata$?fin$0@?0???$common_ftell@_J@@YA_JV__crt_stdio_stream@@@Z@4HA 0000000180054eec     libucrt:ftell.obj
 0004:00002eec       $pdata$?fin$0@?0??common_fseek@@YAHV__crt_stdio_stream@@_JH@Z@4HA 0000000180054eec     libucrt:fseek.obj
 0004:00002ef8       $pdata$?fin$0@?0???$?RV<lambda_5d4c3fee44080f75d5d9762853974fe0>@@AEAV<lambda_532e024f4337e6fc7ad266c2bef9f4ed>@@V<lambda_c87bdc10097eb2402edb8ba9bdf0697b>@@@?$__crt_seh_guarded_call@_K@@QEAA_K$$QEAV<lambda_5d4c3fee44080f75d5d9762853974fe0>@@AEAV<lambda_532e024f4337e6fc7ad266c2bef9f4ed>@@$$QEAV<lambda_c87bdc10097eb2402edb8ba9bdf0697b>@@@Z@4HA 0000000180054ef8     libucrt:fwrite.obj
 0004:00002ef8       $pdata$?fin$0@?0???$?RV<lambda_7b91131dde12e1c3dfc74ff76b3f2eac>@@AEAV<lambda_dd75445284c072d0bd3768540cc698fa>@@V<lambda_16bc4ecb55b4718497c16bceaea2ceaf>@@@?$__crt_seh_guarded_call@H@@QEAAH$$QEAV<lambda_7b91131dde12e1c3dfc74ff76b3f2eac>@@AEAV<lambda_dd75445284c072d0bd3768540cc698fa>@@$$QEAV<lambda_16bc4ecb55b4718497c16bceaea2ceaf>@@@Z@4HA 0000000180054ef8     libucrt:output.obj
 0004:00002ef8       $pdata$?fin$0@?0???$?RV<lambda_7a5ef57ff966f610505f1d28a3d40618>@@AEAV<lambda_b721fa326cdb32351d23dfa67958c160>@@V<lambda_5e0fb27672408a07956fe59e48ccb2aa>@@@?$__crt_seh_guarded_call@H@@QEAAH$$QEAV<lambda_7a5ef57ff966f610505f1d28a3d40618>@@AEAV<lambda_b721fa326cdb32351d23dfa67958c160>@@$$QEAV<lambda_5e0fb27672408a07956fe59e48ccb2aa>@@@Z@4HA 0000000180054ef8     libucrt:setvbuf.obj
 0004:00002f04       $pdata$ungetc$fin$0        0000000180054f04     libucrt:ungetc.obj
 0004:00002f10       $pdata$setlocale$fin$0     0000000180054f10     libucrt:setlocale.obj
 0004:00002f1c       $pdata$?filt$0@?0??common_exit@@YAXHW4_crt_exit_cleanup_mode@@W4_crt_exit_return_mode@@@Z@4HA 0000000180054f1c     libucrt:exit.obj
 0004:00002f28       $pdata$?fin$1@?0??common_exit@@YAXHW4_crt_exit_cleanup_mode@@W4_crt_exit_return_mode@@@Z@4HA 0000000180054f28     libucrt:exit.obj
 0004:00002f34       $pdata$?fin$0@?0???$?RV<lambda_e24bbb7b643b32fcea6fa61b31d4c984>@@AEAV<lambda_275893d493268fdec8709772e3fcec0e>@@V<lambda_9d71df4d7cf3f480f8d633942495c3b0>@@@?$__crt_seh_guarded_call@H@@QEAAH$$QEAV<lambda_e24bbb7b643b32fcea6fa61b31d4c984>@@AEAV<lambda_275893d493268fdec8709772e3fcec0e>@@$$QEAV<lambda_9d71df4d7cf3f480f8d633942495c3b0>@@@Z@4HA 0000000180054f34     libucrt:onexit.obj
 0004:00002f40       $pdata$_query_new_handler$fin$0 0000000180054f40     libucrt:new_handler.obj
 0004:00002f4c       $pdata$raise$fin$0         0000000180054f4c     libucrt:signal.obj
 0004:00002f58       $pdata$?fin$0@?0???$?RV<lambda_fb3a7dec4e47f37f22dae91bb15c9095>@@AEAV<lambda_698284760c8add0bfb0756c19673e34b>@@V<lambda_dfb8eca1e75fef3034a8fb18dd509707>@@@?$__crt_seh_guarded_call@X@@QEAAX$$QEAV<lambda_fb3a7dec4e47f37f22dae91bb15c9095>@@AEAV<lambda_698284760c8add0bfb0756c19673e34b>@@$$QEAV<lambda_dfb8eca1e75fef3034a8fb18dd509707>@@@Z@4HA 0000000180054f58     libucrt:per_thread_data.obj
 0004:00002f58       $pdata$?fin$0@?0???$?RV<lambda_b8c45f8f788dd370798f47cfe8ac3a86>@@AEAV<lambda_4e60a939b0d047cfe11ddc22648dfba9>@@V<lambda_332c3edc96d0294ec56c57d38c1cdfd5>@@@?$__crt_seh_guarded_call@H@@QEAAH$$QEAV<lambda_b8c45f8f788dd370798f47cfe8ac3a86>@@AEAV<lambda_4e60a939b0d047cfe11ddc22648dfba9>@@$$QEAV<lambda_332c3edc96d0294ec56c57d38c1cdfd5>@@@Z@4HA 0000000180054f58     libucrt:onexit.obj
 0004:00002f58       $pdata$?fin$0@?0???$?RV<lambda_630b2aca97f6d20d5b5ea6529ea6b6af>@@AEAV<lambda_af91936f1d075d609f72d9d8cba980af>@@V<lambda_e82fa975f615b5c7c7b0e4d178fdae67>@@@?$__crt_seh_guarded_call@H@@QEAAH$$QEAV<lambda_630b2aca97f6d20d5b5ea6529ea6b6af>@@AEAV<lambda_af91936f1d075d609f72d9d8cba980af>@@$$QEAV<lambda_e82fa975f615b5c7c7b0e4d178fdae67>@@@Z@4HA 0000000180054f58     libucrt:winapi_thunks.obj
 0004:00002f58       $pdata$?fin$0@?0???$?RV<lambda_d67e8342c384adda8f857579ab50b2ae>@@AEAV<lambda_30712929f77e709619002f448b6a9510>@@V<lambda_4525336fd7e478d965fb7ca7a337cad8>@@@?$__crt_seh_guarded_call@X@@QEAAX$$QEAV<lambda_d67e8342c384adda8f857579ab50b2ae>@@AEAV<lambda_30712929f77e709619002f448b6a9510>@@$$QEAV<lambda_4525336fd7e478d965fb7ca7a337cad8>@@@Z@4HA 0000000180054f58     libucrt:wsetlocale.obj
 0004:00002f58       $pdata$?fin$0@?0???$?RV<lambda_46352004c1216016012b18bd6f87e700>@@AEAV<lambda_3bd07e1a1191394380780325891bf33f>@@V<lambda_334532d3f185bcaa59b5be82d7d22bff>@@@?$__crt_seh_guarded_call@X@@QEAAX$$QEAV<lambda_46352004c1216016012b18bd6f87e700>@@AEAV<lambda_3bd07e1a1191394380780325891bf33f>@@$$QEAV<lambda_334532d3f185bcaa59b5be82d7d22bff>@@@Z@4HA 0000000180054f58     libucrt:per_thread_data.obj
 0004:00002f58       $pdata$?fin$0@?0???$?RV<lambda_99476a1ad63dd22509b5d3e65b0ffc95>@@AEAV<lambda_ad1ced32f4ac17aa236e5ef05d6b3b7c>@@V<lambda_f7424dd8d45958661754dc4f2697e9c3>@@@?$__crt_seh_guarded_call@X@@QEAAX$$QEAV<lambda_99476a1ad63dd22509b5d3e65b0ffc95>@@AEAV<lambda_ad1ced32f4ac17aa236e5ef05d6b3b7c>@@$$QEAV<lambda_f7424dd8d45958661754dc4f2697e9c3>@@@Z@4HA 0000000180054f58     libucrt:mbctype.obj
 0004:00002f58       $pdata$?fin$0@?0???$?RV<lambda_72d1df2b273a38828b1ce30cbf4cdab5>@@AEAV<lambda_876a65b173b8412d3a47c70a915b0cf4>@@V<lambda_41932305e351933ebe8f8be3ed8bb5dc>@@@?$__crt_seh_guarded_call@X@@QEAAX$$QEAV<lambda_72d1df2b273a38828b1ce30cbf4cdab5>@@AEAV<lambda_876a65b173b8412d3a47c70a915b0cf4>@@$$QEAV<lambda_41932305e351933ebe8f8be3ed8bb5dc>@@@Z@4HA 0000000180054f58     libucrt:per_thread_data.obj
 0004:00002f58       $pdata$?fin$0@?0???$?RV<lambda_c36588078e9f5dfd39652860aa6b3aaf>@@AEAV<lambda_ec61778202f4f5fc7e7711acc23c3bca>@@V<lambda_dc9d2797ccde5d239b4a0efae8ebd7db>@@@?$__crt_seh_guarded_call@P6AXH@Z@@QEAAP6AXH@Z$$QEAV<lambda_c36588078e9f5dfd39652860aa6b3aaf>@@AEAV<lambda_ec61778202f4f5fc7e7711acc23c3bca>@@$$QEAV<lambda_dc9d2797ccde5d239b4a0efae8ebd7db>@@@Z@4HA 0000000180054f58     libucrt:signal.obj
 0004:00002f58       $pdata$?fin$0@?0???$?RV<lambda_5e887d1dcbef67a5eb4283622ba103bf>@@AEAV<lambda_4466841279450cc726390878d4a41900>@@V<lambda_341c25c0346d94847f1f3c463c57e077>@@@?$__crt_seh_guarded_call@X@@QEAAX$$QEAV<lambda_5e887d1dcbef67a5eb4283622ba103bf>@@AEAV<lambda_4466841279450cc726390878d4a41900>@@$$QEAV<lambda_341c25c0346d94847f1f3c463c57e077>@@@Z@4HA 0000000180054f58     libucrt:per_thread_data.obj
 0004:00002f64       $pdata$?fin$0@?0???$?RV<lambda_5df02c53a8f32f81fd64e5bbb78039f1>@@AEAV<lambda_2af78c5f5901b1372d98f9ab3177dfa6>@@AEAV<lambda_f51fe5fd7c79a33db34fc9310f277369>@@@?$__crt_seh_guarded_call@X@@QEAAX$$QEAV<lambda_5df02c53a8f32f81fd64e5bbb78039f1>@@AEAV<lambda_2af78c5f5901b1372d98f9ab3177dfa6>@@AEAV<lambda_f51fe5fd7c79a33db34fc9310f277369>@@@Z@4HA 0000000180054f64     libucrt:wsetlocale.obj
 0004:00002f70       $pdata$__acrt_lowio_ensure_fh_exists$fin$0 0000000180054f70     libucrt:osfinfo.obj
 0004:00002f70       $pdata$__acrt_initialize_lowio$fin$0 0000000180054f70     libucrt:ioinit.obj
 0004:00002f7c       $pdata$_ctrlfp$filt$0      0000000180054f7c     libucrt:fpctrl.obj
 0004:00002f7c       $pdata$common_control87$filt$0 0000000180054f7c     libucrt:ieee.obj
 0004:00002f88       $pdata$_fcloseall$fin$0    0000000180054f88     libucrt:closeall.obj
 0004:00002f94       $pdata$?fin$0@?0???$?RV<lambda_b521505b218e5242e90febf6bfebc422>@@AEAV<lambda_6978c1fb23f02e42e1d9e99668cc68aa>@@V<lambda_314360699dd331753a4119843814e9a7>@@@?$__crt_seh_guarded_call@H@@QEAAH$$QEAV<lambda_b521505b218e5242e90febf6bfebc422>@@AEAV<lambda_6978c1fb23f02e42e1d9e99668cc68aa>@@$$QEAV<lambda_314360699dd331753a4119843814e9a7>@@@Z@4HA 0000000180054f94     libucrt:commit.obj
 0004:00002f94       $pdata$?fin$0@?0???$?RV<lambda_bfedae4ebbf01fab1bb6dcc6a9e276e0>@@AEAV<lambda_2fe9b910cf3cbf4a0ab98a02ba45b3ec>@@V<lambda_237c231691f317818eb88cc1d5d642d6>@@@?$__crt_seh_guarded_call@H@@QEAAH$$QEAV<lambda_bfedae4ebbf01fab1bb6dcc6a9e276e0>@@AEAV<lambda_2fe9b910cf3cbf4a0ab98a02ba45b3ec>@@$$QEAV<lambda_237c231691f317818eb88cc1d5d642d6>@@@Z@4HA 0000000180054f94     libucrt:close.obj
 0004:00002fa0       $pdata$?fin$0@?0???$common_lseek@_J@@YA_JH_JH@Z@4HA 0000000180054fa0     libucrt:lseek.obj
 0004:00002fa0       $pdata$_write$fin$0        0000000180054fa0     libucrt:write.obj
 0004:00002fa0       $pdata$_read$fin$0         0000000180054fa0     libucrt:read.obj
 0004:00002fac       $pdata$__acrt_update_thread_multibyte_data$fin$0 0000000180054fac     libucrt:mbctype.obj
 0004:00002fb8       $pdata$__acrt_update_thread_locale_data$fin$0 0000000180054fb8     libucrt:locale_refcounting.obj
 0004:00002fb8       $pdata$__acrt_uninitialize_locale$fin$0 0000000180054fb8     libucrt:wsetlocale.obj
 0004:00002fc4       $pdata$_IsNonwritableInCurrentImage$filt$0 0000000180054fc4     LIBCMT:pesect.obj
 0004:00002fd0       $pdata$??__Fcout@std@@YAXXZ 0000000180054fd0     libcpmt:cout.obj
 0004:00002fdc       $pdata$??__F_Fac_tidy_reg@std@@YAXXZ 0000000180054fdc     libcpmt:locale0.obj
 0004:00002fe8       $pdata$??__Fclassic_locale@std@@YAXXZ 0000000180054fe8     libcpmt:locale0.obj
 0004:00002ff4       $pdata$??__Finit_atexit@@YAXXZ 0000000180054ff4     libcpmt:iosptrs.obj
 0005:00000000       __guard_fids__             0000000180055000     libucrt:initialization.obj
 0005:00000060       __guard_fids___acrt_initialize_ptd 0000000180055060     libucrt:per_thread_data.obj
 0005:00000064       __guard_fids__             0000000180055064     libucrt:wsetlocale.obj
 0005:0000007c       __guard_fids___acrt_show_wide_message_box 000000018005507c     libucrt:crtmbox.obj
 0005:00000080       __guard_fids_??$?RV<lambda_630b2aca97f6d20d5b5ea6529ea6b6af>@@AEAV<lambda_af91936f1d075d609f72d9d8cba980af>@@V<lambda_e82fa975f615b5c7c7b0e4d178fdae67>@@@?$__crt_seh_guarded_call@H@@QEAAH$$QEAV<lambda_630b2aca97f6d20d5b5ea6529ea6b6af>@@AEAV<lambda_af91936f1d075d609f72d9d8cba980af>@@$$QEAV<lambda_e82fa975f615b5c7c7b0e4d178fdae67>@@@Z 0000000180055080     libucrt:winapi_thunks.obj
 0005:00000084       __guard_fids__             0000000180055084     libucrt:stdio_initializer.obj
 0005:00000088       __guard_fids__             0000000180055088     libucrt:stdio_initializer.obj
 0005:0000008c       __guard_fids_??$expand_argument_wildcards@D@@YAHQEAD0AEAV?$argument_list@D@?A0xca0879c4@@@Z 000000018005508c     libucrt:argv_wildcards.obj
 0005:00000090       __guard_fids__             0000000180055090     libucrt:locale_initializer.obj
 0005:00000094       __guard_fids_GetLocaleNameFromLangCountry 0000000180055094     libucrt:get_qualified_locale.obj
 0005:00000098       __guard_fids_GetLocaleNameFromLanguage 0000000180055098     libucrt:get_qualified_locale.obj
 0005:0000009c       __guard_fids___acrt_get_qualified_locale_downlevel 000000018005509c     libucrt:getqloc_downlevel.obj
 0005:000000a0       __guard_fids_GetLcidFromLangCountry 00000001800550a0     libucrt:getqloc_downlevel.obj
 0005:000000a4       __guard_fids_GetLcidFromLanguage 00000001800550a4     libucrt:getqloc_downlevel.obj
 0005:000000a8       __guard_fids__             00000001800550a8     libucrt:fma3_initializer.obj
 0005:000000ac       __guard_fids__             00000001800550ac     libucrt:timeset_initializer.obj
 0005:000000b0       __guard_fids__             00000001800550b0     libucrt:multibyte_initializer.obj
 0005:000000b4       __guard_fids__             00000001800550b4     libucrt:console_output_initializer.obj
 0005:000000b8       __guard_fids_??__Einitlocks@std@@YAXXZ 00000001800550b8     libcpmt:xlock.obj
 0005:000000bc       __guard_fids__             00000001800550bc     libcpmt:xlock.obj
 0005:000000c0       __guard_fids_??__Einitlocks@@YAXXZ 00000001800550c0     libcpmt:cout.obj
 0005:000000c4       __guard_fids_??__Efout@std@@YAXXZ 00000001800550c4     libcpmt:cout.obj
 0005:000000c8       __guard_fids_??__Ecout@std@@YAXXZ 00000001800550c8     libcpmt:cout.obj
 0005:000000cc       __guard_fids__             00000001800550cc     libcpmt:cout.obj
 0005:000000d4       __guard_fids__             00000001800550d4     libcpmt:cout.obj
 0005:000000dc       __guard_fids__             00000001800550dc     libcpmt:cout.obj
 0005:000000e4       __guard_fids__             00000001800550e4     libcpmt:cout.obj
 0005:000000f0       __guard_fids__             00000001800550f0     libcpmt:cout.obj
 0005:0000011c       __guard_fids__             000000018005511c     libcpmt:cout.obj
 0005:00000134       __guard_fids__             0000000180055134     libcpmt:cout.obj
 0005:0000013c       __guard_fids__             000000018005513c     libcpmt:cout.obj
 0005:00000154       __guard_fids__             0000000180055154     libcpmt:cout.obj
 0005:0000015c       __guard_fids__             000000018005515c     libcpmt:cout.obj
 0005:00000160       __guard_fids__             0000000180055160     libcpmt:cout.obj
 0005:0000019c       __guard_fids__             000000018005519c     libcpmt:cout.obj
 0005:000001d8       __guard_fids__             00000001800551d8     libcpmt:cout.obj
 0005:000001dc       __guard_fids__             00000001800551dc     libcpmt:cout.obj
 0005:000001e0       __guard_fids__             00000001800551e0     libcpmt:cout.obj
 0005:00000208       __guard_fids__             0000000180055208     libcpmt:cout.obj
 0005:0000020c       __guard_fids__             000000018005520c     libcpmt:cout.obj
 0005:00000210       __guard_fids__             0000000180055210     libcpmt:cout.obj
 0005:00000214       __guard_fids__             0000000180055214     libcpmt:cout.obj
 0005:00000218       __guard_fids_??__E_Fac_tidy_reg@std@@YAXXZ 0000000180055218     libcpmt:locale0.obj
 0005:0000021c       __guard_fids_?_Setgloballocale@locale@std@@CAXPEAX@Z 000000018005521c     libcpmt:locale0.obj
 0005:00000220       __guard_fids_??__Eclassic_locale@std@@YAXXZ 0000000180055220     libcpmt:locale0.obj
 0005:00000224       __guard_fids__             0000000180055224     libcpmt:locale0.obj
 0005:00000230       __guard_fids__             0000000180055230     libcpmt:locale0.obj
 0005:00000234       __guard_fids__             0000000180055234     libcpmt:locale0.obj
 0005:00000238       __guard_fids__             0000000180055238     libcpmt:xthrow.obj
 0005:00000240       __guard_fids__             0000000180055240     libcpmt:xthrow.obj
 0005:00000248       __guard_fids__             0000000180055248     libcpmt:xthrow.obj
 0005:00000250       __guard_fids__             0000000180055250     libcpmt:xthrow.obj
 0005:00000258       __guard_fids_??__Einitlocks@std@@YAXXZ 0000000180055258     libcpmt:iosptrs.obj
 0005:0000025c       __guard_fids_??__Einit_atexit@@YAXXZ 000000018005525c     libcpmt:iosptrs.obj
 0005:00000260       __guard_fids__             0000000180055260     libcpmt:iosptrs.obj
 0005:00000264       __guard_fids__             0000000180055264     libcpmt:iosptrs.obj
 0005:00000268       __guard_fids__             0000000180055268     libcpmt:winapisupp.obj
 0005:0000026c       __guard_fids__             000000018005526c     LIBCMT:thread_safe_statics.obj
 0005:00000270       __guard_fids_?__scrt_initialize_thread_safe_statics@@YAHXZ 0000000180055270     LIBCMT:thread_safe_statics.obj
 0005:00000274       __guard_fids_?dllmain_crt_process_attach@@YAHQEAUHINSTANCE__@@QEAX@Z 0000000180055274     LIBCMT:dll_dllmain.obj
 0005:0000027c       __guard_fids_?dllmain_dispatch@@YAHQEAUHINSTANCE__@@KQEAX@Z 000000018005527c     LIBCMT:dll_dllmain.obj
 0005:00000280       __guard_fids__             0000000180055280     LIBCMT:std_type_info_static.obj
 0005:00000284       __guard_fids__             0000000180055284     LIBCMT:throw_bad_alloc.obj
 0005:0000028c       __guard_fids__             000000018005528c     LIBCMT:guard_support.obj
 0005:00000290       __guard_fids__             0000000180055290     libvcruntime:frame.obj
 0005:00000294       __guard_fids__             0000000180055294     libvcruntime:frame.obj
 0005:0000029c       __guard_fids__UnwindNestedFrames 000000018005529c     libvcruntime:trnsctrl.obj
 0005:000002a0       __guard_fids__             00000001800552a0     libvcruntime:telemetry.obj
 0005:000002a4       __guard_fids_?TraceLoggingRegister@__vcrt_trace_logging_provider@@YAJPEBU_TlgProvider_t@1@PEBU_GUID@@P6AX1KE_K2PEAU_EVENT_FILTER_DESCRIPTOR@@PEAX@Z4@Z 00000001800552a4     libvcruntime:telemetry.obj
 0005:000002a8       __guard_fids___vcrt_initialize_ptd 00000001800552a8     libvcruntime:per_thread_data.obj
 0007:00000060       $R000000                   0000000180057060     * linker generated manifest res *

 Exports

  ordinal    name

        1    _register_addon_
