 dealImg

 Timestamp is 5747e06e (Fri May 27 13:51:42 2016)

 Preferred load address is 10000000

 Start         Length     Name                   Class
 0001:00000000 00000260H .text                   CODE
 0001:00000260 00000100H .text$di                CODE
 0001:00000360 0002da40H .text$mn                CODE
 0001:0002dda0 00000220H .text$x                 CODE
 0001:0002dfc0 0000008bH .text$yd                CODE
 0002:00000000 0000022cH .idata$5                DATA
 0002:0000022c 00000004H .00cfg                  DATA
 0002:00000230 00000004H .CRT$XCA                DATA
 0002:00000234 0000001cH .CRT$XCC                DATA
 0002:00000250 0000000cH .CRT$XCL                DATA
 0002:0000025c 00000008H .CRT$XCU                DATA
 0002:00000264 00000004H .CRT$XCZ                DATA
 0002:00000268 00000004H .CRT$XIA                DATA
 0002:0000026c 00000018H .CRT$XIC                DATA
 0002:00000284 00000004H .CRT$XIZ                DATA
 0002:00000288 00000004H .CRT$XLA                DATA
 0002:0000028c 00000004H .CRT$XLZ                DATA
 0002:00000290 00000004H .CRT$XPA                DATA
 0002:00000294 00000008H .CRT$XPX                DATA
 0002:0000029c 00000004H .CRT$XPXA               DATA
 0002:000002a0 00000004H .CRT$XPZ                DATA
 0002:000002a4 00000004H .CRT$XTA                DATA
 0002:000002a8 00000008H .CRT$XTZ                DATA
 0002:000002b0 0000e3f4H .rdata                  DATA
 0002:0000e6a4 00000018H .rdata$T                DATA
 0002:0000e6bc 00000954H .rdata$r                DATA
 0002:0000f010 00000050H .rdata$sxdata           DATA
 0002:0000f060 00000010H .rdata$zETW0            DATA
 0002:0000f070 00000077H .rdata$zETW1            DATA
 0002:0000f0e7 0000002cH .rdata$zETW2            DATA
 0002:0000f113 00000001H .rdata$zETW9            DATA
 0002:0000f114 000004ecH .rdata$zzzdbg           DATA
 0002:0000f600 00000004H .rtc$IAA                DATA
 0002:0000f604 00000004H .rtc$IZZ                DATA
 0002:0000f608 00000004H .rtc$TAA                DATA
 0002:0000f60c 00000004H .rtc$TZZ                DATA
 0002:0000f610 00000a64H .xdata$x                DATA
 0002:00010074 00000000H ATL$__a                 DATA
 0002:00010074 00000000H ATL$__z                 DATA
 0002:00010074 00000020H .didat$2                DATA
 0002:00010094 00000020H .didat$3                DATA
 0002:000100b4 000000a0H .didat$4                DATA
 0002:00010154 00000978H .didat$6                DATA
 0002:00010acc 000000a4H .didat$7                DATA
 0002:00010b70 00000050H .edata                  DATA
 0002:00010bc0 0000008cH .idata$2                DATA
 0002:00010c4c 00000014H .idata$3                DATA
 0002:00010c60 0000022cH .idata$4                DATA
 0002:00010e8c 00000a30H .idata$6                DATA
 0003:00000000 00000a20H .data                   DATA
 0003:00000a20 00000468H .data$r                 DATA
 0003:00000e88 000000a8H .didat$5                DATA
 0003:00000f30 00000f60H .bss                    DATA
 0004:00000000 000000c4H .gfids$x                DATA
 0004:000000c4 00000230H .gfids$y                DATA
 0005:00000000 00000004H .tls                    DATA
 0005:00000004 00000004H .tls$                   DATA
 0005:00000008 00000001H .tls$ZZZ                DATA
 0006:00000000 00000060H .rsrc$01                DATA
 0006:00000060 00000180H .rsrc$02                DATA

  Address         Publics by Value              Rva+Base       Lib:Object

 0000:00000000       ___guard_fids_count        00000000     <absolute>
 0000:00000000       ___guard_longjmp_table     00000000     <absolute>
 0000:00000000       ___guard_longjmp_count     00000000     <absolute>
 0000:00000000       ___guard_iat_table         00000000     <absolute>
 0000:00000000       ___guard_iat_count         00000000     <absolute>
 0000:00000000       __except_list              00000000     <absolute>
 0000:00000000       ___guard_fids_table        00000000     <absolute>
 0000:00000000       ___dynamic_value_reloc_table 00000000     <absolute>
 0000:00000014       ___safe_se_handler_count   00000014     <absolute>
 0000:0000002c       __tls_array                0000002c     <absolute>
 0000:00000100       ___guard_flags             00000100     <absolute>
 0000:00000000       ___ImageBase               10000000     <linker-defined>
 0001:00000000       ?TraceLoggingRegister@__vcrt_trace_logging_provider@@YAJPBU_TlgProvider_t@1@PBU_GUID@@P6GX1KE_K2PAU_EVENT_FILTER_DESCRIPTOR@@PAX@Z4@Z 10001000 f i libvcruntime:telemetry.obj
 0001:0000005d       ?TraceLoggingSetInformation@__vcrt_trace_logging_provider@@YAJPBU_TlgProvider_t@1@W4_EVENT_INFO_CLASS@@PAXK@Z 1000105d f i libvcruntime:telemetry.obj
 0001:00000088       ?TraceLoggingUnregister@__vcrt_trace_logging_provider@@YAXPBU_TlgProvider_t@1@@Z 10001088 f i libvcruntime:telemetry.obj
 0001:000000a7       ?_TlgCreateSz@__vcrt_trace_logging_provider@@YAXPAU_EVENT_DATA_DESCRIPTOR@@PBD@Z 100010a7 f i libvcruntime:telemetry.obj
 0001:000000df       ?_TlgCreateWsz@__vcrt_trace_logging_provider@@YAXPAU_EVENT_DATA_DESCRIPTOR@@PB_W@Z 100010df f i libvcruntime:telemetry.obj
 0001:00000123       ?_TlgEnableCallback@__vcrt_trace_logging_provider@@YGXPBU_GUID@@KE_K1PAU_EVENT_FILTER_DESCRIPTOR@@PAX@Z 10001123 f i libvcruntime:telemetry.obj
 0001:0000019b       ?_TlgKeywordOn@__vcrt_trace_logging_provider@@YAEPBU_TlgProvider_t@1@_K@Z 1000119b f i libvcruntime:telemetry.obj
 0001:000001d7       ?_TlgWrite@__vcrt_trace_logging_provider@@YAJPBU_TlgProvider_t@1@PBXPBU_GUID@@2IPAU_EVENT_DATA_DESCRIPTOR@@@Z 100011d7 f i libvcruntime:telemetry.obj
 0001:00000360       ?Init@CComCriticalSection@ATL@@QAEJXZ 10001360 f i addon.obj
 0001:00000390       ?Img@dealImg@@YAXABV?$FunctionCallbackInfo@VValue@v8@@@v8@@@Z 10001390 f   addon.obj
 0001:000003f0       ?InitAll@dealImg@@YAXV?$Local@VObject@v8@@@v8@@0@Z 100013f0 f   addon.obj
 0001:00000420       ?_Doraise@exception@stdext@@MBEXXZ 10001420 f i dealImg.obj
 0001:00000420       ___except_validate_context_record 10001420 f i libvcruntime:jbcxrval.obj
 0001:00000420       ?__global_delete@@YAXPAXI@Z 10001420 f i * CIL library *:* CIL module *
 0001:00000420       @_guard_check_icall_nop@4  10001420 f i LIBCMT:guard_support.obj
 0001:00000420       ?_Unlock@?$basic_streambuf@DU?$char_traits@D@std@@@std@@UAEXXZ 10001420 f i libcpmt:cout.obj
 0001:00000420       ?__empty_global_delete@@YAXPAXI@Z 10001420 f i addon.obj
 0001:00000420       ___except_validate_jump_buffer 10001420 f i libvcruntime:jbcxrval.obj
 0001:00000420       ?_Lock@?$basic_streambuf@DU?$char_traits@D@std@@@std@@UAEXXZ 10001420 f i libcpmt:cout.obj
 0001:00000430       ??$NODE_SET_METHOD@V?$Local@VObject@v8@@@v8@@@node@@YAXABV?$Local@VObject@v8@@@v8@@PBDP6AXABV?$FunctionCallbackInfo@VValue@v8@@@2@@Z@Z 10001430 f i addon.obj
 0001:000004d0       ?what@exception@stdext@@UBEPBDXZ 100014d0 f i dealImg.obj
 0001:000004e0       ?_Raise@exception@stdext@@QBEXXZ 100014e0 f i dealImg.obj
 0001:00000510       ??_Gexception@stdext@@UAEPAXI@Z 10001510 f i dealImg.obj
 0001:00000510       ??_Eruntime_error@std@@UAEPAXI@Z 10001510 f i * CIL library *:* CIL module *
 0001:00000510       ??_Eexception@stdext@@UAEPAXI@Z 10001510 f i * CIL library *:* CIL module *
 0001:00000510       ??_Gruntime_error@std@@UAEPAXI@Z 10001510 f i dealImg.obj
 0001:00000540       ___local_stdio_printf_options 10001540 f i dealImg.obj
 0001:00000550       ??0_Locinfo@std@@QAE@PBD@Z 10001550 f i dealImg.obj
 0001:000005d0       ??1_Locinfo@std@@QAE@XZ    100015d0 f i dealImg.obj
 0001:00000670       ??_E_Facet_base@std@@UAEPAXI@Z 10001670 f i * CIL library *:* CIL module *
 0001:00000670       ??_G_Facet_base@std@@UAEPAXI@Z 10001670 f i dealImg.obj
 0001:000006a0       ??Bid@locale@std@@QAEIXZ   100016a0 f i dealImg.obj
 0001:000006e0       ?_Incref@facet@locale@std@@UAEXXZ 100016e0 f i dealImg.obj
 0001:000006f0       ?_Decref@facet@locale@std@@UAEPAV_Facet_base@3@XZ 100016f0 f i dealImg.obj
 0001:00000710       ??1locale@std@@QAE@XZ      10001710 f i dealImg.obj
 0001:00000730       ?c_str@locale@std@@QBEPBDXZ 10001730 f i dealImg.obj
 0001:00000750       ?_Getfacet@locale@std@@QBEPBVfacet@12@I@Z 10001750 f i dealImg.obj
 0001:00000790       ?_Getcat@?$ctype@D@std@@SAIPAPBVfacet@locale@2@PBV42@@Z 10001790 f i dealImg.obj
 0001:00000820       ?do_tolower@?$ctype@D@std@@MBEDD@Z 10001820 f i dealImg.obj
 0001:00000840       ?do_tolower@?$ctype@D@std@@MBEPBDPADPBD@Z 10001840 f i dealImg.obj
 0001:00000880       ?do_toupper@?$ctype@D@std@@MBEDD@Z 10001880 f i dealImg.obj
 0001:000008a0       ?do_toupper@?$ctype@D@std@@MBEPBDPADPBD@Z 100018a0 f i dealImg.obj
 0001:000008e0       ?do_widen@?$ctype@D@std@@MBEDD@Z 100018e0 f i dealImg.obj
 0001:000008f0       ?do_widen@?$ctype@D@std@@MBEPBDPBD0PAD@Z 100018f0 f i dealImg.obj
 0001:00000910       ?do_narrow@?$ctype@D@std@@MBEDDD@Z 10001910 f i dealImg.obj
 0001:00000920       ?do_narrow@?$ctype@D@std@@MBEPBDPBD0DPAD@Z 10001920 f i dealImg.obj
 0001:00000940       ??_E?$ctype@D@std@@MAEPAXI@Z 10001940 f i * CIL library *:* CIL module *
 0001:00000940       ??_G?$ctype@D@std@@MAEPAXI@Z 10001940 f i dealImg.obj
 0001:00000990       ??_E_Iostream_error_category@std@@UAEPAXI@Z 10001990 f i * CIL library *:* CIL module *
 0001:00000990       ??_Eerror_category@std@@UAEPAXI@Z 10001990 f i * CIL library *:* CIL module *
 0001:00000990       ??_Gerror_category@std@@UAEPAXI@Z 10001990 f i dealImg.obj
 0001:00000990       ??_G_Iostream_error_category@std@@UAEPAXI@Z 10001990 f i dealImg.obj
 0001:000009c0       ?default_error_condition@error_category@std@@UBE?AVerror_condition@2@H@Z 100019c0 f i dealImg.obj
 0001:000009d0       ?equivalent@error_category@std@@UBE_NHABVerror_condition@2@@Z 100019d0 f i dealImg.obj
 0001:00000a30       ?equivalent@error_category@std@@UBE_NABVerror_code@2@H@Z 10001a30 f i dealImg.obj
 0001:00000a60       ?_Makestr@_System_error@std@@CA?AV?$basic_string@DU?$char_traits@D@std@@V?$allocator@D@2@@2@Verror_code@2@V32@@Z 10001a60 f i dealImg.obj
 0001:00000b20       ??0_System_error@std@@IAE@Verror_code@1@ABV?$basic_string@DU?$char_traits@D@std@@V?$allocator@D@2@@1@@Z 10001b20 f i dealImg.obj
 0001:00000bc0       ??_Gsystem_error@std@@UAEPAXI@Z 10001bc0 f i dealImg.obj
 0001:00000bc0       ??_Efailure@ios_base@std@@UAEPAXI@Z 10001bc0 f i * CIL library *:* CIL module *
 0001:00000bc0       ??_Gfailure@ios_base@std@@UAEPAXI@Z 10001bc0 f i dealImg.obj
 0001:00000bc0       ??_G_System_error@std@@UAEPAXI@Z 10001bc0 f i dealImg.obj
 0001:00000bc0       ??_E_System_error@std@@UAEPAXI@Z 10001bc0 f i * CIL library *:* CIL module *
 0001:00000bc0       ??_Esystem_error@std@@UAEPAXI@Z 10001bc0 f i * CIL library *:* CIL module *
 0001:00000bf0       ??0system_error@std@@QAE@Verror_code@1@PBD@Z 10001bf0 f i dealImg.obj
 0001:00000c90       ?name@_Iostream_error_category@std@@UBEPBDXZ 10001c90 f i dealImg.obj
 0001:00000ca0       ?message@_Iostream_error_category@std@@UBE?AV?$basic_string@DU?$char_traits@D@std@@V?$allocator@D@2@@2@H@Z 10001ca0 f i dealImg.obj
 0001:00000d30       ?clear@ios_base@std@@QAEXH_N@Z 10001d30 f i dealImg.obj
 0001:00000de0       ?NODE_SET_PROTOTYPE_METHOD@node@@YAXV?$Local@VFunctionTemplate@v8@@@v8@@PBDP6AXABV?$FunctionCallbackInfo@VValue@v8@@@3@@Z@Z 10001de0 f i dealImg.obj
 0001:00000eb0       ?Wrap@ObjectWrap@node@@IAEXV?$Local@VObject@v8@@@v8@@@Z 10001eb0 f i dealImg.obj
 0001:00000f60       ?Ref@ObjectWrap@node@@MAEXXZ 10001f60 f i dealImg.obj
 0001:00000f90       ?Unref@ObjectWrap@node@@MAEXXZ 10001f90 f i dealImg.obj
 0001:00001020       ?WeakCallback@ObjectWrap@node@@CAXABV?$WeakCallbackData@VObject@v8@@VObjectWrap@node@@@v8@@@Z 10002020 f i dealImg.obj
 0001:000010f0       ??_GObjectWrap@node@@UAEPAXI@Z 100020f0 f i dealImg.obj
 0001:000010f0       ??_EObjectWrap@node@@UAEPAXI@Z 100020f0 f i * CIL library *:* CIL module *
 0001:00001170       ??_GImage@Gdiplus@@UAEPAXI@Z 10002170 f i dealImg.obj
 0001:00001170       ??_EBitmap@Gdiplus@@UAEPAXI@Z 10002170 f i * CIL library *:* CIL module *
 0001:00001170       ??_GBitmap@Gdiplus@@UAEPAXI@Z 10002170 f i dealImg.obj
 0001:00001170       ??_EImage@Gdiplus@@UAEPAXI@Z 10002170 f i * CIL library *:* CIL module *
 0001:000011b0       ?Clone@Image@Gdiplus@@UAEPAV12@XZ 100021b0 f i dealImg.obj
 0001:00001200       ?FClamp0255@@YAEH@Z        10002200 f i dealImg.obj
 0001:00001220       ??0FCImageDrawDC@@QAE@PAUHBITMAP__@@@Z 10002220 f i dealImg.obj
 0001:00001260       ?DrawBitmap@FCImageDrawDC@@SAXPAUHDC__@@UtagRECT@@PAUHBITMAP__@@PAU3@@Z 10002260 f i dealImg.obj
 0001:00001380       ?AlphaBlendPixel@FCColor@@SAXPAXUtagRGBQUAD@@@Z 10002380 f i dealImg.obj
 0001:00001440       ?RGBtoHLS@FCColor@@SAXPBXAAN11@Z 10002440 f i dealImg.obj
 0001:00001610       ?HLStoRGB@FCColor@@SA?AUtagRGBQUAD@@NNN@Z 10002610 f i dealImg.obj
 0001:000018b0       ?RGBtoHSV@FCColor@@SAXPBXAAN11@Z 100028b0 f i dealImg.obj
 0001:00001a50       ?HSVtoRGB@FCColor@@SA?AUtagRGBQUAD@@NNN@Z 10002a50 f i dealImg.obj
 0001:00001be0       ?GetBilinear@FCColor@@SA?AUtagRGBQUAD@@NNHQAPAE@Z 10002be0 f i dealImg.obj
 0001:00001e30       ?DoubleRGB_to_RGB@FCColor@@CA?AUtagRGBQUAD@@NNN@Z 10002e30 f i dealImg.obj
 0001:00001eb0       ??_EFCObjGraph@@UAEPAXI@Z  10002eb0 f i * CIL library *:* CIL module *
 0001:00001eb0       ??_GFCObjGraph@@UAEPAXI@Z  10002eb0 f i dealImg.obj
 0001:00001ee0       ??0FCImageProperty@@QAE@XZ 10002ee0 f i dealImg.obj
 0001:00001f50       ??1FCImageProperty@@UAE@XZ 10002f50 f i dealImg.obj
 0001:00002030       ??_GFCImageProperty@@UAEPAXI@Z 10003030 f i dealImg.obj
 0001:00002030       ??_EFCImageProperty@@UAEPAXI@Z 10003030 f i * CIL library *:* CIL module *
 0001:00002050       ?LoadImageFile@FCImageCodec@@UAE_NPB_WAAV?$vector@PAVFCObjImage@@V?$allocator@PAVFCObjImage@@@std@@@std@@AAVFCImageProperty@@@Z 10003050 f i dealImg.obj
 0001:00002070       ?LoadImageMemory@FCImageCodec@@UAE_NPBXHAAV?$vector@PAVFCObjImage@@V?$allocator@PAVFCObjImage@@@std@@@std@@AAVFCImageProperty@@@Z 10003070 f i dealImg.obj
 0001:00002090       ?SaveImageFile@FCImageCodec@@UAE_NPB_WABV?$vector@PBVFCObjImage@@V?$allocator@PBVFCObjImage@@@std@@@std@@ABVFCImageProperty@@@Z 10003090 f i dealImg.obj
 0001:000020b0       ??_EFCImageCodec@@UAEPAXI@Z 100030b0 f i * CIL library *:* CIL module *
 0001:000020b0       ??_GFCImageCodec@@UAEPAXI@Z 100030b0 f i dealImg.obj
 0001:000020e0       ?QueryImageFileType@FCImageCodecFactory@@UAE?AW4IMAGE_TYPE@@PB_W@Z 100030e0 f i dealImg.obj
 0001:000020f0       ?GetTypeByFileExt@FCImageCodecFactory@@SA?AW4IMAGE_TYPE@@PB_W@Z 100030f0 f i dealImg.obj
 0001:00002450       ??_EFCImageCodecFactory_Gdiplus@@UAEPAXI@Z 10003450 f i * CIL library *:* CIL module *
 0001:00002450       ??_GFCImageCodecFactory_Gdiplus@@UAEPAXI@Z 10003450 f i dealImg.obj
 0001:00002450       ??_GFCImageCodecFactory@@UAEPAXI@Z 10003450 f i dealImg.obj
 0001:00002450       ??_EFCImageCodecFactory@@UAEPAXI@Z 10003450 f i * CIL library *:* CIL module *
 0001:00002480       ?QueryProcessType@FCImageEffect@@UAE?AW4PROCESS_TYPE@1@XZ 10003480 f i dealImg.obj
 0001:00002490       ?OnBeforeProcess@FCImageEffect@@UAEXAAVFCObjImage@@@Z 10003490 f i dealImg.obj
 0001:00002490       ?imbue@?$basic_streambuf@DU?$char_traits@D@std@@@std@@MAEXABVlocale@2@@Z 10003490 f i libcpmt:cout.obj
 0001:000024a0       ?ProcessPixel@FCImageEffect@@UAEXAAVFCObjImage@@HHPAE@Z 100034a0 f i dealImg.obj
 0001:000024a0       ?OnFinishPixel@FCEffectBlur_Gauss@@MAEXAAVFCObjImage@@HHPAE@Z 100034a0 f i dealImg.obj
 0001:000024b0       ?ProcessWholeImage@FCImageEffect@@UAEXAAVFCObjImage@@PAVFCProgressObserver@@@Z 100034b0 f i dealImg.obj
 0001:000024c0       ??_GFCEffectGrayscale@@UAEPAXI@Z 100034c0 f i dealImg.obj
 0001:000024c0       ??_EFCImageEffect@@UAEPAXI@Z 100034c0 f i * CIL library *:* CIL module *
 0001:000024c0       ??_EFCEffectGrayscale@@UAEPAXI@Z 100034c0 f i * CIL library *:* CIL module *
 0001:000024c0       ??_GFCImageEffect@@UAEPAXI@Z 100034c0 f i dealImg.obj
 0001:000024f0       ??_EFCObjImage@@UAEPAXI@Z  100034f0 f i * CIL library *:* CIL module *
 0001:000024f0       ??_GFCObjImage@@UAEPAXI@Z  100034f0 f i dealImg.obj
 0001:00002520       ?SwapImage@FCObjImage@@QAEXAAV1@@Z 10003520 f i dealImg.obj
 0001:00002590       ?AllocPixelBuffer@FCObjImage@@AAEXXZ 10003590 f i dealImg.obj
 0001:00002670       ?Create@FCObjImage@@QAE_NHHH@Z 10003670 f i dealImg.obj
 0001:00002820       ?Destroy@FCObjImage@@QAEXXZ 10003820 f i dealImg.obj
 0001:00002890       ?GetBits@FCObjImage@@QBEPAEHH@Z 10003890 f i dealImg.obj
 0001:00002900       ?GetColorTable@FCObjImage@@QBEXQAUtagRGBQUAD@@@Z 10003900 f i dealImg.obj
 0001:00002930       ?SetColorTable@FCObjImage@@QAEXQBUtagRGBQUAD@@@Z 10003930 f i dealImg.obj
 0001:000029a0       ?ConvertToTrueColor@FCObjImage@@AAEXH@Z 100039a0 f i dealImg.obj
 0001:00002bc0       ??4FCObjImage@@QAEAAV0@ABV0@@Z 10003bc0 f i dealImg.obj
 0001:00002c70       ?Load@FCObjImage@@SA_NPB_WAAV?$vector@PAVFCObjImage@@V?$allocator@PAVFCObjImage@@@std@@@std@@PAVFCImageProperty@@@Z 10003c70 f i dealImg.obj
 0001:00002d40       ?Load@FCObjImage@@QAE_NPB_WPAVFCImageProperty@@@Z 10003d40 f i dealImg.obj
 0001:00002e30       ?Save@FCObjImage@@QBE_NPB_WABVFCImageProperty@@@Z 10003e30 f i dealImg.obj
 0001:00002f20       ?ApplyEffect@FCObjImage@@QAEXAAVFCImageEffect@@PAVFCProgressObserver@@@Z 10003f20 f i dealImg.obj
 0001:00003010       ?CreateBitmap@FCObjImage@@QBEPAVBitmap@Gdiplus@@H@Z 10004010 f i dealImg.obj
 0001:00003280       ?FromBitmap@FCObjImage@@QAE_NAAVBitmap@Gdiplus@@@Z 10004280 f i dealImg.obj
 0001:00003520       ?Draw@FCObjImage@@QBEXPAUHDC__@@UtagRECT@@PAU3@@Z 10004520 f i dealImg.obj
 0001:00003630       ??_GFCAutoInitGDIPlus@@UAEPAXI@Z 10004630 f i dealImg.obj
 0001:00003630       ??_EFCAutoInitGDIPlus@@UAEPAXI@Z 10004630 f i * CIL library *:* CIL module *
 0001:00003660       ??0FCImageCodec_Gdiplus@@QAE@XZ 10004660 f i dealImg.obj
 0001:000036e0       ?CreatePropertyBuffer@FCImageCodec_Gdiplus@@SA?AV?$basic_string@DU?$char_traits@D@std@@V?$allocator@D@2@@std@@KGKPBX@Z 100046e0 f i dealImg.obj
 0001:00003750       ?GetPropertyFromBitmap@FCImageCodec_Gdiplus@@SAXAAVBitmap@Gdiplus@@AAVFCImageProperty@@@Z 10004750 f i dealImg.obj
 0001:00003940       ?AddPropertyToBitmap@FCImageCodec_Gdiplus@@SAXABVFCImageProperty@@AAVBitmap@Gdiplus@@@Z 10004940 f i dealImg.obj
 0001:00003e70       ?LoadImageFile@FCImageCodec_Gdiplus@@EAE_NPB_WAAV?$vector@PAVFCObjImage@@V?$allocator@PAVFCObjImage@@@std@@@std@@AAVFCImageProperty@@@Z 10004e70 f i dealImg.obj
 0001:00003ed0       ?LoadImageMemory@FCImageCodec_Gdiplus@@EAE_NPBXHAAV?$vector@PAVFCObjImage@@V?$allocator@PAVFCObjImage@@@std@@@std@@AAVFCImageProperty@@@Z 10004ed0 f i dealImg.obj
 0001:00003f60       ?StoreMultiFrame@FCImageCodec_Gdiplus@@CA_NAAVBitmap@Gdiplus@@AAV?$vector@PAVFCObjImage@@V?$allocator@PAVFCObjImage@@@std@@@std@@AAVFCImageProperty@@@Z 10004f60 f i dealImg.obj
 0001:000042a0       ?SaveImageFile@FCImageCodec_Gdiplus@@EAE_NPB_WABV?$vector@PBVFCObjImage@@V?$allocator@PBVFCObjImage@@@std@@@std@@ABVFCImageProperty@@@Z 100052a0 f i dealImg.obj
 0001:00004400       ?CreateStreamFromMemory@FCImageCodec_Gdiplus@@CAPAUIStream@@PBXK@Z 10005400 f i dealImg.obj
 0001:00004470       ?GetImageEncoderClsid@FCImageCodec_Gdiplus@@CAHW4IMAGE_TYPE@@AAU_GUID@@@Z 10005470 f i dealImg.obj
 0001:00004600       ??_GFCImageCodec_Gdiplus@@UAEPAXI@Z 10005600 f i dealImg.obj
 0001:00004600       ??_EFCImageCodec_Gdiplus@@UAEPAXI@Z 10005600 f i * CIL library *:* CIL module *
 0001:00004630       ?CreateImageCodec@FCImageCodecFactory_Gdiplus@@EAEPAVFCImageCodec@@W4IMAGE_TYPE@@@Z 10005630 f i dealImg.obj
 0001:00004680       ??0FCEffectBlur_Gauss@@QAE@H_NW4BLUR_COMPONENT@0@@Z 10005680 f i dealImg.obj
 0001:000046f0       ?MakeKernel@FCEffectBlur_Gauss@@AAEXN@Z 100056f0 f i dealImg.obj
 0001:000049d0       ?BlurOnePixel@FCEffectBlur_Gauss@@AAEXPAEPBUtagRGBQUAD@@@Z 100059d0 f i dealImg.obj
 0001:00004bc0       ?FillPadding@FCEffectBlur_Gauss@@AAEXAAPAUtagRGBQUAD@@PBX@Z 10005bc0 f i dealImg.obj
 0001:00004ca0       ?HorizonGetLine@FCEffectBlur_Gauss@@AAEXAAVFCObjImage@@HPAUtagRGBQUAD@@@Z 10005ca0 f i dealImg.obj
 0001:00004e90       ?VerticalGetLine@FCEffectBlur_Gauss@@AAEXAAVFCObjImage@@HPAUtagRGBQUAD@@@Z 10005e90 f i dealImg.obj
 0001:00005090       ?BlurVertical@FCEffectBlur_Gauss@@AAEXAAVFCObjImage@@PAVFCProgressObserver@@@Z 10006090 f i dealImg.obj
 0001:00005190       ?BlurHorizon@FCEffectBlur_Gauss@@AAEXAAVFCObjImage@@PAVFCProgressObserver@@@Z 10006190 f i dealImg.obj
 0001:000052e0       ?sync@?$basic_streambuf@DU?$char_traits@D@std@@@std@@MAEHXZ 100062e0 f i libcpmt:cout.obj
 0001:000052e0       ?QueryProcessType@FCEffectBlur_Gauss@@EAE?AW4PROCESS_TYPE@FCImageEffect@@XZ 100062e0 f i dealImg.obj
 0001:000052f0       ?ProcessWholeImage@FCEffectBlur_Gauss@@EAEXAAVFCObjImage@@PAVFCProgressObserver@@@Z 100062f0 f i dealImg.obj
 0001:00005360       ??_GFCEffectBlur_Gauss@@UAEPAXI@Z 10006360 f i dealImg.obj
 0001:00005360       ??_EFCEffectBlur_Gauss@@UAEPAXI@Z 10006360 f i * CIL library *:* CIL module *
 0001:00005390       ?ProcessPixel@FCEffectGrayscale@@EAEXAAVFCObjImage@@HHPAE@Z 10006390 f i dealImg.obj
 0001:000053d0       ?ProcessPixel@FCEffectAdjustRGB@@EAEXAAVFCObjImage@@HHPAE@Z 100063d0 f i dealImg.obj
 0001:00005440       ??_GFCEffectAdjustRGB@@UAEPAXI@Z 10006440 f i dealImg.obj
 0001:00005440       ??_EFCEffectAdjustRGB@@UAEPAXI@Z 10006440 f i * CIL library *:* CIL module *
 0001:00005470       ??0FCEffectGetHistogram@@QAE@XZ 10006470 f i dealImg.obj
 0001:00005500       ?ProcessPixel@FCEffectGetHistogram@@EAEXAAVFCObjImage@@HHPAE@Z 10006500 f i dealImg.obj
 0001:00005530       ??_GFCEffectGetHistogram@@UAEPAXI@Z 10006530 f i dealImg.obj
 0001:00005530       ??_EFCEffectGetHistogram@@UAEPAXI@Z 10006530 f i * CIL library *:* CIL module *
 0001:00005570       ??0FCEffectMosaic@@QAE@H@Z 10006570 f i dealImg.obj
 0001:000055e0       ?OnBeforeProcess@FCEffectMosaic@@EAEXAAVFCObjImage@@@Z 100065e0 f i dealImg.obj
 0001:000055f0       ?ProcessPixel@FCEffectMosaic@@EAEXAAVFCObjImage@@HHPAE@Z 100065f0 f i dealImg.obj
 0001:00005730       ?GetBlockAverage@FCEffectMosaic@@AAE?AUtagRGBQUAD@@HH@Z 10006730 f i dealImg.obj
 0001:000059e0       ??_GFCEffectMosaic@@UAEPAXI@Z 100069e0 f i dealImg.obj
 0001:000059e0       ??_EFCEffectMosaic@@UAEPAXI@Z 100069e0 f i * CIL library *:* CIL module *
 0001:00005a20       ??1FCEffectMosaic@@UAE@XZ  10006a20 f i dealImg.obj
 0001:00005a50       ?OnBeforeProcess@FCEffectLUT@@EAEXAAVFCObjImage@@@Z 10006a50 f i dealImg.obj
 0001:00005a80       ?ProcessPixel@FCEffectLUT@@EAEXAAVFCObjImage@@HHPAE@Z 10006a80 f i dealImg.obj
 0001:00005ab0       ??0FCEffectBrightnessContrast@@QAE@HH@Z 10006ab0 f i dealImg.obj
 0001:00005b10       ?InitLUTtable@FCEffectBrightnessContrast@@EAEHH@Z 10006b10 f i dealImg.obj
 0001:00005b80       ??_EFCEffectBrightnessContrast@@UAEPAXI@Z 10006b80 f i * CIL library *:* CIL module *
 0001:00005b80       ??_GFCEffectBrightnessContrast@@UAEPAXI@Z 10006b80 f i dealImg.obj
 0001:00005bb0       ?InitLUTtable@FCEffectGamma@@EAEHH@Z 10006bb0 f i dealImg.obj
 0001:00005c30       ??_EFCEffectGamma@@UAEPAXI@Z 10006c30 f i * CIL library *:* CIL module *
 0001:00005c30       ??_GFCEffectGamma@@UAEPAXI@Z 10006c30 f i dealImg.obj
 0001:00005c60       ?InitLUTtable@FCEffectInvert@@EAEHH@Z 10006c60 f i dealImg.obj
 0001:00005c70       ??_EFCEffectInvert@@UAEPAXI@Z 10006c70 f i * CIL library *:* CIL module *
 0001:00005c70       ??_GFCEffectInvert@@UAEPAXI@Z 10006c70 f i dealImg.obj
 0001:00005ca0       ??0FCEffectColorTone@@QAE@UtagRGBQUAD@@H@Z 10006ca0 f i dealImg.obj
 0001:00005da0       ?ProcessPixel@FCEffectColorTone@@EAEXAAVFCObjImage@@HHPAE@Z 10006da0 f i dealImg.obj
 0001:00005e10       ??_GFCEffectColorTone@@UAEPAXI@Z 10006e10 f i dealImg.obj
 0001:00005e10       ??_EFCEffectColorTone@@UAEPAXI@Z 10006e10 f i * CIL library *:* CIL module *
 0001:00005e40       ?g_codec_factory@FCObjImage@@CAAAV?$auto_ptr@VFCImageCodecFactory@@@std@@XZ 10006e40 f i dealImg.obj
 0001:00005eb0       ?IsSupport@FCImageEffect@@UAE_NABVFCObjImage@@@Z 10006eb0 f i dealImg.obj
 0001:00005ed0       ?OnBeforeProcess@FCEffectAutoContrast@@EAEXAAVFCObjImage@@@Z 10006ed0 f i dealImg.obj
 0001:000060a0       ?ProcessPixel@FCEffectAutoContrast@@EAEXAAVFCObjImage@@HHPAE@Z 100070a0 f i dealImg.obj
 0001:000060e0       ??_GFCEffectAutoContrast@@UAEPAXI@Z 100070e0 f i dealImg.obj
 0001:000060e0       ??_EFCEffectAutoContrast@@UAEPAXI@Z 100070e0 f i * CIL library *:* CIL module *
 0001:00006110       ?OnBeforeProcess@FCEffectAutoColorEnhance@@EAEXAAVFCObjImage@@@Z 10007110 f i dealImg.obj
 0001:00006270       ?ProcessPixel@FCEffectAutoColorEnhance@@EAEXAAVFCObjImage@@HHPAE@Z 10007270 f i dealImg.obj
 0001:00006370       ??_GFCEffectAutoColorEnhance@@UAEPAXI@Z 10007370 f i dealImg.obj
 0001:00006370       ??_EFCEffectAutoColorEnhance@@UAEPAXI@Z 10007370 f i * CIL library *:* CIL module *
 0001:000063a0       ??0FCEffectNoisify@@QAE@H_N@Z 100073a0 f i dealImg.obj
 0001:000063e0       ?ProcessPixel@FCEffectNoisify@@EAEXAAVFCObjImage@@HHPAE@Z 100073e0 f i dealImg.obj
 0001:000065d0       ??_EFCEffectNoisify@@UAEPAXI@Z 100075d0 f i * CIL library *:* CIL module *
 0001:000065d0       ??_EFCEffect3DGrid@@UAEPAXI@Z 100075d0 f i * CIL library *:* CIL module *
 0001:000065d0       ??_GFCEffect3DGrid@@UAEPAXI@Z 100075d0 f i dealImg.obj
 0001:000065d0       ??_GFCEffectNoisify@@UAEPAXI@Z 100075d0 f i dealImg.obj
 0001:00006600       ?ProcessPixel@FCEffect3DGrid@@EAEXAAVFCObjImage@@HHPAE@Z 10007600 f i dealImg.obj
 0001:00006700       ??0FCEffectBlinds@@QAE@W4BLIND_TYPE@0@HHUtagRGBQUAD@@@Z 10007700 f i dealImg.obj
 0001:00006750       ?ProcessPixel@FCEffectBlinds@@EAEXAAVFCObjImage@@HHPAE@Z 10007750 f i dealImg.obj
 0001:000067f0       ??_EFCEffectBlinds@@UAEPAXI@Z 100077f0 f i * CIL library *:* CIL module *
 0001:000067f0       ??_GFCEffectBlinds@@UAEPAXI@Z 100077f0 f i dealImg.obj
 0001:00006820       ?IsSupport@FCEffectBilinearDistort@@MAE_NABVFCObjImage@@@Z 10007820 f i dealImg.obj
 0001:00006850       ?OnBeforeProcess@FCEffectBilinearDistort@@MAEXAAVFCObjImage@@@Z 10007850 f i dealImg.obj
 0001:00006860       ?ProcessPixel@FCEffectBilinearDistort@@EAEXAAVFCObjImage@@HHPAE@Z 10007860 f i dealImg.obj
 0001:00006a90       ??0FCEffectWave@@QAE@HHN@Z 10007a90 f i dealImg.obj
 0001:00006b30       ?calc_undistorted_coord@FCEffectWave@@EAEXHHAAN0@Z 10007b30 f i dealImg.obj
 0001:00006ca0       ??_EFCEffectBulge@@UAEPAXI@Z 10007ca0 f i * CIL library *:* CIL module *
 0001:00006ca0       ??_GFCEffectWave@@UAEPAXI@Z 10007ca0 f i dealImg.obj
 0001:00006ca0       ??_EFCEffectWave@@UAEPAXI@Z 10007ca0 f i * CIL library *:* CIL module *
 0001:00006ca0       ??_GFCEffectBulge@@UAEPAXI@Z 10007ca0 f i dealImg.obj
 0001:00006ce0       ??1FCEffectTwist@@UAE@XZ   10007ce0 f i dealImg.obj
 0001:00006ce0       ??1FCEffectWave@@UAE@XZ    10007ce0 f i dealImg.obj
 0001:00006ce0       ??1FCEffectShear@@UAE@XZ   10007ce0 f i dealImg.obj
 0001:00006ce0       ??1FCEffectRipple@@UAE@XZ  10007ce0 f i dealImg.obj
 0001:00006ce0       ??1FCEffectBulge@@UAE@XZ   10007ce0 f i dealImg.obj
 0001:00006ce0       ??1FCEffectRotate@@UAE@XZ  10007ce0 f i dealImg.obj
 0001:00006d10       ??0FCEffectBulge@@QAE@HNN@Z 10007d10 f i dealImg.obj
 0001:00006dc0       ?calc_undistorted_coord@FCEffectBulge@@EAEXHHAAN0@Z 10007dc0 f i dealImg.obj
 0001:00006f50       ??0FCEffectTwist@@QAE@HHNN@Z 10007f50 f i dealImg.obj
 0001:00007060       ?calc_undistorted_coord@FCEffectTwist@@EAEXHHAAN0@Z 10008060 f i dealImg.obj
 0001:00007210       ??_GFCEffectTwist@@UAEPAXI@Z 10008210 f i dealImg.obj
 0001:00007210       ??_EFCEffectTwist@@UAEPAXI@Z 10008210 f i * CIL library *:* CIL module *
 0001:00007250       ??0FCEffectShear@@QAE@HH@Z 10008250 f i dealImg.obj
 0001:000072b0       ?OnBeforeProcess@FCEffectShear@@EAEXAAVFCObjImage@@@Z 100082b0 f i dealImg.obj
 0001:000072f0       ?calc_undistorted_coord@FCEffectShear@@EAEXHHAAN0@Z 100082f0 f i dealImg.obj
 0001:000073d0       ??_GFCEffectShear@@UAEPAXI@Z 100083d0 f i dealImg.obj
 0001:000073d0       ??_EFCEffectShear@@UAEPAXI@Z 100083d0 f i * CIL library *:* CIL module *
 0001:00007410       ??0FCEffectRotate@@QAE@H@Z 10008410 f i dealImg.obj
 0001:000074d0       ?OnBeforeProcess@FCEffectRotate@@EAEXAAVFCObjImage@@@Z 100084d0 f i dealImg.obj
 0001:000078b0       ?calc_undistorted_coord@FCEffectRotate@@EAEXHHAAN0@Z 100088b0 f i dealImg.obj
 0001:000079f0       ??_EFCEffectRotate@@UAEPAXI@Z 100089f0 f i * CIL library *:* CIL module *
 0001:000079f0       ??_GFCEffectRotate@@UAEPAXI@Z 100089f0 f i dealImg.obj
 0001:00007a30       ??0FCEffectRibbon@@QAE@HH@Z 10008a30 f i dealImg.obj
 0001:00007ac0       ?OnBeforeProcess@FCEffectRibbon@@EAEXAAVFCObjImage@@@Z 10008ac0 f i dealImg.obj
 0001:00007d40       ?calc_undistorted_coord@FCEffectRibbon@@EAEXHHAAN0@Z 10008d40 f i dealImg.obj
 0001:00007d80       ??_EFCEffectRibbon@@UAEPAXI@Z 10008d80 f i * CIL library *:* CIL module *
 0001:00007d80       ??_GFCEffectRibbon@@UAEPAXI@Z 10008d80 f i dealImg.obj
 0001:00007dd0       ??1FCEffectRibbon@@UAE@XZ  10008dd0 f i dealImg.obj
 0001:00007e00       ??0FCEffectRipple@@QAE@HH_N@Z 10008e00 f i dealImg.obj
 0001:00007e80       ?calc_undistorted_coord@FCEffectRipple@@EAEXHHAAN0@Z 10008e80 f i dealImg.obj
 0001:00007fc0       ??_EFCEffectRipple@@UAEPAXI@Z 10008fc0 f i * CIL library *:* CIL module *
 0001:00007fc0       ??_GFCEffectRipple@@UAEPAXI@Z 10008fc0 f i dealImg.obj
 0001:00008000       ??0FCEffectColorBalance@@QAE@_NW4TONE_REGION@0@HHH@Z 10009000 f i dealImg.obj
 0001:00008750       ?ProcessPixel@FCEffectColorBalance@@EAEXAAVFCObjImage@@HHPAE@Z 10009750 f i dealImg.obj
 0001:00008860       ??_GFCEffectColorBalance@@UAEPAXI@Z 10009860 f i dealImg.obj
 0001:00008860       ??_EFCEffectColorBalance@@UAEPAXI@Z 10009860 f i * CIL library *:* CIL module *
 0001:00008890       ??0FCEffectOilPaint@@QAE@HH@Z 10009890 f i dealImg.obj
 0001:00008960       ?OnBeforeProcess@FCEffectOilPaint@@EAEXAAVFCObjImage@@@Z 10009960 f i dealImg.obj
 0001:00008af0       ?ProcessPixel@FCEffectOilPaint@@EAEXAAVFCObjImage@@HHPAE@Z 10009af0 f i dealImg.obj
 0001:00008d30       ??_GFCEffectOilPaint@@UAEPAXI@Z 10009d30 f i dealImg.obj
 0001:00008d30       ??_EFCEffectOilPaint@@UAEPAXI@Z 10009d30 f i * CIL library *:* CIL module *
 0001:00008d80       ??1FCEffectOilPaint@@UAE@XZ 10009d80 f i dealImg.obj
 0001:00008dc0       ??0FCEffectColorLevel@@QAE@HHHHNW4COLOR_CHANNEL@0@@Z 10009dc0 f i dealImg.obj
 0001:00008e30       ?CalculateValue@FCEffectColorLevel@@AAEEHHH@Z 10009e30 f i dealImg.obj
 0001:00008f10       ?ProcessPixel@FCEffectColorLevel@@EAEXAAVFCObjImage@@HHPAE@Z 10009f10 f i dealImg.obj
 0001:00008f80       ??_GFCEffectColorLevel@@UAEPAXI@Z 10009f80 f i dealImg.obj
 0001:00008f80       ??_EFCEffectAutoColorLevel@@UAEPAXI@Z 10009f80 f i * CIL library *:* CIL module *
 0001:00008f80       ??_GFCEffectAutoColorLevel@@UAEPAXI@Z 10009f80 f i dealImg.obj
 0001:00008f80       ??_EFCEffectColorLevel@@UAEPAXI@Z 10009f80 f i * CIL library *:* CIL module *
 0001:00008fb0       ?OnBeforeProcess@FCEffectAutoColorLevel@@EAEXAAVFCObjImage@@@Z 10009fb0 f i dealImg.obj
 0001:00009020       ?AutoColorLevelChannel@FCEffectAutoColorLevel@@AAEXABV?$vector@HV?$allocator@H@std@@@std@@H@Z 1000a020 f i dealImg.obj
 0001:000091b0       ??0FCEffectBlur_Zoom@@QAE@HNN@Z 1000a1b0 f i dealImg.obj
 0001:00009260       ?OnBeforeProcess@FCEffectBlur_Zoom@@EAEXAAVFCObjImage@@@Z 1000a260 f i dealImg.obj
 0001:000092c0       ?ProcessPixel@FCEffectBlur_Zoom@@EAEXAAVFCObjImage@@HHPAE@Z 1000a2c0 f i dealImg.obj
 0001:000095e0       ??_GFCEffectBlur_Motion@@UAEPAXI@Z 1000a5e0 f i dealImg.obj
 0001:000095e0       ??_EFCEffectBlur_Motion@@UAEPAXI@Z 1000a5e0 f i * CIL library *:* CIL module *
 0001:000095e0       ??_GFCEffectBlur_Zoom@@UAEPAXI@Z 1000a5e0 f i dealImg.obj
 0001:000095e0       ??_EFCEffectBlur_Zoom@@UAEPAXI@Z 1000a5e0 f i * CIL library *:* CIL module *
 0001:00009620       ??1FCEffectBlur_Motion@@UAE@XZ 1000a620 f i dealImg.obj
 0001:00009620       ??1FCEffectBlur_Zoom@@UAE@XZ 1000a620 f i dealImg.obj
 0001:00009650       ??0FCEffectBlur_Radial@@QAE@HNN@Z 1000a650 f i dealImg.obj
 0001:00009710       ?OnBeforeProcess@FCEffectBlur_Radial@@EAEXAAVFCObjImage@@@Z 1000a710 f i dealImg.obj
 0001:000097a0       ?ProcessPixel@FCEffectBlur_Radial@@EAEXAAVFCObjImage@@HHPAE@Z 1000a7a0 f i dealImg.obj
 0001:00009c40       ??_GFCEffectBlur_Radial@@UAEPAXI@Z 1000ac40 f i dealImg.obj
 0001:00009c40       ??_EFCEffectBlur_Radial@@UAEPAXI@Z 1000ac40 f i * CIL library *:* CIL module *
 0001:00009c80       ??1FCEffectBlur_Radial@@UAE@XZ 1000ac80 f i dealImg.obj
 0001:00009cb0       ??0FCEffectBlur_Motion@@QAE@HH@Z 1000acb0 f i dealImg.obj
 0001:00009e00       ?OnBeforeProcess@FCEffectBlur_Motion@@EAEXAAVFCObjImage@@@Z 1000ae00 f i dealImg.obj
 0001:00009e10       ?ProcessPixel@FCEffectBlur_Motion@@EAEXAAVFCObjImage@@HHPAE@Z 1000ae10 f i dealImg.obj
 0001:0000a070       ??0FCEffectPencilSketch@@QAE@HH@Z 1000b070 f i dealImg.obj
 0001:0000a2e0       ??1FCEffectPencilSketch@@UAE@XZ 1000b2e0 f i dealImg.obj
 0001:0000a360       ?OnBeforeProcess@FCEffectPencilSketch@@EAEXAAVFCObjImage@@@Z 1000b360 f i dealImg.obj
 0001:0000a3b0       ?OnFinishPixel@FCEffectPencilSketch@@EAEXAAVFCObjImage@@HHPAE@Z 1000b3b0 f i dealImg.obj
 0001:0000a500       ??_EFCEffectPencilSketch@@UAEPAXI@Z 1000b500 f i * CIL library *:* CIL module *
 0001:0000a500       ??_GFCEffectPencilSketch@@UAEPAXI@Z 1000b500 f i dealImg.obj
 0001:0000a520       ??0FCEffectOldPhoto@@QAE@HHH@Z 1000b520 f i dealImg.obj
 0001:0000a750       ??1FCEffectOldPhoto@@UAE@XZ 1000b750 f i dealImg.obj
 0001:0000a7c0       ?OnBeforeProcess@FCEffectOldPhoto@@EAEXAAVFCObjImage@@@Z 1000b7c0 f i dealImg.obj
 0001:0000a800       ?OnFinishPixel@FCEffectOldPhoto@@EAEXAAVFCObjImage@@HHPAE@Z 1000b800 f i dealImg.obj
 0001:0000a880       ??_GFCEffectOldPhoto@@UAEPAXI@Z 1000b880 f i dealImg.obj
 0001:0000a880       ??_EFCEffectOldPhoto@@UAEPAXI@Z 1000b880 f i * CIL library *:* CIL module *
 0001:0000a8a0       ?Init@set@dealImg@@SAXPAVIsolate@v8@@@Z 1000b8a0 f   dealImg.obj
 0001:0000a9b0       ?New@set@dealImg@@CAXABV?$FunctionCallbackInfo@VValue@v8@@@v8@@@Z 1000b9b0 f   dealImg.obj
 0001:0000aaa0       ??_Gset@dealImg@@EAEPAXI@Z 1000baa0 f i dealImg.obj
 0001:0000aaa0       ??_Eset@dealImg@@EAEPAXI@Z 1000baa0 f i * CIL library *:* CIL module *
 0001:0000aac0       ??1set@dealImg@@EAE@XZ     1000bac0 f   dealImg.obj
 0001:0000ab40       ?AppendText@set@dealImg@@CAXPAUuv_work_s@@@Z 1000bb40 f   dealImg.obj
 0001:0000ac60       ?CutImg@set@dealImg@@CAXPAUuv_work_s@@@Z 1000bc60 f   dealImg.obj
 0001:0000ae40       ?CutImg@set@dealImg@@CAXVFCObjImage@@PAUHDC__@@UtagRECT@@HH@Z 1000be40 f   dealImg.obj
 0001:0000aee0       ?Save@set@dealImg@@CAXABV?$FunctionCallbackInfo@VValue@v8@@@v8@@@Z 1000bee0 f   dealImg.obj
 0001:0000b0f0       ?LoadImg@set@dealImg@@CAXABV?$FunctionCallbackInfo@VValue@v8@@@v8@@@Z 1000c0f0 f   dealImg.obj
 0001:0000b270       ?ChangeWchar_t@set@dealImg@@CAPA_WPADH@Z 1000c270 f   dealImg.obj
 0001:0000b390       ?CutImg@set@dealImg@@CAXABV?$FunctionCallbackInfo@VValue@v8@@@v8@@@Z 1000c390 f   dealImg.obj
 0001:0000b5f0       ??0Text@set@dealImg@@QAE@XZ 1000c5f0 f i dealImg.obj
 0001:0000b660       ?AppendText@set@dealImg@@CAXABV?$FunctionCallbackInfo@VValue@v8@@@v8@@@Z 1000c660 f   dealImg.obj
 0001:0000ba40       ?Effect@set@dealImg@@CAXPAUuv_work_s@@@Z 1000ca40 f   dealImg.obj
 0001:0000c1d0       ?Effect@set@dealImg@@CAXABV?$FunctionCallbackInfo@VValue@v8@@@v8@@@Z 1000d1d0 f   dealImg.obj
 0001:0000c480       ?WorkAsyncComplete@set@dealImg@@CAXPAUuv_work_s@@H@Z 1000d480 f   dealImg.obj
 0001:0000c560       ??0?$vector@U_GUID@@V?$allocator@U_GUID@@@std@@@std@@QAE@I@Z 1000d560 f i dealImg.obj
 0001:0000c5d0       ?resize@?$vector@UtagRGBQUAD@@V?$allocator@UtagRGBQUAD@@@std@@@std@@QAEXI@Z 1000d5d0 f i dealImg.obj
 0001:0000c650       ??0?$vector@EV?$allocator@E@std@@@std@@QAE@I@Z 1000d650 f i dealImg.obj
 0001:0000c6b0       ?push_back@?$vector@PBVFCObjImage@@V?$allocator@PBVFCObjImage@@@std@@@std@@QAEXABQBVFCObjImage@@@Z 1000d6b0 f i dealImg.obj
 0001:0000c710       ?push_back@?$vector@V?$basic_string@DU?$char_traits@D@std@@V?$allocator@D@2@@std@@V?$allocator@V?$basic_string@DU?$char_traits@D@std@@V?$allocator@D@2@@std@@@2@@std@@QAEXABV?$basic_string@DU?$char_traits@D@std@@V?$allocator@D@2@@2@@Z 1000d710 f i dealImg.obj
 0001:0000c7a0       ?push_back@?$vector@V?$basic_string@DU?$char_traits@D@std@@V?$allocator@D@2@@std@@V?$allocator@V?$basic_string@DU?$char_traits@D@std@@V?$allocator@D@2@@std@@@2@@std@@QAEX$$QAV?$basic_string@DU?$char_traits@D@std@@V?$allocator@D@2@@2@@Z 1000d7a0 f i dealImg.obj
 0001:0000c820       ?assign@?$basic_string@DU?$char_traits@D@std@@V?$allocator@D@2@@std@@QAEAAV12@PBDI@Z 1000d820 f i dealImg.obj
 0001:0000c920       ?append@?$basic_string@DU?$char_traits@D@std@@V?$allocator@D@2@@std@@QAEAAV12@PBDI@Z 1000d920 f i dealImg.obj
 0001:0000ca50       ??1?$basic_string@DU?$char_traits@D@std@@V?$allocator@D@2@@std@@QAE@XZ 1000da50 f i dealImg.obj
 0001:0000ca80       ??0?$basic_string@DU?$char_traits@D@std@@V?$allocator@D@2@@std@@QAE@$$QAV01@@Z 1000da80 f i dealImg.obj
 0001:0000caf0       ?_Tidy@?$vector@UtagRGBQUAD@@V?$allocator@UtagRGBQUAD@@@std@@@std@@IAEXXZ 1000daf0 f i dealImg.obj
 0001:0000caf0       ?_Tidy@?$vector@PAVFCImageEffect@@V?$allocator@PAVFCImageEffect@@@std@@@std@@IAEXXZ 1000daf0 f i dealImg.obj
 0001:0000caf0       ?_Tidy@?$vector@HV?$allocator@H@std@@@std@@IAEXXZ 1000daf0 f i dealImg.obj
 0001:0000caf0       ?_Tidy@?$vector@PAVFCObjImage@@V?$allocator@PAVFCObjImage@@@std@@@std@@IAEXXZ 1000daf0 f i dealImg.obj
 0001:0000caf0       ?_Tidy@?$vector@PBVFCObjImage@@V?$allocator@PBVFCObjImage@@@std@@@std@@IAEXXZ 1000daf0 f i dealImg.obj
 0001:0000cb70       ?_Reserve@?$vector@PAVFCImageEffect@@V?$allocator@PAVFCImageEffect@@@std@@@std@@IAEXI@Z 1000db70 f i dealImg.obj
 0001:0000cb70       ?_Reserve@?$vector@PBVFCObjImage@@V?$allocator@PBVFCObjImage@@@std@@@std@@IAEXI@Z 1000db70 f i dealImg.obj
 0001:0000cb70       ?_Reserve@?$vector@HV?$allocator@H@std@@@std@@IAEXI@Z 1000db70 f i dealImg.obj
 0001:0000cbe0       ?_Tidy@?$vector@NV?$allocator@N@std@@@std@@IAEXXZ 1000dbe0 f i dealImg.obj
 0001:0000cc60       ?_Reallocate@?$vector@NV?$allocator@N@std@@@std@@IAEXI@Z 1000dc60 f i dealImg.obj
 0001:0000cd00       ?_Reserve@?$vector@UtagRGBQUAD@@V?$allocator@UtagRGBQUAD@@@std@@@std@@IAEXI@Z 1000dd00 f i dealImg.obj
 0001:0000cd70       ?_Tidy@?$vector@EV?$allocator@E@std@@@std@@IAEXXZ 1000dd70 f i dealImg.obj
 0001:0000cde0       ?deallocate@?$_Wrap_alloc@V?$allocator@V?$basic_string@DU?$char_traits@D@std@@V?$allocator@D@2@@std@@@std@@@std@@QAEXPAV?$basic_string@DU?$char_traits@D@std@@V?$allocator@D@2@@2@I@Z 1000dde0 f i dealImg.obj
 0001:0000ce40       ?_Reserve@?$vector@V?$basic_string@DU?$char_traits@D@std@@V?$allocator@D@2@@std@@V?$allocator@V?$basic_string@DU?$char_traits@D@std@@V?$allocator@D@2@@std@@@2@@std@@IAEXI@Z 1000de40 f i dealImg.obj
 0001:0000ced0       ?_Construct_n@?$vector@HV?$allocator@H@std@@@std@@QAEXIPBH@Z 1000ded0 f i dealImg.obj
 0001:0000cf30       ?_Myptr@?$_String_alloc@U?$_String_base_types@_WV?$allocator@_W@std@@@std@@@std@@QBEPB_WXZ 1000df30 f i dealImg.obj
 0001:0000cf40       ?find_last_of@?$basic_string@_WU?$char_traits@_W@std@@V?$allocator@_W@2@@std@@QBEIPB_WII@Z 1000df40 f i dealImg.obj
 0001:0000cfc0       ?assign@?$basic_string@_WU?$char_traits@_W@std@@V?$allocator@_W@2@@std@@QAEAAV12@PB_WI@Z 1000dfc0 f i dealImg.obj
 0001:0000d0c0       ?_Assign_rv@?$basic_string@_WU?$char_traits@_W@std@@V?$allocator@_W@2@@std@@QAEX$$QAV12@@Z 1000e0c0 f i dealImg.obj
 0001:0000d120       ?_Tidy@?$basic_string@DU?$char_traits@D@std@@V?$allocator@D@2@@std@@QAEX_NI@Z 1000e120 f i dealImg.obj
 0001:0000d170       ?assign@?$basic_string@DU?$char_traits@D@std@@V?$allocator@D@2@@std@@QAEAAV12@ID@Z 1000e170 f i dealImg.obj
 0001:0000d240       ?assign@?$basic_string@DU?$char_traits@D@std@@V?$allocator@D@2@@std@@QAEAAV12@ABV12@II@Z 1000e240 f i dealImg.obj
 0001:0000d350       ?append@?$basic_string@DU?$char_traits@D@std@@V?$allocator@D@2@@std@@QAEAAV12@ID@Z 1000e350 f i dealImg.obj
 0001:0000d400       ?append@?$basic_string@DU?$char_traits@D@std@@V?$allocator@D@2@@std@@QAEAAV12@ABV12@II@Z 1000e400 f i dealImg.obj
 0001:0000d500       ?_Reallocate@?$vector@HV?$allocator@H@std@@@std@@IAEXI@Z 1000e500 f i dealImg.obj
 0001:0000d500       ?_Reallocate@?$vector@PAVFCImageEffect@@V?$allocator@PAVFCImageEffect@@@std@@@std@@IAEXI@Z 1000e500 f i dealImg.obj
 0001:0000d500       ?_Reallocate@?$vector@PBVFCObjImage@@V?$allocator@PBVFCObjImage@@@std@@@std@@IAEXI@Z 1000e500 f i dealImg.obj
 0001:0000d500       ?_Reallocate@?$vector@PAVFCObjImage@@V?$allocator@PAVFCObjImage@@@std@@@std@@IAEXI@Z 1000e500 f i dealImg.obj
 0001:0000d500       ?_Reallocate@?$vector@UtagRGBQUAD@@V?$allocator@UtagRGBQUAD@@@std@@@std@@IAEXI@Z 1000e500 f i dealImg.obj
 0001:0000d5a0       ?allocate@?$_Wrap_alloc@V?$allocator@E@std@@@std@@QAEPAEI@Z 1000e5a0 f i dealImg.obj
 0001:0000d5a0       ?allocate@?$_Wrap_alloc@V?$allocator@D@std@@@std@@QAEPADI@Z 1000e5a0 f i dealImg.obj
 0001:0000d600       ?_Reallocate@?$vector@V?$basic_string@DU?$char_traits@D@std@@V?$allocator@D@2@@std@@V?$allocator@V?$basic_string@DU?$char_traits@D@std@@V?$allocator@D@2@@std@@@2@@std@@IAEXI@Z 1000e600 f i dealImg.obj
 0001:0000d6a0       ?deallocate@?$_Wrap_alloc@V?$allocator@_W@std@@@std@@QAEXPA_WI@Z 1000e6a0 f i dealImg.obj
 0001:0000d700       ?deallocate@?$_Wrap_alloc@V?$allocator@D@std@@@std@@QAEXPADI@Z 1000e700 f i dealImg.obj
 0001:0000d760       ?assign@?$basic_string@_WU?$char_traits@_W@std@@V?$allocator@_W@2@@std@@QAEAAV12@ABV12@II@Z 1000e760 f i dealImg.obj
 0001:0000d880       ?_Copy@?$basic_string@DU?$char_traits@D@std@@V?$allocator@D@2@@std@@QAEXII@Z 1000e880 f i dealImg.obj
 0001:0000d930       ?_Chassign@?$basic_string@DU?$char_traits@D@std@@V?$allocator@D@2@@std@@QAEXIID@Z 1000e930 f i dealImg.obj
 0001:0000d980       ?erase@?$basic_string@DU?$char_traits@D@std@@V?$allocator@D@2@@std@@QAEAAV12@II@Z 1000e980 f i dealImg.obj
 0001:0000da20       ?allocate@?$allocator@N@std@@QAEPANI@Z 1000ea20 f i dealImg.obj
 0001:0000da90       ?allocate@?$allocator@U_GUID@@@std@@QAEPAU_GUID@@I@Z 1000ea90 f i dealImg.obj
 0001:0000db00       ?allocate@?$allocator@UtagRGBQUAD@@@std@@QAEPAUtagRGBQUAD@@I@Z 1000eb00 f i dealImg.obj
 0001:0000db00       ?allocate@?$allocator@H@std@@QAEPAHI@Z 1000eb00 f i dealImg.obj
 0001:0000db00       ?allocate@?$allocator@PBVFCObjImage@@@std@@QAEPAPBVFCObjImage@@I@Z 1000eb00 f i dealImg.obj
 0001:0000db00       ?allocate@?$allocator@PAVFCImageEffect@@@std@@QAEPAPAVFCImageEffect@@I@Z 1000eb00 f i dealImg.obj
 0001:0000db00       ?allocate@?$allocator@PAVFCObjImage@@@std@@QAEPAPAVFCObjImage@@I@Z 1000eb00 f i dealImg.obj
 0001:0000db70       ?allocate@?$allocator@V?$basic_string@DU?$char_traits@D@std@@V?$allocator@D@2@@std@@@std@@QAEPAV?$basic_string@DU?$char_traits@D@std@@V?$allocator@D@2@@2@I@Z 1000eb70 f i dealImg.obj
 0001:0000dbe0       ?_Copy@?$basic_string@_WU?$char_traits@_W@std@@V?$allocator@_W@2@@std@@QAEXII@Z 1000ebe0 f i dealImg.obj
 0001:0000dc90       ?erase@?$basic_string@_WU?$char_traits@_W@std@@V?$allocator@_W@2@@std@@QAEAAV12@II@Z 1000ec90 f i dealImg.obj
 0001:0000dd40       ?allocate@?$allocator@_W@std@@QAEPA_WI@Z 1000ed40 f i dealImg.obj
 0001:0000ddb0       ??$use_facet@V?$ctype@D@std@@@std@@YAABV?$ctype@D@0@ABVlocale@0@@Z 1000edb0 f i dealImg.obj
 0001:0000deb0       ??$_Immortalize@V_Iostream_error_category@std@@@std@@YAAAV_Iostream_error_category@0@XZ 1000eeb0 f i dealImg.obj
 0001:0000df20       ??$_Destroy_range@U?$_Wrap_alloc@V?$allocator@V?$basic_string@DU?$char_traits@D@std@@V?$allocator@D@2@@std@@@std@@@std@@@std@@YAXPAV?$basic_string@DU?$char_traits@D@std@@V?$allocator@D@2@@0@0AAU?$_Wrap_alloc@V?$allocator@V?$basic_string@DU?$char_traits@D@std@@V?$allocator@D@2@@std@@@std@@@0@@Z 1000ef20 f i dealImg.obj
 0001:0000df90       ?compare@?$basic_string@_WU?$char_traits@_W@std@@V?$allocator@_W@2@@std@@QBEHPB_W@Z 1000ef90 f i dealImg.obj
 0001:0000e020       ?widen@?$basic_ios@DU?$char_traits@D@std@@@std@@QBEDD@Z 1000f020 f i dealImg.obj
 0001:0000e090       ??$_Uninitialized_move_al_unchecked1@PAV?$basic_string@DU?$char_traits@D@std@@V?$allocator@D@2@@std@@PAV12@V?$allocator@V?$basic_string@DU?$char_traits@D@std@@V?$allocator@D@2@@std@@@2@@std@@YAPAV?$basic_string@DU?$char_traits@D@std@@V?$allocator@D@2@@0@PAV10@00AAU?$_Wrap_alloc@V?$allocator@V?$basic_string@DU?$char_traits@D@std@@V?$allocator@D@2@@std@@@std@@@0@U_General_ptr_iterator_tag@0@@Z 1000f090 f i dealImg.obj
 0001:0000e15b       __imp_load_?GetCurrent@Isolate@v8@@SAPAV12@XZ 1000f15b f   node:node.exe
 0001:0000e165       __tailMerge_node_exe       1000f165 f i node:node.exe
 0001:0000e176       __imp_load_??1HandleScope@v8@@QAE@XZ 1000f176 f   node:node.exe
 0001:0000e180       __imp_load_??0HandleScope@v8@@QAE@PAVIsolate@1@@Z 1000f180 f   node:node.exe
 0001:0000e18a       __imp_load_?GetFunction@FunctionTemplate@v8@@QAE?AV?$Local@VFunction@v8@@@2@XZ 1000f18a f   node:node.exe
 0001:0000e194       __imp_load_?New@FunctionTemplate@v8@@SA?AV?$Local@VFunctionTemplate@v8@@@2@PAVIsolate@2@P6AXABV?$FunctionCallbackInfo@VValue@v8@@@2@@ZV?$Local@VValue@v8@@@2@V?$Local@VSignature@v8@@@2@H@Z 1000f194 f   node:node.exe
 0001:0000e19e       __imp_load_?NewFromUtf8@String@v8@@SA?AV?$Local@VString@v8@@@2@PAVIsolate@2@PBDW4NewStringType@12@H@Z 1000f19e f   node:node.exe
 0001:0000e1a8       __imp_load_?GetIsolate@Object@v8@@QAEPAVIsolate@2@XZ 1000f1a8 f   node:node.exe
 0001:0000e1b2       __imp_load_?Set@Object@v8@@QAE_NV?$Local@VValue@v8@@@2@0@Z 1000f1b2 f   node:node.exe
 0001:0000e1bc       __imp_load_?SetName@Function@v8@@QAEXV?$Local@VString@v8@@@2@@Z 1000f1bc f   node:node.exe
 0001:0000e1c6       __imp_load__node_module_register 1000f1c6 f   node:node.exe
 0001:0000e1d0       __imp_load__uv_queue_work  1000f1d0 f   node:node.exe
 0001:0000e1da       __imp_load_?Global@Context@v8@@QAE?AV?$Local@VObject@v8@@@2@XZ 1000f1da f   node:node.exe
 0001:0000e1e4       __imp_load_?New@Signature@v8@@SA?AV?$Local@VSignature@v8@@@2@PAVIsolate@2@V?$Local@VFunctionTemplate@v8@@@2@@Z 1000f1e4 f   node:node.exe
 0001:0000e1ee       __imp_load_?ThrowException@Isolate@v8@@QAE?AV?$Local@VValue@v8@@@2@V32@@Z 1000f1ee f   node:node.exe
 0001:0000e1f8       __imp_load_?GetCurrentContext@Isolate@v8@@QAE?AV?$Local@VContext@v8@@@2@XZ 1000f1f8 f   node:node.exe
 0001:0000e202       __imp_load_?CreateHandle@HandleScope@v8@@KAPAPAVObject@internal@2@PAVIsolate@42@PAV342@@Z 1000f202 f   node:node.exe
 0001:0000e20c       __imp_load_?Set@Template@v8@@QAEXV?$Local@VName@v8@@@2@V?$Local@VData@v8@@@2@W4PropertyAttribute@2@@Z 1000f20c f   node:node.exe
 0001:0000e216       __imp_load_?TypeError@Exception@v8@@SA?AV?$Local@VValue@v8@@@2@V?$Local@VString@v8@@@2@@Z 1000f216 f   node:node.exe
 0001:0000e220       __imp_load_?SetClassName@FunctionTemplate@v8@@QAEXV?$Local@VString@v8@@@2@@Z 1000f220 f   node:node.exe
 0001:0000e22a       __imp_load_?PrototypeTemplate@FunctionTemplate@v8@@QAE?AV?$Local@VObjectTemplate@v8@@@2@XZ 1000f22a f   node:node.exe
 0001:0000e234       __imp_load_?InstanceTemplate@FunctionTemplate@v8@@QAE?AV?$Local@VObjectTemplate@v8@@@2@XZ 1000f234 f   node:node.exe
 0001:0000e23e       __imp_load_?ClearWeak@V8@v8@@CAPAXPAPAVObject@internal@2@@Z 1000f23e f   node:node.exe
 0001:0000e248       __imp_load_?MakeWeak@V8@v8@@CAXPAPAVObject@internal@2@PAXP6AXABV?$WeakCallbackData@VValue@v8@@X@2@@Z@Z 1000f248 f   node:node.exe
 0001:0000e252       __imp_load_?DisposeGlobal@V8@v8@@CAXPAPAVObject@internal@2@@Z 1000f252 f   node:node.exe
 0001:0000e25c       __imp_load_?GlobalizeReference@V8@v8@@CAPAPAVObject@internal@2@PAVIsolate@42@PAPAV342@@Z 1000f25c f   node:node.exe
 0001:0000e266       __imp_load_?IsNumber@Value@v8@@QBE_NXZ 1000f266 f   node:node.exe
 0001:0000e270       __imp_load_?New@Number@v8@@SA?AV?$Local@VNumber@v8@@@2@PAVIsolate@2@N@Z 1000f270 f   node:node.exe
 0001:0000e27a       __imp_load_?Value@Number@v8@@QBENXZ 1000f27a f   node:node.exe
 0001:0000e284       __imp_load_?SlowGetAlignedPointerFromInternalField@Object@v8@@AAEPAXH@Z 1000f284 f   node:node.exe
 0001:0000e28e       __imp_load_?SetAlignedPointerInInternalField@Object@v8@@QAEXHPAX@Z 1000f28e f   node:node.exe
 0001:0000e298       __imp_load_?InternalFieldCount@Object@v8@@QAEHXZ 1000f298 f   node:node.exe
 0001:0000e2a2       __imp_load_?Call@Function@v8@@QAE?AV?$Local@VValue@v8@@@2@V32@HQAV32@@Z 1000f2a2 f   node:node.exe
 0001:0000e2ac       __imp_load_?NewInstance@Function@v8@@QBE?AV?$Local@VObject@v8@@@2@HQAV?$Local@VValue@v8@@@2@@Z 1000f2ac f   node:node.exe
 0001:0000e2b6       __imp_load_?SetInternalFieldCount@ObjectTemplate@v8@@QAEXH@Z 1000f2b6 f   node:node.exe
 0001:0000e2c0       __imp_load_?Data@Buffer@node@@YAPADV?$Local@VObject@v8@@@v8@@@Z 1000f2c0 f   node:node.exe
 0001:0000e2ca       __imp_load_?Length@Buffer@node@@YAIV?$Local@VObject@v8@@@v8@@@Z 1000f2ca f   node:node.exe
 0001:0000e2d4       __imp_load__uv_default_loop 1000f2d4 f   node:node.exe
 0001:0000e2de       __imp_load_?ToObject@Value@v8@@QBE?AV?$Local@VObject@v8@@@2@XZ 1000f2de f   node:node.exe
 0001:0000e2e8       __imp_load_?ToNumber@Value@v8@@QBE?AV?$Local@VNumber@v8@@@2@XZ 1000f2e8 f   node:node.exe
 0001:0000e2f2       ??0_Init_locks@std@@QAE@XZ 1000f2f2 f   libcpmt:xlock.obj
 0001:0000e31f       ??0_Lockit@std@@QAE@H@Z    1000f31f f   libcpmt:xlock.obj
 0001:0000e350       ??1_Init_locks@std@@QAE@XZ 1000f350 f   libcpmt:xlock.obj
 0001:0000e377       ??1_Lockit@std@@QAE@XZ     1000f377 f   libcpmt:xlock.obj
 0001:0000e396       ??$_Fgetc@D@std@@YA_NAADPAU_iobuf@@@Z 1000f396 f i libcpmt:cout.obj
 0001:0000e3b6       ??$_Fputc@D@std@@YA_NDPAU_iobuf@@@Z 1000f3b6 f i libcpmt:cout.obj
 0001:0000e3d2       ??$_Ungetc@D@std@@YA_NABDPAU_iobuf@@@Z 1000f3d2 f i libcpmt:cout.obj
 0001:0000e3f0       ??$use_facet@V?$codecvt@DDU_Mbstatet@@@std@@@std@@YAABV?$codecvt@DDU_Mbstatet@@@0@ABVlocale@0@@Z 1000f3f0 f i libcpmt:cout.obj
 0001:0000e48d       ??0?$basic_ostream@DU?$char_traits@D@std@@@std@@QAE@PAV?$basic_streambuf@DU?$char_traits@D@std@@@1@_N@Z 1000f48d f i libcpmt:cout.obj
 0001:0000e4f4       ??0?$basic_streambuf@DU?$char_traits@D@std@@@std@@IAE@XZ 1000f4f4 f i libcpmt:cout.obj
 0001:0000e53b       ??0?$fpos@U_Mbstatet@@@std@@QAE@U_Mbstatet@@_J@Z 1000f53b f i libcpmt:cout.obj
 0001:0000e563       ??0_Init_cout@std@@QAE@XZ  1000f563 f i libcpmt:cout.obj
 0001:0000e5bc       ??0bad_cast@std@@QAE@ABV01@@Z 1000f5bc f i libcpmt:cout.obj
 0001:0000e5d7       ??0bad_cast@std@@QAE@XZ    1000f5d7 f i libcpmt:cout.obj
 0001:0000e5ef       ??0exception@std@@QAE@ABV01@@Z 1000f5ef f i libcpmt:cout.obj
 0001:0000e61b       ??0exception@std@@QAE@QBD@Z 1000f61b f i libcpmt:cout.obj
 0001:0000e652       ??1?$basic_filebuf@DU?$char_traits@D@std@@@std@@UAE@XZ 1000f652 f i libcpmt:cout.obj
 0001:0000e6ac       ??1?$basic_ios@DU?$char_traits@D@std@@@std@@UAE@XZ 1000f6ac f i libcpmt:cout.obj
 0001:0000e6ee       ??1?$basic_streambuf@DU?$char_traits@D@std@@@std@@UAE@XZ 1000f6ee f i libcpmt:cout.obj
 0001:0000e70f       ??1bad_cast@std@@UAE@XZ    1000f70f f i libcpmt:cout.obj
 0001:0000e70f       ??1out_of_range@std@@UAE@XZ 1000f70f f i libcpmt:xthrow.obj
 0001:0000e70f       ??1bad_alloc@std@@UAE@XZ   1000f70f f i libcpmt:xthrow.obj
 0001:0000e70f       ??1bad_array_new_length@std@@UAE@XZ 1000f70f f i LIBCMT:throw_bad_alloc.obj
 0001:0000e70f       ??1bad_exception@std@@UAE@XZ 1000f70f f i libvcruntime:frame.obj
 0001:0000e70f       ??1length_error@std@@UAE@XZ 1000f70f f i libcpmt:xthrow.obj
 0001:0000e720       ??_D?$basic_ostream@DU?$char_traits@D@std@@@std@@QAEXXZ 1000f720 f i libcpmt:cout.obj
 0001:0000e780       ??_E?$basic_ostream@DU?$char_traits@D@std@@@std@@$4PPPPPPPM@A@AEPAXI@Z 1000f780 f i libcpmt:cout.obj
 0001:0000e788       ??_E?$basic_filebuf@DU?$char_traits@D@std@@@std@@UAEPAXI@Z 1000f788 f i libcpmt:cout.obj
 0001:0000e788       ??_G?$basic_filebuf@DU?$char_traits@D@std@@@std@@UAEPAXI@Z 1000f788 f i libcpmt:cout.obj
 0001:0000e7aa       ??_G?$basic_ios@DU?$char_traits@D@std@@@std@@UAEPAXI@Z 1000f7aa f i libcpmt:cout.obj
 0001:0000e7aa       ??_E?$basic_ios@DU?$char_traits@D@std@@@std@@UAEPAXI@Z 1000f7aa f i libcpmt:cout.obj
 0001:0000e804       ??_G?$basic_ostream@DU?$char_traits@D@std@@@std@@UAEPAXI@Z 1000f804 f i libcpmt:cout.obj
 0001:0000e804       ??_E?$basic_ostream@DU?$char_traits@D@std@@@std@@UAEPAXI@Z 1000f804 f i libcpmt:cout.obj
 0001:0000e829       ??_G?$basic_streambuf@DU?$char_traits@D@std@@@std@@UAEPAXI@Z 1000f829 f i libcpmt:cout.obj
 0001:0000e829       ??_E?$basic_streambuf@DU?$char_traits@D@std@@@std@@UAEPAXI@Z 1000f829 f i libcpmt:cout.obj
 0001:0000e84b       ??_G?$codecvt@DDU_Mbstatet@@@std@@MAEPAXI@Z 1000f84b f i libcpmt:cout.obj
 0001:0000e84b       ??_E?$codecvt@DDU_Mbstatet@@@std@@MAEPAXI@Z 1000f84b f i libcpmt:cout.obj
 0001:0000e86e       ??_Ebad_alloc@std@@UAEPAXI@Z 1000f86e f i libcpmt:xthrow.obj
 0001:0000e86e       ??_Gout_of_range@std@@UAEPAXI@Z 1000f86e f i libcpmt:xthrow.obj
 0001:0000e86e       ??_Glogic_error@std@@UAEPAXI@Z 1000f86e f i libcpmt:xthrow.obj
 0001:0000e86e       ??_Ebad_array_new_length@std@@UAEPAXI@Z 1000f86e f i LIBCMT:throw_bad_alloc.obj
 0001:0000e86e       ??_Elength_error@std@@UAEPAXI@Z 1000f86e f i libcpmt:xthrow.obj
 0001:0000e86e       ??_Gbad_array_new_length@std@@UAEPAXI@Z 1000f86e f i LIBCMT:throw_bad_alloc.obj
 0001:0000e86e       ??_Gbad_cast@std@@UAEPAXI@Z 1000f86e f i libcpmt:cout.obj
 0001:0000e86e       ??_Ebad_exception@std@@UAEPAXI@Z 1000f86e f i libvcruntime:frame.obj
 0001:0000e86e       ??_Gexception@std@@UAEPAXI@Z 1000f86e f i libcpmt:cout.obj
 0001:0000e86e       ??_Elogic_error@std@@UAEPAXI@Z 1000f86e f i libcpmt:xthrow.obj
 0001:0000e86e       ??_Gbad_exception@std@@UAEPAXI@Z 1000f86e f i libvcruntime:frame.obj
 0001:0000e86e       ??_Eexception@std@@UAEPAXI@Z 1000f86e f i libcpmt:cout.obj
 0001:0000e86e       ??_Ebad_cast@std@@UAEPAXI@Z 1000f86e f i libcpmt:cout.obj
 0001:0000e86e       ??_Gbad_alloc@std@@UAEPAXI@Z 1000f86e f i libcpmt:xthrow.obj
 0001:0000e86e       ??_Glength_error@std@@UAEPAXI@Z 1000f86e f i libcpmt:xthrow.obj
 0001:0000e86e       ??_Eout_of_range@std@@UAEPAXI@Z 1000f86e f i libcpmt:xthrow.obj
 0001:0000e89b       ??_Gios_base@std@@UAEPAXI@Z 1000f89b f i libcpmt:cout.obj
 0001:0000e89b       ??_Eios_base@std@@UAEPAXI@Z 1000f89b f i libcpmt:cout.obj
 0001:0000e8f5       ?_Endwrite@?$basic_filebuf@DU?$char_traits@D@std@@@std@@IAE_NXZ 1000f8f5 f i libcpmt:cout.obj
 0001:0000ea13       ?_Getcat@?$codecvt@DDU_Mbstatet@@@std@@SAIPAPBVfacet@locale@2@PBV42@@Z 1000fa13 f i libcpmt:cout.obj
 0001:0000ea7b       ?_Init@?$basic_filebuf@DU?$char_traits@D@std@@@std@@IAEXPAU_iobuf@@W4_Initfl@12@@Z 1000fa7b f i libcpmt:cout.obj
 0001:0000eaf9       ?_Init@?$basic_streambuf@DU?$char_traits@D@std@@@std@@IAEXXZ 1000faf9 f i libcpmt:cout.obj
 0001:0000eb3d       ?_Init@ios_base@std@@IAEXXZ 1000fb3d f i libcpmt:cout.obj
 0001:0000eba3       ?_Initcvt@?$basic_filebuf@DU?$char_traits@D@std@@@std@@IAEXPBV?$codecvt@DDU_Mbstatet@@@2@@Z 1000fba3 f i libcpmt:cout.obj
 0001:0000ebd9       ?_Lock@?$basic_filebuf@DU?$char_traits@D@std@@@std@@UAEXXZ 1000fbd9 f i libcpmt:cout.obj
 0001:0000ebe9       ?_Reset_back@?$basic_filebuf@DU?$char_traits@D@std@@@std@@AAEXXZ 1000fbe9 f i libcpmt:cout.obj
 0001:0000ec0c       ?_Set_back@?$basic_filebuf@DU?$char_traits@D@std@@@std@@AAEXXZ 1000fc0c f i libcpmt:cout.obj
 0001:0000ec42       ?_Unlock@?$basic_filebuf@DU?$char_traits@D@std@@@std@@UAEXXZ 1000fc42 f i libcpmt:cout.obj
 0001:0000ec52       ?close@?$basic_filebuf@DU?$char_traits@D@std@@@std@@QAEPAV12@XZ 1000fc52 f i libcpmt:cout.obj
 0001:0000ecb1       ?do_in@?$codecvt@DDU_Mbstatet@@@std@@MBEHAAU_Mbstatet@@PBD1AAPBDPAD3AAPAD@Z 1000fcb1 f i libcpmt:cout.obj
 0001:0000ecb1       ?do_out@?$codecvt@DDU_Mbstatet@@@std@@MBEHAAU_Mbstatet@@PBD1AAPBDPAD3AAPAD@Z 1000fcb1 f i libcpmt:cout.obj
 0001:0000eccb       ?do_length@?$codecvt@DDU_Mbstatet@@@std@@MBEHAAU_Mbstatet@@PBD1I@Z 1000fccb f i libcpmt:cout.obj
 0001:0000ece3       ?do_unshift@?$codecvt@DDU_Mbstatet@@@std@@MBEHAAU_Mbstatet@@PAD1AAPAD@Z 1000fce3 f i libcpmt:cout.obj
 0001:0000ecf4       ?imbue@?$basic_filebuf@DU?$char_traits@D@std@@@std@@MAEXABVlocale@2@@Z 1000fcf4 f i libcpmt:cout.obj
 0001:0000ed10       ?init@?$basic_ios@DU?$char_traits@D@std@@@std@@IAEXPAV?$basic_streambuf@DU?$char_traits@D@std@@@2@_N@Z 1000fd10 f i libcpmt:cout.obj
 0001:0000ed59       ?overflow@?$basic_filebuf@DU?$char_traits@D@std@@@std@@MAEHH@Z 1000fd59 f i libcpmt:cout.obj
 0001:0000eef7       ?overflow@?$basic_streambuf@DU?$char_traits@D@std@@@std@@MAEHH@Z 1000fef7 f i libcpmt:cout.obj
 0001:0000eef7       ?pbackfail@?$basic_streambuf@DU?$char_traits@D@std@@@std@@MAEHH@Z 1000fef7 f i libcpmt:cout.obj
 0001:0000eefd       ?pbackfail@?$basic_filebuf@DU?$char_traits@D@std@@@std@@MAEHH@Z 1000fefd f i libcpmt:cout.obj
 0001:0000ef84       ?seekoff@?$basic_filebuf@DU?$char_traits@D@std@@@std@@MAE?AV?$fpos@U_Mbstatet@@@2@_JHH@Z 1000ff84 f i libcpmt:cout.obj
 0001:0000f045       ?seekoff@?$basic_streambuf@DU?$char_traits@D@std@@@std@@MAE?AV?$fpos@U_Mbstatet@@@2@_JHH@Z 10010045 f i libcpmt:cout.obj
 0001:0000f06f       ?seekpos@?$basic_filebuf@DU?$char_traits@D@std@@@std@@MAE?AV?$fpos@U_Mbstatet@@@2@V32@H@Z 1001006f f i libcpmt:cout.obj
 0001:0000f12f       ?seekpos@?$basic_streambuf@DU?$char_traits@D@std@@@std@@MAE?AV?$fpos@U_Mbstatet@@@2@V32@H@Z 1001012f f i libcpmt:cout.obj
 0001:0000f159       ?setbuf@?$basic_filebuf@DU?$char_traits@D@std@@@std@@MAEPAV?$basic_streambuf@DU?$char_traits@D@std@@@2@PAD_J@Z 10010159 f i libcpmt:cout.obj
 0001:0000f1a7       ?setbuf@?$basic_streambuf@DU?$char_traits@D@std@@@std@@MAEPAV12@PAD_J@Z 100101a7 f i libcpmt:cout.obj
 0001:0000f1ac       ?showmanyc@?$basic_streambuf@DU?$char_traits@D@std@@@std@@MAE_JXZ 100101ac f i libcpmt:cout.obj
 0001:0000f1b1       ?sync@?$basic_filebuf@DU?$char_traits@D@std@@@std@@MAEHXZ 100101b1 f i libcpmt:cout.obj
 0001:0000f1e9       ?uflow@?$basic_filebuf@DU?$char_traits@D@std@@@std@@MAEHXZ 100101e9 f i libcpmt:cout.obj
 0001:0000f388       ?uflow@?$basic_streambuf@DU?$char_traits@D@std@@@std@@MAEHXZ 10010388 f i libcpmt:cout.obj
 0001:0000f3ba       ?underflow@?$basic_filebuf@DU?$char_traits@D@std@@@std@@MAEHXZ 100103ba f i libcpmt:cout.obj
 0001:0000f408       ?underflow@?$basic_streambuf@DU?$char_traits@D@std@@@std@@MAEHXZ 10010408 f i libcpmt:cout.obj
 0001:0000f40c       ?what@exception@std@@UBEPBDXZ 1001040c f i libcpmt:cout.obj
 0001:0000f419       ?xsgetn@?$basic_streambuf@DU?$char_traits@D@std@@@std@@MAE_JPAD_J@Z 10010419 f i libcpmt:cout.obj
 0001:0000f512       ?xsputn@?$basic_streambuf@DU?$char_traits@D@std@@@std@@MAE_JPBD_J@Z 10010512 f i libcpmt:cout.obj
 0001:0000f68c       ??0_Locimp@locale@std@@AAE@_N@Z 1001068c f i libcpmt:locale0.obj
 0001:0000f6cf       ??1_Fac_node@std@@QAE@XZ   100106cf f i libcpmt:locale0.obj
 0001:0000f72e       ??1_Fac_tidy_reg_t@std@@QAE@XZ 1001072e f i libcpmt:locale0.obj
 0001:0000f755       ??1_Locimp@locale@std@@MAE@XZ 10010755 f i libcpmt:locale0.obj
 0001:0000f7b0       ??4?$_Yarn@D@std@@QAEAAV01@PBD@Z 100107b0 f i libcpmt:locale0.obj
 0001:0000f804       ??_G_Locimp@locale@std@@MAEPAXI@Z 10010804 f i libcpmt:locale0.obj
 0001:0000f804       ??_E_Locimp@locale@std@@MAEPAXI@Z 10010804 f i libcpmt:locale0.obj
 0001:0000f826       ?_Facet_Register@std@@YAXPAV_Facet_base@1@@Z 10010826 f   libcpmt:locale0.obj
 0001:0000f854       ?_Getgloballocale@locale@std@@CAPAV_Locimp@12@XZ 10010854 f   libcpmt:locale0.obj
 0001:0000f85a       ?_Init@locale@std@@CAPAV_Locimp@12@_N@Z 1001085a f   libcpmt:locale0.obj
 0001:0000f8e8       ?_Locimp_dtor@_Locimp@locale@std@@CAXPAV123@@Z 100108e8 f   libcpmt:locale0.obj
 0001:0000f95d       ?_Locinfo_ctor@_Locinfo@std@@SAXPAV12@PBD@Z 1001095d f   libcpmt:locale0.obj
 0001:0000f9a8       ?_Locinfo_dtor@_Locinfo@std@@SAXPAV12@@Z 100109a8 f   libcpmt:locale0.obj
 0001:0000f9ca       ?_New_Locimp@_Locimp@locale@std@@CAPAV123@_N@Z 100109ca f   libcpmt:locale0.obj
 0001:0000f9ef       ?_Setgloballocale@locale@std@@CAXPAX@Z 100109ef f   libcpmt:locale0.obj
 0001:0000fa17       __Deletegloballocale       10010a17 f   libcpmt:locale0.obj
 0001:0000fa7c       ??0bad_alloc@std@@QAE@ABV01@@Z 10010a7c f i libcpmt:xthrow.obj
 0001:0000fa97       ??0bad_alloc@std@@QAE@XZ   10010a97 f i libcpmt:xthrow.obj
 0001:0000faaf       ??0length_error@std@@QAE@ABV01@@Z 10010aaf f i libcpmt:xthrow.obj
 0001:0000faca       ??0length_error@std@@QAE@PBD@Z 10010aca f i libcpmt:xthrow.obj
 0001:0000faeb       ??0logic_error@std@@QAE@ABV01@@Z 10010aeb f i libcpmt:xthrow.obj
 0001:0000fb06       ??0out_of_range@std@@QAE@ABV01@@Z 10010b06 f i libcpmt:xthrow.obj
 0001:0000fb21       ??0out_of_range@std@@QAE@PBD@Z 10010b21 f i libcpmt:xthrow.obj
 0001:0000fb42       ?_Xlength_error@std@@YAXPBD@Z 10010b42 f   libcpmt:xthrow.obj
 0001:0000fb62       ?_Xout_of_range@std@@YAXPBD@Z 10010b62 f   libcpmt:xthrow.obj
 0001:0000fb82       ?_Syserror_map@std@@YAPBDH@Z 10010b82 f   libcpmt:syserror.obj
 0001:0000fba7       __Getctype                 10010ba7 f   libcpmt:_tolower.obj
 0001:0000fc12       __Tolower                  10010c12 f   libcpmt:_tolower.obj
 0001:0000fd0c       __Toupper                  10010d0c f   libcpmt:_toupper.obj
 0001:0000fe06       __Mtxdst                   10010e06 f   libcpmt:xmtx.obj
 0001:0000fe14       __Mtxinit                  10010e14 f   libcpmt:xmtx.obj
 0001:0000fe2b       __Mtxlock                  10010e2b f   libcpmt:xmtx.obj
 0001:0000fe39       __Mtxunlock                10010e39 f   libcpmt:xmtx.obj
 0001:0000fe47       ?_Addstd@ios_base@std@@SAXPAV12@@Z 10010e47 f   libcpmt:ios.obj
 0001:0000fe98       ?_Callfns@ios_base@std@@AAEXW4event@12@@Z 10010e98 f i libcpmt:ios.obj
 0001:0000feca       ?_Ios_base_dtor@ios_base@std@@CAXPAV12@@Z 10010eca f   libcpmt:ios.obj
 0001:0000ff0a       ?_Tidy@ios_base@std@@AAEXXZ 10010f0a f i libcpmt:ios.obj
 0001:0000ff52       ??1_Init_atexit@@QAE@XZ    10010f52 f i libcpmt:iosptrs.obj
 0001:0000ffb6       ?_Atexit@@YAXP6AXXZ@Z      10010fb6 f   libcpmt:iosptrs.obj
 0001:0000ffe4       ___crtLCMapStringA         10010fe4 f   libcpmt:StlLCMapStringA.obj
 0001:000101f2       __freea_crt                100111f2 f i libcpmt:StlLCMapStringA.obj
 0001:000105ba       ___crtInitializeCriticalSectionEx 100115ba f   libcpmt:winapisupp.obj
 0001:000105f2       _GetTableIndexFromLocaleName 100115f2 f   libcpmt:winapinls.obj
 0001:00010640       ___crtDownlevelLocaleNameToLCID 10011640 f   libcpmt:winapinls.obj
 0001:0001066a       ___crtLCMapStringEx        1001166a f   libcpmt:winapinls.obj
 0001:000106c0       ___wcsnicmp_ascii          100116c0 f   libcpmt:winapinls.obj
 0001:00010733       ??0CAtlBaseModule@ATL@@QAE@XZ 10011733 f   atls:atlbase.obj
 0001:00010786       ??0_ATL_BASE_MODULE70@ATL@@QAE@XZ 10011786 f i atls:atlbase.obj
 0001:000107a9       ??1CAtlBaseModule@ATL@@QAE@XZ 100117a9 f   atls:atlbase.obj
 0001:000107bf       ?RemoveAll@?$CSimpleArray@PAUHINSTANCE__@@V?$CSimpleArrayEqualHelper@PAUHINSTANCE__@@@ATL@@@ATL@@QAEXXZ 100117bf f i atls:atlbase.obj
 0001:000107dc       ??3@YAXPAX@Z               100117dc f   LIBCMT:delete_scalar.obj
 0001:000107e1       @__security_check_cookie@4 100117e1 f   LIBCMT:_secchk_.obj
 0001:000108b2       ??$__crt_fast_encode_pointer@PAP6AXXZ@@YAPAP6AXXZQAP6AXXZ@Z 100118b2 f i LIBCMT:utility.obj
 0001:000108b2       ??$__crt_fast_encode_pointer@P6GHPAU_RTL_CONDITION_VARIABLE@@PAU_RTL_CRITICAL_SECTION@@K@Z@@YAP6GHPAU_RTL_CONDITION_VARIABLE@@PAU_RTL_CRITICAL_SECTION@@K@ZQ6GH01K@Z@Z 100118b2 f i LIBCMT:thread_safe_statics.obj
 0001:000108b2       ??$__crt_fast_encode_pointer@P6GXPAU_RTL_CONDITION_VARIABLE@@@Z@@YAP6GXPAU_RTL_CONDITION_VARIABLE@@@ZQ6GX0@Z@Z 100118b2 f i LIBCMT:thread_safe_statics.obj
 0001:000108b2       ??$__crt_fast_encode_pointer@PAX@@YAPAXQAX@Z 100118b2 f i libvcruntime:winapi_downlevel.obj
 0001:000108eb       __Init_thread_footer       100118eb f   LIBCMT:thread_safe_statics.obj
 0001:0001092a       __Init_thread_header       1001192a f   LIBCMT:thread_safe_statics.obj
 0001:00010970       __Init_thread_lock         10011970 f   LIBCMT:thread_safe_statics.obj
 0001:0001097c       __Init_thread_notify       1001197c f   LIBCMT:thread_safe_statics.obj
 0001:000109bd       __Init_thread_unlock       100119bd f   LIBCMT:thread_safe_statics.obj
 0001:000109c9       __Init_thread_wait         100119c9 f   LIBCMT:thread_safe_statics.obj
 0001:00010a72       ___scrt_acquire_startup_lock 10011a72 f   LIBCMT:utility.obj
 0001:00010aa7       ___scrt_dllmain_after_initialize_c 10011aa7 f   LIBCMT:utility.obj
 0001:00010ad2       ___scrt_dllmain_before_initialize_c 10011ad2 f   LIBCMT:utility.obj
 0001:00010ae0       ___scrt_dllmain_crt_thread_attach 10011ae0 f   LIBCMT:utility.obj
 0001:00010aff       ___scrt_dllmain_crt_thread_detach 10011aff f   LIBCMT:utility.obj
 0001:00010b0c       ___scrt_dllmain_exception_filter 10011b0c f   LIBCMT:utility.obj
 0001:00010b3f       ___scrt_dllmain_uninitialize_c 10011b3f f   LIBCMT:utility.obj
 0001:00010b62       ___scrt_dllmain_uninitialize_critical 10011b62 f   LIBCMT:utility.obj
 0001:00010b6f       ___scrt_initialize_crt     10011b6f f   LIBCMT:utility.obj
 0001:00010ba8       ___scrt_initialize_onexit_tables 10011ba8 f   LIBCMT:utility.obj
 0001:00010c3f       ___scrt_is_nonwritable_in_current_image 10011c3f f   LIBCMT:utility.obj
 0001:00010ccc       ___scrt_release_startup_lock 10011ccc f   LIBCMT:utility.obj
 0001:00010ce9       ___scrt_uninitialize_crt   10011ce9 f   LIBCMT:utility.obj
 0001:00010d11       __onexit                   10011d11 f   LIBCMT:utility.obj
 0001:00010d4c       _atexit                    10011d4c f   LIBCMT:utility.obj
 0001:00010d61       ??3@YAXPAXI@Z              10011d61 f   LIBCMT:delete_scalar_size.obj
 0001:00010d6f       ??_V@YAXPAX@Z              10011d6f f   LIBCMT:delete_array.obj
 0001:00010d74       ??2@YAPAXI@Z               10011d74 f   LIBCMT:new_scalar.obj
 0001:00010da7       ??_U@YAPAXI@Z              10011da7 f   LIBCMT:new_array.obj
 0001:00010db0       ??_Gtype_info@@UAEPAXI@Z   10011db0 f i LIBCMT:std_type_info_static.obj
 0001:00010db0       ??_Etype_info@@UAEPAXI@Z   10011db0 f i LIBCMT:std_type_info_static.obj
 0001:000110fb       __DllMainCRTStartup@12     100120fb f   LIBCMT:dll_dllmain.obj
 0001:0001111e       @_guard_check_icall@4      1001211e f i LIBCMT:checkcfg.obj
 0001:00011124       __EH_epilog3               10012124 f   LIBCMT:ehprolg3.obj
 0001:00011139       __EH_epilog3_GS            10012139 f   LIBCMT:ehprolg3.obj
 0001:0001114a       __EH_prolog3               1001214a f   LIBCMT:ehprolg3.obj
 0001:0001117e       __EH_prolog3_GS            1001217e f   LIBCMT:ehprolg3.obj
 0001:000111b5       __EH_prolog3_catch         100121b5 f   LIBCMT:ehprolg3.obj
 0001:000111f0       __alloca_probe_16          100121f0 f   LIBCMT:alloca16.obj
 0001:00011206       __alloca_probe_8           10012206     LIBCMT:alloca16.obj
 0001:00011220       __allmul                   10012220 f   LIBCMT:llmul.obj
 0001:00011260       __aulldiv                  10012260 f   LIBCMT:ulldiv.obj
 0001:000112c8       ___raise_securityfailure   100122c8 f   LIBCMT:gs_report.obj
 0001:000112f0       ___report_gsfailure        100122f0 f   LIBCMT:gs_report.obj
 0001:000113eb       ___report_rangecheckfailure 100123eb f   LIBCMT:gs_report.obj
 0001:000113f7       ___report_securityfailure  100123f7 f   LIBCMT:gs_report.obj
 0001:000114c7       ___scrt_fastfail           100124c7 f   LIBCMT:utility_desktop.obj
 0001:000115e2       __crt_debugger_hook        100125e2 f   LIBCMT:utility_desktop.obj
 0001:000115ea       ___isa_available_init      100125ea f   LIBCMT:_cpu_disp_.obj
 0001:0001178b       ?do_encoding@codecvt_base@std@@MBEHXZ 1001278b f   libcpmt:cout.obj
 0001:0001178b       ?do_max_length@codecvt_base@std@@MBEHXZ 1001278b f   libcpmt:cout.obj
 0001:0001178b       __get_startup_argv_mode    1001278b f   LIBCMT:argv_mode.obj
 0001:0001178f       ___scrt_is_ucrt_dll_in_use 1001278f f   LIBCMT:ucrt_detection.obj
 0001:000117a0       __SEH_prolog4              100127a0 f   LIBCMT:_sehprolg4_.obj
 0001:000117e6       __SEH_epilog4              100127e6 f   LIBCMT:_sehprolg4_.obj
 0001:000117fb       ??0bad_array_new_length@std@@QAE@ABV01@@Z 100127fb f i LIBCMT:throw_bad_alloc.obj
 0001:00011816       ??0bad_array_new_length@std@@QAE@XZ 10012816 f i LIBCMT:throw_bad_alloc.obj
 0001:0001182e       ?__scrt_throw_std_bad_alloc@@YAXXZ 1001282e f   LIBCMT:throw_bad_alloc.obj
 0001:0001182e       ?_Xbad_alloc@std@@YAXXZ    1001282e f   libcpmt:xthrow.obj
 0001:0001184b       ?__scrt_throw_std_bad_array_new_length@@YAXXZ 1001284b f   LIBCMT:throw_bad_alloc.obj
 0001:00011868       ___security_init_cookie    10012868 f   LIBCMT:gs_support.obj
 0001:00011904       _DllMain@12                10012904 f   LIBCMT:dll_dllmain_stub.obj
 0001:0001190a       ?__scrt_initialize_type_info@@YAXXZ 1001290a f   LIBCMT:tncleanup.obj
 0001:00011916       ?__scrt_uninitialize_type_info@@YAXXZ 10012916 f   LIBCMT:tncleanup.obj
 0001:00011922       ___local_stdio_scanf_options 10012922 f i LIBCMT:default_local_stdio_options.obj
 0001:00011928       ___scrt_initialize_default_local_stdio_options 10012928 f   LIBCMT:default_local_stdio_options.obj
 0001:00011945       ___scrt_get_dyn_tls_init_callback 10012945 f   LIBCMT:dyn_tls_init.obj
 0001:0001194b       __RTC_Initialize           1001294b f   LIBCMT:_initsect_.obj
 0001:00011976       __RTC_Terminate            10012976 f   LIBCMT:_initsect_.obj
 0001:000119b0       __alloca_probe             100129b0 f   LIBCMT:chkstk.obj
 0001:000119b0       __chkstk                   100129b0 f   LIBCMT:chkstk.obj
 0001:000119e0       _memmove                   100129e0 f   libvcruntime:memmove.obj
 0001:00011f54       __get_purecall_handler     10012f54 f   libvcruntime:purevirt.obj
 0001:00011f73       __purecall                 10012f73 f   libvcruntime:purevirt.obj
 0001:00011f8e       ___DestructExceptionObject 10012f8e f   libvcruntime:frame.obj
 0001:00012022       ??0bad_exception@std@@QAE@ABV01@@Z 10013022 f i libvcruntime:frame.obj
 0001:0001203d       ??0bad_exception@std@@QAE@XZ 1001303d f i libvcruntime:frame.obj
 0001:00012867       ?_CallMemberFunction1@@YGXQAX00@Z 10013867 f i libvcruntime:frame.obj
 0001:00012867       ?_CallMemberFunction0@@YGXQAX0@Z 10013867 f i libvcruntime:frame.obj
 0001:00012867       ?_CallMemberFunction2@@YGXQAX00H@Z 10013867 f i libvcruntime:frame.obj
 0001:0001286e       ___AdjustPointer           1001386e f   libvcruntime:frame.obj
 0001:00012893       ___BuildCatchObject        10013893 f   libvcruntime:frame.obj
 0001:00012925       ___BuildCatchObjectHelper  10013925 f   libvcruntime:frame.obj
 0001:00012a57       ___FrameUnwindFilter       10013a57 f   libvcruntime:frame.obj
 0001:00012a9c       ___FrameUnwindToState      10013a9c f   libvcruntime:frame.obj
 0001:00012b64       ___InternalCxxFrameHandler 10013b64 f   libvcruntime:frame.obj
 0001:00012c60       ___TypeMatch               10013c60 f   libvcruntime:frame.obj
 0001:00012cee       ___std_terminate           10013cee f   libvcruntime:frame.obj
 0001:00012cf3       ___std_exception_copy      10013cf3 f   libvcruntime:std_exception.obj
 0001:00012d56       ___std_exception_destroy   10013d56 f   libvcruntime:std_exception.obj
 0001:00012d75       __CxxThrowException@8      10013d75 f   libvcruntime:throw.obj
 0001:00012de3       ?_CallCatchBlock2@@YAPAXPAUEHRegistrationNode@@PBU_s_FuncInfo@@PAXHK@Z 10013de3 f   libvcruntime:trnsctrl.obj
 0001:00012e43       ?_CallSETranslator@@YAHPAUEHExceptionRecord@@PAUEHRegistrationNode@@PAX2PBU_s_FuncInfo@@H1@Z 10013e43 f   libvcruntime:trnsctrl.obj
 0001:00012f20       ?_GetRangeOfTrysToCheck@@YAPBU_s_TryBlockMapEntry@@PBU_s_FuncInfo@@HHPAI1@Z 10013f20 f   libvcruntime:trnsctrl.obj
 0001:00012f98       ?_JumpToContinuation@@YGXPAXPAUEHRegistrationNode@@@Z 10013f98 f   libvcruntime:trnsctrl.obj
 0001:00012fca       ?_UnwindNestedFrames@@YGXPAUEHRegistrationNode@@PAUEHExceptionRecord@@@Z 10013fca f   libvcruntime:trnsctrl.obj
 0001:0001301f       __CatchGuardHandler        1001401f f   libvcruntime:trnsctrl.obj
 0001:00013050       __CreateFrameInfo          10014050 f   libvcruntime:trnsctrl.obj
 0001:00013074       __FindAndUnlinkFrame       10014074 f   libvcruntime:trnsctrl.obj
 0001:000130be       __IsExceptionObjectToBeDestroyed 100140be f   libvcruntime:trnsctrl.obj
 0001:000130e4       __TranslatorGuardHandler   100140e4 f   libvcruntime:trnsctrl.obj
 0001:00013183       ___CxxFrameHandler3        10014183 f   libvcruntime:trnsctrl.obj
 0001:000131c0       _memcpy                    100141c0 f   libvcruntime:memcpy.obj
 0001:00013740       _memset                    10014740 f   libvcruntime:memset.obj
 0001:000138a0       _memchr                    100148a0 f   libvcruntime:memchr.obj
 0001:0001394d       _memcmp                    1001494d f   libvcruntime:_memcmp_.obj
 0001:000151ee       ___vcrt_EventRegister      100161ee f   libvcruntime:winapi_downlevel.obj
 0001:0001522e       ___vcrt_EventSetInformation 1001622e f   libvcruntime:winapi_downlevel.obj
 0001:00015271       ___vcrt_EventUnregister    10016271 f   libvcruntime:winapi_downlevel.obj
 0001:000152ab       ___vcrt_EventWriteTransfer 100162ab f   libvcruntime:winapi_downlevel.obj
 0001:000152f4       ___vcrt_FlsAlloc           100162f4 f   libvcruntime:winapi_downlevel.obj
 0001:0001532e       ___vcrt_FlsFree            1001632e f   libvcruntime:winapi_downlevel.obj
 0001:00015368       ___vcrt_FlsGetValue        10016368 f   libvcruntime:winapi_downlevel.obj
 0001:000153a2       ___vcrt_FlsSetValue        100163a2 f   libvcruntime:winapi_downlevel.obj
 0001:000153df       ___vcrt_InitializeCriticalSectionEx 100163df f   libvcruntime:winapi_downlevel.obj
 0001:00015425       ___vcrt_initialize_winapi_thunks 10016425 f   libvcruntime:winapi_downlevel.obj
 0001:00015449       ___vcrt_uninitialize_winapi_thunks 10016449 f   libvcruntime:winapi_downlevel.obj
 0001:0001547b       ___vcrt_initialize         1001647b f   libvcruntime:initialization.obj
 0001:000154a9       ___vcrt_thread_attach      100164a9 f   libvcruntime:initialization.obj
 0001:000154b4       ___vcrt_thread_detach      100164b4 f   libvcruntime:initialization.obj
 0001:000154bf       ___vcrt_uninitialize       100164bf f   libvcruntime:initialization.obj
 0001:000154e3       ___vcrt_uninitialize_critical 100164e3 f   libvcruntime:initialization.obj
 0001:00015530       __except_handler4          10016530 f   libvcruntime:_chandler4_.obj
 0001:000156c4       ___telemetry_main_invoke_trigger 100166c4 f   libvcruntime:telemetry.obj
 0001:00015760       ___telemetry_main_return_trigger 10016760 f   libvcruntime:telemetry.obj
 0001:000157fc       ___vcrt_initialize_telemetry_provider 100167fc f   libvcruntime:telemetry.obj
 0001:0001580f       ___vcrt_uninitialize_telemetry_provider 1001680f f   libvcruntime:telemetry.obj
 0001:0001581b       ___std_type_info_compare   1001681b f   libvcruntime:std_type_info.obj
 0001:00015857       ___std_type_info_destroy_list 10016857 f   libvcruntime:std_type_info.obj
 0001:0001587a       ___vcrt_initialize_pure_virtual_call_handler 1001687a f   libvcruntime:purevirt_data.obj
 0001:00015897       _unexpected                10016897 f   libvcruntime:unexpected.obj
 0001:000158b3       ___vcrt_freefls@4          100168b3 f   libvcruntime:per_thread_data.obj
 0001:000158cf       ___vcrt_freeptd            100168cf f   libvcruntime:per_thread_data.obj
 0001:00015905       ___vcrt_getptd             10016905 f   libvcruntime:per_thread_data.obj
 0001:00015913       ___vcrt_getptd_noexit      10016913 f   libvcruntime:per_thread_data.obj
 0001:000159a5       ___vcrt_initialize_ptd     100169a5 f   libvcruntime:per_thread_data.obj
 0001:000159d8       ___vcrt_uninitialize_ptd   100169d8 f   libvcruntime:per_thread_data.obj
 0001:00015a00       __CallSettingFrame@12      10016a00 f   libvcruntime:lowhelpr.obj
 0001:00015a27       __NLG_Return               10016a27     libvcruntime:lowhelpr.obj
 0001:00015a4c       ___vcrt_initialize_locks   10016a4c f   libvcruntime:locks.obj
 0001:00015a88       ___vcrt_uninitialize_locks 10016a88 f   libvcruntime:locks.obj
 0001:00015ac0       __local_unwind4            10016ac0 f   libvcruntime:_exsup4_.obj
 0001:00015b96       __seh_longjmp_unwind4@4    10016b96 f   libvcruntime:_exsup4_.obj
 0001:00015bbe       @_EH4_CallFilterFunc@8     10016bbe f   libvcruntime:_exsup4_.obj
 0001:00015bd5       @_EH4_TransferToHandler@8  10016bd5 f   libvcruntime:_exsup4_.obj
 0001:00015bee       @_EH4_GlobalUnwind2@8      10016bee f   libvcruntime:_exsup4_.obj
 0001:00015c07       @_EH4_LocalUnwind@16       10016c07 f   libvcruntime:_exsup4_.obj
 0001:00015c20       __global_unwind2           10016c20 f   libvcruntime:_exsup_.obj
 0001:00015c85       __local_unwind2            10016c85 f   libvcruntime:_exsup_.obj
 0001:00015d09       __abnormal_termination     10016d09 f   libvcruntime:_exsup_.obj
 0001:00015d2c       __NLG_Notify1              10016d2c f   libvcruntime:_exsup_.obj
 0001:00015d35       __NLG_Notify               10016d35 f   libvcruntime:_exsup_.obj
 0001:00015d4c       __NLG_Dispatch             10016d4c     libvcruntime:_exsup_.obj
 0001:00015d4c       __NLG_Dispatch2            10016d4c     libvcruntime:_exsup_.obj
 0001:00015d54       __NLG_Call                 10016d54 f   libvcruntime:_exsup_.obj
 0001:00015d56       __NLG_Return2              10016d56     libvcruntime:_exsup_.obj
 0001:00015d57       _free                      10016d57 f   libucrt:free.obj
 0001:00015d5c       _abort                     10016d5c f   libucrt:abort.obj
 0001:00015d9f       ___acrt_call_reportfault   10016d9f f   libucrt:invalid_parameter.obj
 0001:00015eda       ___acrt_initialize_invalid_parameter_handler 10016eda f   libucrt:invalid_parameter.obj
 0001:00015eee       __invalid_parameter        10016eee f   libucrt:invalid_parameter.obj
 0001:00015f69       __invalid_parameter_noinfo 10016f69 f   libucrt:invalid_parameter.obj
 0001:00015f79       __invalid_parameter_noinfo_noreturn 10016f79 f   libucrt:invalid_parameter.obj
 0001:00015f96       __invoke_watson            10016f96 f   libucrt:invalid_parameter.obj
 0001:00016113       ??0_LocaleUpdate@@QAE@QAU__crt_locale_pointers@@@Z 10017113 f i libucrt:tolower_toupper.obj
 0001:000161b3       __chvalidchk_l             100171b3 f i libucrt:tolower_toupper.obj
 0001:000161dd       __ischartype_l             100171dd f i libucrt:tolower_toupper.obj
 0001:00016210       __tolower_l                10017210 f   libucrt:tolower_toupper.obj
 0001:0001622a       _tolower                   1001722a f   libucrt:tolower_toupper.obj
 0001:0001625a       _rand                      1001725a f   libucrt:rand.obj
 0001:00016280       _strcspn                   10017280 f   libucrt:strcspn.obj
 0001:000162c6       ??$?RV<lambda_ab9923ffb5d694ec0d78876dd103e44f>@@AAV<lambda_481dd5778c961fbcd3b60b650e9b9dc4>@@V<lambda_7923d86c9e3f319b415918ec4b39749c>@@@?$__crt_seh_guarded_call@H@@QAEH$$QAV<lambda_ab9923ffb5d694ec0d78876dd103e44f>@@AAV<lambda_481dd5778c961fbcd3b60b650e9b9dc4>@@$$QAV<lambda_7923d86c9e3f319b415918ec4b39749c>@@@Z 100172c6 f i libucrt:output.obj
 0001:00016317       ??$__acrt_lock_stream_and_call@V<lambda_481dd5778c961fbcd3b60b650e9b9dc4>@@@@YAHQAU_iobuf@@$$QAV<lambda_481dd5778c961fbcd3b60b650e9b9dc4>@@@Z 10017317 f i libucrt:output.obj
 0001:000164c4       ??$count@D@formatting_buffer@__crt_stdio_output@@QBEIXZ 100174c4 f i libucrt:output.obj
 0001:000164dc       ??$ensure_buffer_is_big_enough@D@formatting_buffer@__crt_stdio_output@@QAE_NI@Z 100174dc f i libucrt:output.obj
[...]
 0002:0000fe98       __sehtable$??$?RV<lambda_c76fdea48760d5f9368b465f31df4405>@@AAV<lambda_e378711a6f6581bf7f0efd7cdf97f5d9>@@V<lambda_e927a58b2a85c081d733e8c6192ae2d2>@@@?$__crt_seh_guarded_call@X@@QAEX$$QAV<lambda_c76fdea48760d5f9368b465f31df4405>@@AAV<lambda_e378711a6f6581bf7f0efd7cdf97f5d9>@@$$QAV<lambda_e927a58b2a85c081d733e8c6192ae2d2>@@@Z 1003fe98     libucrt:wsetlocale.obj
 0002:0000feb8       __sehtable$___acrt_initialize_lowio 1003feb8     libucrt:ioinit.obj
 0002:0000fed8       __sehtable$??$?RV<lambda_9227be29367c048ad7fd93a717dcb1a1>@@AAV<lambda_a463b7b0560cfcaf9b17f27c6ef46564>@@V<lambda_ccea11b5727ccf69be64f5f5d9a08d9f>@@@?$__crt_seh_guarded_call@H@@QAEH$$QAV<lambda_9227be29367c048ad7fd93a717dcb1a1>@@AAV<lambda_a463b7b0560cfcaf9b17f27c6ef46564>@@$$QAV<lambda_ccea11b5727ccf69be64f5f5d9a08d9f>@@@Z 1003fed8     libucrt:winapi_thunks.obj
 0002:0000fef8       __sehtable$__fcloseall     1003fef8     libucrt:closeall.obj
 0002:0000ff18       __sehtable$??$?RV<lambda_123407a5e2ac06da108355a851863b7a>@@AAV<lambda_2fe9b910cf3cbf4a0ab98a02ba45b3ec>@@V<lambda_ae55bdf541ad94d75914d381c370e64d>@@@?$__crt_seh_guarded_call@H@@QAEH$$QAV<lambda_123407a5e2ac06da108355a851863b7a>@@AAV<lambda_2fe9b910cf3cbf4a0ab98a02ba45b3ec>@@$$QAV<lambda_ae55bdf541ad94d75914d381c370e64d>@@@Z 1003ff18     libucrt:close.obj
 0002:0000ff38       __sehtable$??$?RV<lambda_61cee617f5178ae960314fd4d05640a0>@@AAV<lambda_6978c1fb23f02e42e1d9e99668cc68aa>@@V<lambda_9cd88cf8ad10232537feb2133f08c833>@@@?$__crt_seh_guarded_call@H@@QAEH$$QAV<lambda_61cee617f5178ae960314fd4d05640a0>@@AAV<lambda_6978c1fb23f02e42e1d9e99668cc68aa>@@$$QAV<lambda_9cd88cf8ad10232537feb2133f08c833>@@@Z 1003ff38     libucrt:commit.obj
 0002:0000ff58       __sehtable$__write         1003ff58     libucrt:write.obj
 0002:0000ff78       __sehtable$??$common_ftell@_J@@YA_JV__crt_stdio_stream@@@Z 1003ff78     libucrt:ftell.obj
 0002:0000ff98       __sehtable$??$common_lseek@_J@@YA_JH_JH@Z 1003ff98     libucrt:lseek.obj
 0002:0000ffb8       __sehtable$___acrt_update_thread_multibyte_data 1003ffb8     libucrt:mbctype.obj
 0002:0000ffd8       __sehtable$??$?RV<lambda_978dc153c237d78434369da87b74ff60>@@AAV<lambda_ad1ced32f4ac17aa236e5ef05d6b3b7c>@@V<lambda_4a8533e2866a575feecb8298ce776b0d>@@@?$__crt_seh_guarded_call@X@@QAEX$$QAV<lambda_978dc153c237d78434369da87b74ff60>@@AAV<lambda_ad1ced32f4ac17aa236e5ef05d6b3b7c>@@$$QAV<lambda_4a8533e2866a575feecb8298ce776b0d>@@@Z 1003ffd8     libucrt:mbctype.obj
 0002:0000fff8       __sehtable$___acrt_update_thread_locale_data 1003fff8     libucrt:locale_refcounting.obj
 0002:00010018       __sehtable$___acrt_lowio_ensure_fh_exists 10040018     libucrt:osfinfo.obj
 0002:00010038       __sehtable$__read          10040038     libucrt:read.obj
 0002:00010058       __sehtable$__IsNonwritableInCurrentImage 10040058     LIBCMT:pesect.obj
 0002:00010b70       .edata                     10040b70     dealImg.exp
 0002:00010b98       rgpv                       10040b98     dealImg.exp
 0002:00010b9c       rgszName                   10040b9c     dealImg.exp
 0002:00010ba0       rgwOrd                     10040ba0     dealImg.exp
 0002:00010ba2       szName                     10040ba2     dealImg.exp
 0002:00010baf       $N00001                    10040baf     dealImg.exp
 0002:00010f86       .idata$6                   10040f86     kernel32:KERNEL32.dll
 0002:00010fa4       .idata$6                   10040fa4     user32:USER32.dll
 0002:00011080       .idata$6                   10041080     gdi32:GDI32.dll
 0002:000110a2       .idata$6                   100410a2     ole32:ole32.dll
 0002:00011326       .idata$6                   10041326     GdiPlus:gdiplus.dll
 0002:00011340       .idata$6                   10041340     Msimg32:MSIMG32.dll
 0002:0001186a       .idata$6                   1004186a     advapi32:ADVAPI32.dll
 0003:00000000       ?init@std@@3JA             10042000     libcpmt:xlock.obj
 0003:00000008       ?atcount_cdecl@@3IA        10042008     libcpmt:iosptrs.obj
 0003:00000090       ?_Tlg_Microsoft_CRTProviderProv@@3U_TlgProvider_t@__vcrt_trace_logging_provider@@A 10042090     libvcruntime:telemetry.obj
 0003:000000d0       ?__vcrt_flsindex@@3KA      100420d0     libvcruntime:per_thread_data.obj
 0003:0000015c       _errno_no_memory           1004215c     libucrt:errno.obj
 0003:00000160       _doserrno_no_memory        10042160     libucrt:errno.obj
 0003:00000220       ___acrt_flsindex           10042220     libucrt:per_thread_data.obj
 0003:00000224       __ctype_loc_style          10042224     libucrt:wsetlocale.obj
 0003:00000330       _tzstd_program             10042330     libucrt:timeset.obj
 0003:00000370       _tzdst_program             10042370     libucrt:timeset.obj
 0003:000003b0       _tzname_states             100423b0     libucrt:timeset.obj
 0003:000003b8       ___rgctypeflag             100423b8     libucrt:mbctype.obj
 0003:000003c0       ___rgcode_page_info        100423c0     libucrt:mbctype.obj
 0003:000009f0       __module                   100429f0     addon.obj
 0003:00000f38       ?initlocks@std@@3V_Init_locks@1@A 10042f38     libcpmt:xlock.obj
 0003:00000f40       ?mtx@std@@3PAU_RTL_CRITICAL_SECTION@@A 10042f40     libcpmt:xlock.obj
 0003:00001000       ?initlocks@@3V_Init_locks@std@@A 10043000     libcpmt:cout.obj
 0003:00001001       ?init_cout@std@@3U_Init_cout@1@A 10043001     libcpmt:cout.obj
 0003:00001058       ?fout@std@@3V?$basic_filebuf@DU?$char_traits@D@std@@@1@A 10043058     libcpmt:cout.obj
 0003:000010c0       _global_locale             100430c0     libcpmt:locale0.obj
 0003:000010c8       ?_Fac_head@std@@3PAU_Fac_node@1@A 100430c8     libcpmt:locale0.obj
 0003:000010e4       ?classic_locale@std@@3Vlocale@1@A 100430e4     libcpmt:locale0.obj
 0003:000010ec       ?_Fac_tidy_reg@std@@3U_Fac_tidy_reg_t@1@B 100430ec     libcpmt:locale0.obj
 0003:000010ed       ?registered@?1??_Setgloballocale@locale@std@@CAXPAX@Z@4_NA 100430ed     libcpmt:locale0.obj
 0003:000010f4       ?stdstr@std@@3PAPAVios_base@1@A 100430f4     libcpmt:ios.obj
 0003:0000111c       ?stdopens@std@@3PADA       1004311c     libcpmt:ios.obj
 0003:0000114c       ?atfuns_cdecl@@3PAP6AXXZA  1004314c     libcpmt:iosptrs.obj
 0003:00001174       ?initlocks@std@@3V_Init_locks@1@A 10043174     libcpmt:iosptrs.obj
 0003:00001175       ?init_atexit@@3U_Init_atexit@@A 10043175     libcpmt:iosptrs.obj
 0003:000012d4       ?_Tss_mutex@@3U_RTL_CRITICAL_SECTION@@A 100432d4     LIBCMT:thread_safe_statics.obj
 0003:000012ec       ?_Tss_cv@@3U_RTL_CONDITION_VARIABLE@@A 100432ec     LIBCMT:thread_safe_statics.obj
 0003:000012f0       ?_Tss_event@@3PAXA         100432f0     LIBCMT:thread_safe_statics.obj
 0003:000012f4       ?encoded_sleep_condition_variable_cs@@3P6GHPAU_RTL_CONDITION_VARIABLE@@PAU_RTL_CRITICAL_SECTION@@K@ZA 100432f4     LIBCMT:thread_safe_statics.obj
 0003:000012f8       ?encoded_wake_all_condition_variable@@3P6GXPAU_RTL_CONDITION_VARIABLE@@@ZA 100432f8     LIBCMT:thread_safe_statics.obj
 0003:00001304       ?module_local_atexit_table@@3U_onexit_table_t@@A 10043304     LIBCMT:utility.obj
 0003:00001310       ?module_local_at_quick_exit_table@@3U_onexit_table_t@@A 10043310     LIBCMT:utility.obj
 0003:0000131c       ?is_initialized_as_dll@@3_NA 1004331c     LIBCMT:utility.obj
 0003:00001320       ?__proc_attached@@3HA      10043320     LIBCMT:dll_dllmain.obj
 0003:00001328       _GS_ExceptionRecord        10043328     LIBCMT:gs_report.obj
 0003:00001378       _GS_ContextRecord          10043378     LIBCMT:gs_report.obj
 0003:0000166c       ?module_handles@@3PAPAUHINSTANCE__@@A 1004366c     libvcruntime:winapi_downlevel.obj
 0003:0000167c       ?encoded_function_pointers@@3PAPAXA 1004367c     libvcruntime:winapi_downlevel.obj
 0003:000016a4       ?__vcrt_startup_thread_ptd@@3U__vcrt_ptd@@A 100436a4     libvcruntime:per_thread_data.obj
 0003:000016cc       ___vcrt_lock_table         100436cc     libvcruntime:locks.obj
 0003:000016e4       ___vcrt_locks_initialized  100436e4     libvcruntime:locks.obj
 0003:00001710       ?heap@@3V_HeapManager@@A   10043710     libvcruntime:undname.obj
 0003:00001724       ___acrt_invalid_parameter_handler 10043724     libucrt:invalid_parameter.obj
 0003:00001730       ___acrt_lock_table         10043730     libucrt:locks.obj
 0003:00001868       ___acrt_locks_initialized  10043868     libucrt:locks.obj
 0003:00001878       _c_termination_complete    10043878     libucrt:exit.obj
 0003:0000187c       _thread_local_exit_callback_func 1004387c     libucrt:exit.obj
 0003:00001880       ?c_exit_complete@?5??common_exit@@YAXHW4_crt_exit_cleanup_mode@@W4_crt_exit_return_mode@@@Z@4_NA 10043880     libucrt:exit.obj
 0003:00001888       ?program_name@?5???$common_configure_argv@D@@YAHW4_crt_argv_mode@@@Z@4PADA 10043888     libucrt:argv_parsing.obj
 0003:000019b8       ___acrt_new_handler        100439b8     libucrt:new_handler.obj
 0003:000019bc       _ctrlc_action              100439bc     libucrt:signal.obj
 0003:000019c0       _ctrlbreak_action          100439c0     libucrt:signal.obj
 0003:000019c4       _abort_action              100439c4     libucrt:signal.obj
 0003:000019c8       _term_action               100439c8     libucrt:signal.obj
 0003:000019d4       _enable_percent_n          100439d4     libucrt:printf_count_output.obj
 0003:00001be4       ___acrt_app_type           10043be4     libucrt:report_runtime_error.obj
 0003:00001be8       ___acrt_error_mode         10043be8     libucrt:set_error_mode.obj
 0003:00001bf0       _module_handles            10043bf0     libucrt:winapi_thunks.obj
 0003:00001c40       _encoded_function_pointers 10043c40     libucrt:winapi_thunks.obj
 0003:00001cc0       ?static_enum_proc@?1??enum_system_locales_ex_nolock@@YAHQ6GHPA_WKJ@Z@Z@4P6GH0KJ@ZA 10043cc0     libucrt:winapi_thunks.obj
 0003:00001cc4       ?state_cache@?1??__acrt_is_packaged_app@@9@4JA 10043cc4     libucrt:winapi_thunks.obj
 0003:00001cc8       ___acrt_global_new_mode    10043cc8     libucrt:new_mode.obj
 0003:00001ce0       __tzname                   10043ce0     libucrt:timeset.obj
 0003:00001ce8       _tz_api_used               10043ce8     libucrt:tzset.obj
 0003:00001cf0       _tz_info                   10043cf0     libucrt:tzset.obj
 0003:00001db4       _fSystemSet                10043db4     libucrt:mbctype.obj
 0003:00001db8       ?initialized@?1??__acrt_initialize_multibyte@@9@4_NA 10043db8     libucrt:mbctype.obj
 0003:00001dd4       _user_matherr              10043dd4     libucrt:matherr.obj
 0003:00001dd8       __pmatherr_set             10043dd8     libucrt:libm_error.obj
 0003:00001dfc       ?GenericMonospaceFontFamilyBuffer@Gdiplus@@3PAEA 10043dfc     addon.obj
 0003:00001e04       ?GenericTypographicStringFormatBuffer@Gdiplus@@3PAEA 10043e04     addon.obj
 0003:00001e0c       ?GenericSansSerifFontFamilyBuffer@Gdiplus@@3PAEA 10043e0c     addon.obj
 0003:00001e14       ?GenericDefaultStringFormatBuffer@Gdiplus@@3PAEA 10043e14     addon.obj
 0003:00001e1c       ?GenericSerifFontFamilyBuffer@Gdiplus@@3PAEA 10043e1c     addon.obj
 0003:00001e24       ?GenericMonospaceFontFamilyBuffer@Gdiplus@@3PAEA 10043e24     dealImg.obj
 0003:00001e2c       ?GenericTypographicStringFormatBuffer@Gdiplus@@3PAEA 10043e2c     dealImg.obj
 0003:00001e34       ?GenericSansSerifFontFamilyBuffer@Gdiplus@@3PAEA 10043e34     dealImg.obj
 0003:00001e3c       ?GenericDefaultStringFormatBuffer@Gdiplus@@3PAEA 10043e3c     dealImg.obj
 0003:00001e44       ?GenericSerifFontFamilyBuffer@Gdiplus@@3PAEA 10043e44     dealImg.obj
 0004:00000000       __guard_fids____dcrt_uninitialize_environments_nolock 10044000     libucrt:environment_initialization.obj
 0004:00000008       __guard_fids__             10044008     libucrt:initialization.obj
 0004:00000068       __guard_fids____acrt_initialize_ptd 10044068     libucrt:per_thread_data.obj
 0004:0000006c       __guard_fids__             1004406c     libucrt:wsetlocale.obj
 0004:00000084       __guard_fids_??$common_show_message_box@_W@@YAHQB_W0I@Z 10044084     libucrt:crtmbox.obj
 0004:00000088       __guard_fids_??$?RV<lambda_9227be29367c048ad7fd93a717dcb1a1>@@AAV<lambda_a463b7b0560cfcaf9b17f27c6ef46564>@@V<lambda_ccea11b5727ccf69be64f5f5d9a08d9f>@@@?$__crt_seh_guarded_call@H@@QAEH$$QAV<lambda_9227be29367c048ad7fd93a717dcb1a1>@@AAV<lambda_a463b7b0560cfcaf9b17f27c6ef46564>@@$$QAV<lambda_ccea11b5727ccf69be64f5f5d9a08d9f>@@@Z 10044088     libucrt:winapi_thunks.obj
 0004:0000008c       __guard_fids__             1004408c     libucrt:stdio_initializer.obj
 0004:00000090       __guard_fids__             10044090     libucrt:stdio_initializer.obj
 0004:00000094       __guard_fids_??$expand_argument_wildcards@D@@YAHQAD0AAV?$argument_list@D@?A0xb0e4b824@@@Z 10044094     libucrt:argv_wildcards.obj
 0004:00000098       __guard_fids__             10044098     libucrt:locale_initializer.obj
 0004:0000009c       __guard_fids__GetLocaleNameFromLangCountry 1004409c     libucrt:get_qualified_locale.obj
 0004:000000a0       __guard_fids__GetLocaleNameFromLanguage 100440a0     libucrt:get_qualified_locale.obj
 0004:000000a4       __guard_fids__GetLcidFromLangCountry 100440a4     libucrt:getqloc_downlevel.obj
 0004:000000a8       __guard_fids__GetLcidFromLanguage 100440a8     libucrt:getqloc_downlevel.obj
 0004:000000ac       __guard_fids__GetLcidFromCountry 100440ac     libucrt:getqloc_downlevel.obj
 0004:000000b0       __guard_fids__             100440b0     libucrt:sse2_initializer.obj
 0004:000000b4       __guard_fids____libm_error_support 100440b4     libucrt:libm_error.obj
 0004:000000b8       __guard_fids__             100440b8     libucrt:timeset_initializer.obj
 0004:000000bc       __guard_fids__             100440bc     libucrt:multibyte_initializer.obj
 0004:000000c0       __guard_fids__             100440c0     libucrt:console_output_initializer.obj
 0004:000000c4       __guard_fids_??__Einitlocks@std@@YAXXZ 100440c4     libcpmt:xlock.obj
 0004:000000c8       __guard_fids__             100440c8     libcpmt:xlock.obj
 0004:000000cc       __guard_fids_??__Einitlocks@@YAXXZ 100440cc     libcpmt:cout.obj
 0004:000000d0       __guard_fids_??__Efout@std@@YAXXZ 100440d0     libcpmt:cout.obj
 0004:000000d4       __guard_fids_??__Ecout@std@@YAXXZ 100440d4     libcpmt:cout.obj
 0004:000000d8       __guard_fids__             100440d8     libcpmt:cout.obj
 0004:000000e0       __guard_fids__             100440e0     libcpmt:cout.obj
 0004:000000e8       __guard_fids__             100440e8     libcpmt:cout.obj
 0004:000000f0       __guard_fids__             100440f0     libcpmt:cout.obj
 0004:000000f4       __guard_fids__             100440f4     libcpmt:cout.obj
 0004:00000100       __guard_fids__             10044100     libcpmt:cout.obj
 0004:0000012c       __guard_fids__             1004412c     libcpmt:cout.obj
 0004:00000144       __guard_fids__             10044144     libcpmt:cout.obj
 0004:0000014c       __guard_fids__             1004414c     libcpmt:cout.obj
 0004:00000154       __guard_fids__             10044154     libcpmt:cout.obj
 0004:0000016c       __guard_fids__             1004416c     libcpmt:cout.obj
 0004:00000174       __guard_fids__             10044174     libcpmt:cout.obj
 0004:00000178       __guard_fids__             10044178     libcpmt:cout.obj
 0004:000001b4       __guard_fids__             100441b4     libcpmt:cout.obj
 0004:000001f0       __guard_fids__             100441f0     libcpmt:cout.obj
 0004:000001f4       __guard_fids__             100441f4     libcpmt:cout.obj
 0004:000001f8       __guard_fids__             100441f8     libcpmt:cout.obj
 0004:00000220       __guard_fids__             10044220     libcpmt:cout.obj
 0004:00000224       __guard_fids__             10044224     libcpmt:cout.obj
 0004:00000228       __guard_fids__             10044228     libcpmt:cout.obj
 0004:0000022c       __guard_fids__             1004422c     libcpmt:cout.obj
 0004:00000230       __guard_fids__             10044230     libcpmt:cout.obj
 0004:00000234       __guard_fids__             10044234     libcpmt:cout.obj
 0004:00000238       __guard_fids_??__E_Fac_tidy_reg@std@@YAXXZ 10044238     libcpmt:locale0.obj
 0004:0000023c       __guard_fids_?_Setgloballocale@locale@std@@CAXPAX@Z 1004423c     libcpmt:locale0.obj
 0004:00000240       __guard_fids_??__Eclassic_locale@std@@YAXXZ 10044240     libcpmt:locale0.obj
 0004:00000244       __guard_fids__             10044244     libcpmt:locale0.obj
 0004:00000250       __guard_fids__             10044250     libcpmt:locale0.obj
 0004:00000254       __guard_fids__             10044254     libcpmt:locale0.obj
 0004:00000258       __guard_fids__             10044258     libcpmt:xthrow.obj
 0004:00000260       __guard_fids__             10044260     libcpmt:xthrow.obj
 0004:00000268       __guard_fids__             10044268     libcpmt:xthrow.obj
 0004:00000270       __guard_fids__             10044270     libcpmt:xthrow.obj
 0004:00000278       __guard_fids__             10044278     libcpmt:xthrow.obj
 0004:0000027c       __guard_fids__             1004427c     libcpmt:xthrow.obj
 0004:00000280       __guard_fids__             10044280     libcpmt:xthrow.obj
 0004:00000284       __guard_fids__             10044284     libcpmt:xthrow.obj
 0004:00000288       __guard_fids__             10044288     libcpmt:xthrow.obj
 0004:0000028c       __guard_fids__             1004428c     libcpmt:xthrow.obj
 0004:00000290       __guard_fids__             10044290     libcpmt:xthrow.obj
 0004:00000294       __guard_fids_??__Einitlocks@std@@YAXXZ 10044294     libcpmt:iosptrs.obj
 0004:00000298       __guard_fids_??__Einit_atexit@@YAXXZ 10044298     libcpmt:iosptrs.obj
 0004:0000029c       __guard_fids__             1004429c     libcpmt:iosptrs.obj
 0004:000002a0       __guard_fids__             100442a0     libcpmt:iosptrs.obj
 0004:000002a4       __guard_fids__             100442a4     libcpmt:winapisupp.obj
 0004:000002a8       __guard_fids__             100442a8     LIBCMT:thread_safe_statics.obj
 0004:000002ac       __guard_fids_?__scrt_initialize_thread_safe_statics@@YAHXZ 100442ac     LIBCMT:thread_safe_statics.obj
 0004:000002b0       __guard_fids__             100442b0     LIBCMT:std_type_info_static.obj
 0004:000002b4       __guard_fids_?dllmain_crt_process_attach@@YAHQAUHINSTANCE__@@QAX@Z 100442b4     LIBCMT:dll_dllmain.obj
 0004:000002bc       __guard_fids_?dllmain_dispatch@@YAHQAUHINSTANCE__@@KQAX@Z 100442bc     LIBCMT:dll_dllmain.obj
 0004:000002c0       __guard_fids__             100442c0     LIBCMT:throw_bad_alloc.obj
 0004:000002c8       __guard_fids__             100442c8     LIBCMT:throw_bad_alloc.obj
 0004:000002cc       __guard_fids__             100442cc     LIBCMT:throw_bad_alloc.obj
 0004:000002d0       __guard_fids__             100442d0     LIBCMT:guard_support.obj
 0004:000002d4       __guard_fids__             100442d4     libvcruntime:frame.obj
 0004:000002d8       __guard_fids__             100442d8     libvcruntime:frame.obj
 0004:000002e0       __guard_fids__             100442e0     libvcruntime:frame.obj
 0004:000002e4       __guard_fids__             100442e4     libvcruntime:frame.obj
 0004:000002e8       __guard_fids__             100442e8     libvcruntime:telemetry.obj
 0004:000002ec       __guard_fids_?TraceLoggingRegister@__vcrt_trace_logging_provider@@YAJPBU_TlgProvider_t@1@PBU_GUID@@P6GX1KE_K2PAU_EVENT_FILTER_DESCRIPTOR@@PAX@Z4@Z 100442ec     libvcruntime:telemetry.obj
 0004:000002f0       __guard_fids____vcrt_initialize_ptd 100442f0     libvcruntime:per_thread_data.obj
 0006:00000060       $R000000                   10046060     * linker generated manifest res *

 Exports

  ordinal    name

        1    __register_addon_
               exported name: _register_addon_
